The sound hardware is in use by another app.
Sound not available ( 2 ).
WON initialized.
Server module initialized.
World module initialized.
]echo V9X_nb-hl-rect_WARM
V9X_nb-hl-rect_WARM 
]timedemo mwd5
Playing demo from C:\SIERRA\HALF-LIFE/valve/mwd5.dem.
Couldn't open file overviews/c4a1b.txt. Using default values for overiew mode.
Couldn't open file overviews/c4a1b.txt. Using default values for overiew mode.
393 frames 26.106 seconds 15.054 fps
No demos listed with startdemos
]echo V9X_nb-hl-rect_RUN1
V9X_nb-hl-rect_RUN1 
]timedemo mwd5
Playing demo from C:\SIERRA\HALF-LIFE/valve/mwd5.dem.
Couldn't open file overviews/c4a1b.txt. Using default values for overiew mode.
393 frames 25.061 seconds 15.682 fps
]echo V9X_nb-hl-rect_RUN2
V9X_nb-hl-rect_RUN2 
]timedemo mwd5
Playing demo from C:\SIERRA\HALF-LIFE/valve/mwd5.dem.
Couldn't open file overviews/c4a1b.txt. Using default values for overiew mode.
393 frames 25.314 seconds 15.525 fps
]quit
World module shutdown.
WON shutdown.
Server module shutdown.
