The sound hardware is in use by another app.
Sound not available ( 2 ).
WON initialized.
Server module initialized.
World module initialized.
]echo V9X_prof-nosgis_WARM
V9X_prof-nosgis_WARM 
]timedemo mwd5
Playing demo from C:\SIERRA\HALF-LIFE/valve/mwd5.dem.
Couldn't open file overviews/c4a1b.txt. Using default values for overiew mode.
Couldn't open file overviews/c4a1b.txt. Using default values for overiew mode.
393 frames 22.795 seconds 17.241 fps
No demos listed with startdemos
]echo V9X_prof-nosgis_RUN1
V9X_prof-nosgis_RUN1 
]timedemo mwd5
Playing demo from C:\SIERRA\HALF-LIFE/valve/mwd5.dem.
Couldn't open file overviews/c4a1b.txt. Using default values for overiew mode.
393 frames 21.605 seconds 18.191 fps
]quit
World module shutdown.
WON shutdown.
Server module shutdown.
