998 pid=FFFDFB27 prim transform-ms=53 inside-ms=45 window-ms=73 assemble-ms=121 history-ms=20 fast=100109 clipped=29117 culled=29907
999 pid=FFFDFB27 paths batches/triangles untextured=14/28 hw=1268/44752 cpu=0/0 cpu-nonsquare=0/0 hw-refused=1225/66932
1000 pid=FFFDFB27 counters hwtex live=53 creates=1718 create-failed=858 evictions=858 uploads=860 upload-kb=38748 squared=789 alpha-dropped=14 stubs=0 failed r4=1225 r7=0 r8=0 other=0
1001 pid=FFFDFB27 hwtex create 01000100 levels=1 hr=8876017C
1002 pid=FFFDFB27 hwtex create 01000100 levels=1 hr=8876017C
1003 pid=FFFDFB27 hwtex create 00800080 levels=1 hr=8876017C
1004 pid=FFFDFB27 hwtex create 01000100 levels=1 hr=8876017C
1005 pid=FFFDFB27 hwtex create 01000100 levels=1 hr=8876017C
1006 pid=FFFDFB27 hwtex create 01000100 levels=1 hr=8876017C
1007 pid=FFFDFB27 hwtex create 01000100 levels=1 hr=8876017C
1008 pid=FFFDFB27 hwtex create 01000100 levels=1 hr=8876017C
1009 pid=FFFDFB27 hwtex create 01000100 levels=1 hr=8876017C
1010 pid=FFFDFB27 hwtex create 01000100 levels=1 hr=8876017C
1011 pid=FFFDFB27 hwtex create 01000100 levels=1 hr=8876017C
1012 pid=FFFDFB27 hwtex create 01000100 levels=1 hr=8876017C
1013 pid=FFFDFB27 hwtex create 01000100 levels=1 hr=8876017C
1014 pid=FFFDFB27 hwtex create 00800080 levels=1 hr=8876017C
1015 pid=FFFDFB27 hwtex create 01000100 levels=1 hr=8876017C
1016 pid=FFFDFB27 hwtex create 01000100 levels=1 hr=8876017C
1017 pid=FFFDFB27 hwtex create 01000100 levels=1 hr=8876017C
1018 pid=FFFDFB27 hwtex create 01000100 levels=1 hr=8876017C
1019 pid=FFFDFB27 hwtex create 01000100 levels=1 hr=8876017C
1020 pid=FFFDFB27 hwtex create 01000100 levels=1 hr=8876017C
1021 pid=FFFDFB27 hwtex create 01000100 levels=1 hr=8876017C
1022 pid=FFFDFB27 hwtex create 01000100 levels=1 hr=8876017C
1023 pid=FFFDFB27 hwtex create 01000100 levels=1 hr=8876017C
1024 pid=FFFDFB27 hwtex create 01000100 levels=1 hr=8876017C
1025 pid=FFFDFB27 hwtex create 00800080 levels=1 hr=8876017C
1026 pid=FFFDFB27 hwtex create 01000100 levels=1 hr=8876017C
1027 pid=FFFDFB27 hwtex create 01000100 levels=1 hr=8876017C
1028 pid=FFFDFB27 hwtex create 01000100 levels=1 hr=8876017C
1029 pid=FFFDFB27 hwtex create 01000100 levels=1 hr=8876017C
1030 pid=FFFDFB27 hwtex create 01000100 levels=1 hr=8876017C
1031 pid=FFFDFB27 hwtex create 01000100 levels=1 hr=8876017C
1032 pid=FFFDFB27 hwtex create 01000100 levels=1 hr=8876017C
1033 pid=FFFDFB27 DrvReleaseContext context=1 -> 1
1034 pid=FFFDFB27 paths batches/triangles untextured=25/50 hw=1268/44752 cpu=0/0 cpu-nonsquare=0/0 hw-refused=1374/74101
1035 pid=FFFDFB27 counters hwtex live=0 creates=1781 create-failed=890 evictions=890 uploads=891 upload-kb=41372 squared=810 alpha-dropped=25 stubs=0 failed r4=1374 r7=0 r8=0 other=28
1036 pid=FFFDFB27 DrvDeleteContext context=1 -> 1
1037 pid=FFFDFB27 detach slots-called=0 stub-calls=0
