The sound hardware is in use by another app.
Sound not available ( 2 ).
WON initialized.
Server module initialized.
World module initialized.
]echo V9X_nbprofd3d_WARM
V9X_nbprofd3d_WARM 
]timedemo mwd5
Playing demo from C:\SIERRA\HALF-LIFE/valve/mwd5.dem.
Couldn't open file overviews/c4a1b.txt. Using default values for overiew mode.
Couldn't open file overviews/c4a1b.txt. Using default values for overiew mode.
393 frames 15.418 seconds 25.490 fps
No demos listed with startdemos
]echo V9X_nbprofd3d_RUN
V9X_nbprofd3d_RUN 
]timedemo mwd5
Playing demo from C:\SIERRA\HALF-LIFE/valve/mwd5.dem.
Couldn't open file overviews/c4a1b.txt. Using default values for overiew mode.
393 frames 13.524 seconds 29.059 fps
]quit
World module shutdown.
WON shutdown.
Server module shutdown.
