The sound hardware is in use by another app.
Sound not available ( 2 ).
WON initialized.
Server module initialized.
World module initialized.
Playing demo from C:\SIERRA\HALF-LIFE/valve/v9xbench.dem.
Couldn't open file overviews/c1a1.txt. Using default values for overiew mode.
Couldn't open file overviews/c1a1.txt. Using default values for overiew mode.
notarget ON
1531 frames 39.401 seconds 38.857 fps
No demos listed with startdemos
]timedemo v9xbench
Playing demo from C:\SIERRA\HALF-LIFE/valve/v9xbench.dem.
Couldn't open file overviews/c1a1.txt. Using default values for overiew mode.
notarget ON
1530 frames 37.730 seconds 40.551 fps
]timedemo v9xbench
Playing demo from C:\SIERRA\HALF-LIFE/valve/v9xbench.dem.
Couldn't open file overviews/c1a1.txt. Using default values for overiew mode.
notarget ON
1530 frames 37.389 seconds 40.921 fps
]timedemo v9xbench
Playing demo from C:\SIERRA\HALF-LIFE/valve/v9xbench.dem.
Couldn't open file overviews/c1a1.txt. Using default values for overiew mode.
notarget ON
1530 frames 37.930 seconds 40.337 fps
]timedemo v9xbench
Playing demo from C:\SIERRA\HALF-LIFE/valve/v9xbench.dem.
Couldn't open file overviews/c1a1.txt. Using default values for overiew mode.
notarget ON
1530 frames 37.477 seconds 40.825 fps
