The sound hardware is in use by another app.
Sound not available ( 2 ).
WON initialized.
Server module initialized.
World module initialized.
]echo V9X_entry-sgis_WARM
V9X_entry-sgis_WARM 
]timedemo mwd5
Playing demo from C:\SIERRA\HALF-LIFE/valve/mwd5.dem.
Couldn't open file overviews/c4a1b.txt. Using default values for overiew mode.
Couldn't open file overviews/c4a1b.txt. Using default values for overiew mode.
393 frames 26.202 seconds 14.999 fps
No demos listed with startdemos
]echo V9X_entry-sgis_RUN1
V9X_entry-sgis_RUN1 
]timedemo mwd5
Playing demo from C:\SIERRA\HALF-LIFE/valve/mwd5.dem.
Couldn't open file overviews/c4a1b.txt. Using default values for overiew mode.
393 frames 25.074 seconds 15.674 fps
]echo V9X_entry-sgis_RUN2
V9X_entry-sgis_RUN2 
]timedemo mwd5
Playing demo from C:\SIERRA\HALF-LIFE/valve/mwd5.dem.
Couldn't open file overviews/c4a1b.txt. Using default values for overiew mode.
393 frames 25.556 seconds 15.378 fps
]quit
World module shutdown.
WON shutdown.
Server module shutdown.
