The sound hardware is in use by another app.
Sound not available ( 2 ).
WON initialized.
Server module initialized.
World module initialized.
]echo V9X_nf-nosgis_WARM
V9X_nf-nosgis_WARM 
]timedemo mwd5
Playing demo from C:\SIERRA\HALF-LIFE/valve/mwd5.dem.
Couldn't open file overviews/c4a1b.txt. Using default values for overiew mode.
Couldn't open file overviews/c4a1b.txt. Using default values for overiew mode.
393 frames 23.188 seconds 16.948 fps
No demos listed with startdemos
]echo V9X_nf-nosgis_RUN1
V9X_nf-nosgis_RUN1 
]timedemo mwd5
Playing demo from C:\SIERRA\HALF-LIFE/valve/mwd5.dem.
Couldn't open file overviews/c4a1b.txt. Using default values for overiew mode.
393 frames 22.293 seconds 17.629 fps
]echo V9X_nf-nosgis_RUN2
V9X_nf-nosgis_RUN2 
]timedemo mwd5
Playing demo from C:\SIERRA\HALF-LIFE/valve/mwd5.dem.
Couldn't open file overviews/c4a1b.txt. Using default values for overiew mode.
393 frames 22.593 seconds 17.395 fps
]quit
World module shutdown.
WON shutdown.
Server module shutdown.
