1 t=494172 attach census build=6561d08-dirty process=C:\PROGRAM FILES\DIABLO II SHAREWARE\DIABLO II.EXE
2 t=494172 board fb=4194304 tmu=4194304 tmus=1 maxtex=256 hardware=Voodoo3
3 t=494294 grGet #1 0000000F 00000004 024A53D4
4 t=494294 grGet pname=0F -> 1 (4 bytes)
5 t=494296 grGlideInit #1
6 t=494296 grSstSelect #1 00000000
7 t=494296 grGetString #1 000000A1
8 t=494296 grGetString #2 000000A3
9 t=494296 grGetString #3 000000A2
10 t=494296 grGetString #4 000000A4
11 t=494400 grSstWinOpen #1 00000160 00000007 00000000 00000002 00000000 00000002 00000000
12 t=494400 grGet #2 0000000A 00000004 0099EEF4
13 t=494400 grGet pname=0A -> 256 (4 bytes)
14 t=494400 grGet #3 0000000B 00000004 0099EEF0
15 t=494405 grGet pname=0B -> 3 (4 bytes)
16 t=494405 grGet #4 00000011 00000004 0099EEFC
17 t=494405 grGet pname=11 -> 1 (4 bytes)
18 t=494405 grGet #5 00000013 00000004 024A53C4
19 t=494405 grGet pname=13 -> 1 (4 bytes)
20 t=494405 grGet #6 00000024 00000004 024A53CC
21 t=494405 grGet pname=24 -> 8 (4 bytes)
22 t=494405 grGet #7 0000000E 00000004 0099EF00
23 t=494405 grGet pname=0E -> 0 (4 bytes)
24 t=494405 grCoordinateSpace #1 00000000
25 t=494405 grVertexLayout #1 00000001 00000000 00000001
26 t=494405 grVertexLayout #2 00000050 0000000C 00000001
27 t=494405 grVertexLayout #3 00000040 00000010 00000001
28 t=494405 grVertexLayout #4 00000030 00000008 00000001
29 t=494405 grDepthMask #1 00000000
30 t=494405 grColorMask #1 00000001 00000000
31 t=494405 grTexCombine #1 00000000 00000001 00000000 00000001 00000000 00000000 00000000
32 t=494405 grTexFilterMode #1 00000000 00000000 00000000
33 t=494405 grTexCombine #2 00000000 00000001 00000000 00000001 00000000 00000000 00000000
34 t=494405 grChromakeyValue #1 000000FF
35 t=494405 grTexMinAddress #1 00000000
36 t=494405 grTexMaxAddress #1 00000000
37 t=494405 grTexDownloadMipMap #1 00000000 00000000 00000003 024A17C0
38 t=494405 grTexDownloadMipMap info small=4 large=4 aspect=-1 format=05
39 t=494405 grTexDownloadMipMap #2 00000000 00000080 00000003 024A17C0
40 t=494405 grTexDownloadMipMap #3 00000000 00000100 00000003 024A17C0
41 t=494405 grTexDownloadMipMap #4 00000000 00000180 00000003 024A17C0
42 t=494405 grTexDownloadMipMap #5 00000000 00000200 00000003 024A17C0
43 t=494405 grTexDownloadMipMap #6 00000000 00000280 00000003 024A17C0
44 t=494405 grTexDownloadMipMap #7 00000000 00000300 00000003 024A17C0
45 t=494405 grTexDownloadMipMap #8 00000000 00000380 00000003 024A17C0
46 t=494405 grTexDownloadMipMap #9 00000000 00000400 00000003 024A17C0
47 t=494405 grTexDownloadMipMap #10 00000000 00000480 00000003 024A17C0
48 t=494410 grTexDownloadMipMap #11 00000000 00000500 00000003 024A17C0
49 t=494410 grTexDownloadMipMap #12 00000000 00000580 00000003 024A17C0
50 t=494410 grTexDownloadMipMap #13 00000000 00000600 00000003 024A17C0
51 t=494410 grTexDownloadMipMap #14 00000000 00000680 00000003 024A17C0
52 t=494410 grTexDownloadMipMap #15 00000000 00000700 00000003 024A17C0
53 t=494410 grTexDownloadMipMap #16 00000000 00000780 00000003 024A17C0
54 t=494410 grTexDownloadMipMap #17 00000000 00000800 00000003 024A17C0
55 t=494410 grTexDownloadMipMap #18 00000000 00000880 00000003 024A17C0
56 t=494410 grTexDownloadMipMap #19 00000000 00000900 00000003 024A17C0
57 t=494410 grTexDownloadMipMap #20 00000000 00000980 00000003 024A17C0
58 t=494410 grTexDownloadMipMap #21 00000000 00000A00 00000003 024A17C0
59 t=494410 grTexDownloadMipMap #22 00000000 00000A80 00000003 024A17C0
60 t=494410 grTexDownloadMipMap #23 00000000 00000B00 00000003 024A17C0
61 t=494410 grTexDownloadMipMap #24 00000000 00000B80 00000003 024A17C0
62 t=494410 grTexDownloadMipMap #25 00000000 00000C00 00000003 024A17C0
63 t=494410 grTexDownloadMipMap #26 00000000 00000C80 00000003 024A17C0
64 t=494410 grTexDownloadMipMap #27 00000000 00000D00 00000003 024A17C0
65 t=494410 grTexDownloadMipMap #28 00000000 00000D80 00000003 024A17C0
66 t=494410 grTexDownloadMipMap #29 00000000 00000E00 00000003 024A17C0
67 t=494410 grTexDownloadMipMap #30 00000000 00000E80 00000003 024A17C0
68 t=494410 grTexDownloadMipMap #31 00000000 00000F00 00000003 024A17C0
69 t=494410 grTexDownloadMipMap #32 00000000 00000F80 00000003 024A17C0
70 t=494410 grTexDownloadMipMap #33 00000000 00001000 00000003 024A17C0
71 t=494410 grTexDownloadMipMap #34 00000000 00001080 00000003 024A17C0
72 t=494410 grTexDownloadMipMap #35 00000000 00001100 00000003 024A17C0
73 t=494410 grTexDownloadMipMap #36 00000000 00001180 00000003 024A17C0
74 t=494410 grTexDownloadMipMap #37 00000000 00001200 00000003 024A17C0
75 t=494410 grTexDownloadMipMap #38 00000000 00001280 00000003 024A17C0
76 t=494410 grTexDownloadMipMap #39 00000000 00001300 00000003 024A17C0
77 t=494410 grTexDownloadMipMap #40 00000000 00001380 00000003 024A17C0
78 t=494410 grTexDownloadMipMap #41 00000000 00001400 00000003 024A17C0
79 t=494410 grTexDownloadMipMap #42 00000000 00001480 00000003 024A17C0
80 t=494410 grTexDownloadMipMap #43 00000000 00001500 00000003 024A17C0
81 t=494410 grTexDownloadMipMap #44 00000000 00001580 00000003 024A17C0
82 t=494410 grTexDownloadMipMap #45 00000000 00001600 00000003 024A17C0
83 t=494415 grTexDownloadMipMap #46 00000000 00001680 00000003 024A17C0
84 t=494415 grTexDownloadMipMap #47 00000000 00001700 00000003 024A17C0
85 t=494415 grTexDownloadMipMap #48 00000000 00001780 00000003 024A17C0
86 t=494415 grTexDownloadMipMap #49 00000000 00001800 00000003 024A17C0
87 t=494415 grTexDownloadMipMap #50 00000000 00001880 00000003 024A17C0
88 t=494415 grTexDownloadMipMap #51 00000000 00001900 00000003 024A17C0
89 t=494415 grTexDownloadMipMap #52 00000000 00001980 00000003 024A17C0
90 t=494415 grTexDownloadMipMap #53 00000000 00001A00 00000003 024A17C0
91 t=494415 grTexDownloadMipMap #54 00000000 00001A80 00000003 024A17C0
92 t=494415 grTexDownloadMipMap #55 00000000 00001B00 00000003 024A17C0
93 t=494415 grTexDownloadMipMap #56 00000000 00001B80 00000003 024A17C0
94 t=494415 grTexDownloadMipMap #57 00000000 00001C00 00000003 024A17C0
95 t=494415 grTexDownloadMipMap #58 00000000 00001C80 00000003 024A17C0
96 t=494415 grTexDownloadMipMap #59 00000000 00001D00 00000003 024A17C0
97 t=494415 grTexDownloadMipMap #60 00000000 00001D80 00000003 024A17C0
98 t=494415 grTexDownloadMipMap #61 00000000 00001E00 00000003 024A17C0
99 t=494415 grTexDownloadMipMap #62 00000000 00001E80 00000003 024A17C0
100 t=494415 grTexDownloadMipMap #63 00000000 00001F00 00000003 024A17C0
101 t=494415 grTexDownloadMipMap #64 00000000 00001F80 00000003 024A17C0
102 t=494415 grTexDownloadMipMap #65 00000000 00002000 00000003 024A17C0
103 t=494415 grTexDownloadMipMap #66 00000000 00002080 00000003 024A17C0
104 t=494415 grTexDownloadMipMap #67 00000000 00002100 00000003 024A17C0
105 t=494415 grTexDownloadMipMap #68 00000000 00002180 00000003 024A17C0
106 t=494415 grTexDownloadMipMap #69 00000000 00002200 00000003 024A17C0
107 t=494415 grTexDownloadMipMap #70 00000000 00002280 00000003 024A17C0
108 t=494415 grTexDownloadMipMap #71 00000000 00002300 00000003 024A17C0
109 t=494415 grTexDownloadMipMap #72 00000000 00002380 00000003 024A17C0
110 t=494415 grTexDownloadMipMap #73 00000000 00002400 00000003 024A17C0
111 t=494415 grTexDownloadMipMap #74 00000000 00002480 00000003 024A17C0
112 t=494415 grTexDownloadMipMap #75 00000000 00002500 00000003 024A17C0
113 t=494415 grTexDownloadMipMap #76 00000000 00002580 00000003 024A17C0
114 t=494415 grTexDownloadMipMap #77 00000000 00002600 00000003 024A17C0
115 t=494415 grTexDownloadMipMap #78 00000000 00002680 00000003 024A17C0
116 t=494415 grTexDownloadMipMap #79 00000000 00002700 00000003 024A17C0
117 t=494420 grTexDownloadMipMap #80 00000000 00002780 00000003 024A17C0
118 t=494420 grTexDownloadMipMap #81 00000000 00002800 00000003 024A17C0
119 t=494420 grTexDownloadMipMap #82 00000000 00002880 00000003 024A17C0
120 t=494420 grTexDownloadMipMap #83 00000000 00002900 00000003 024A17C0
121 t=494420 grTexDownloadMipMap #84 00000000 00002980 00000003 024A17C0
122 t=494420 grTexDownloadMipMap #85 00000000 00002A00 00000003 024A17C0
123 t=494420 grTexDownloadMipMap #86 00000000 00002A80 00000003 024A17C0
124 t=494420 grTexDownloadMipMap #87 00000000 00002B00 00000003 024A17C0
125 t=494420 grTexDownloadMipMap #88 00000000 00002B80 00000003 024A17C0
126 t=494420 grTexDownloadMipMap #89 00000000 00002C00 00000003 024A17C0
127 t=494420 grTexDownloadMipMap #90 00000000 00002C80 00000003 024A17C0
128 t=494420 grTexDownloadMipMap #91 00000000 00002D00 00000003 024A17C0
129 t=494420 grTexDownloadMipMap #92 00000000 00002D80 00000003 024A17C0
130 t=494420 grTexDownloadMipMap #93 00000000 00002E00 00000003 024A17C0
131 t=494420 grTexDownloadMipMap #94 00000000 00002E80 00000003 024A17C0
132 t=494420 grTexDownloadMipMap #95 00000000 00002F00 00000003 024A17C0
133 t=494420 grTexDownloadMipMap #96 00000000 00002F80 00000003 024A17C0
134 t=494443 grBufferClear #1 00000000 00000000 00000000
135 t=494443 grBufferSwap #1 00000001
136 t=494443 ---- frame ----
137 t=494460 grGet #8 00000005 00000004 0099EEF8
138 t=494460 grGet pname=05 -> 256 (4 bytes)
139 t=494460 grGet #9 0000002A 00000004 0099EEFC
140 t=494460 grGet pname=2A -> 8 (4 bytes)
141 t=494460 grLoadGammaTable #1 00000100 03260090 03260090 03260090
142 t=495255 grTexDownloadTable #1 00000002 024A4DB0
143 t=495255 grTexDownloadTable #2 00000002 024A4DB0
144 t=496328 grTexDownloadTable #3 00000002 024A4DB0
145 t=496344 grFinish #1
146 t=496344 grSstWinClose #1 00000001
147 t=496344 grGlideShutdown #1
148 t=496344 summary shutdown swaps=1
149 t=496345   grBufferClear 1
150 t=496345   grBufferSwap 1
151 t=496345   grChromakeyValue 1
152 t=496345   grColorMask 1
153 t=496345   grCoordinateSpace 1
154 t=496345   grDepthMask 1
155 t=496345   grFinish 1
156 t=496345   grGet 9
157 t=496345   grGetString 4
158 t=496345   grGlideInit 1
159 t=496345   grGlideShutdown 1
160 t=496345   grLoadGammaTable 1
161 t=496345   grSstSelect 1
162 t=496345   grSstWinClose 1
163 t=496345   grSstWinOpen 1
164 t=496345   grTexCombine 2
165 t=496345   grTexDownloadMipMap 96
166 t=496345   grTexDownloadTable 3
167 t=496345   grTexFilterMode 1
168 t=496345   grTexMaxAddress 1
169 t=496345   grTexMinAddress 1
170 t=496345   grVertexLayout 4
171 t=496345 grGlideInit #2
172 t=496345 grSstSelect #2 00000000
173 t=496370 grSstWinOpen #2 00000160 00000007 00000000 00000002 00000000 00000002 00000000
174 t=496375 grCoordinateSpace #2 00000000
175 t=496375 grVertexLayout #5 00000001 00000000 00000001
176 t=496375 grVertexLayout #6 00000050 0000000C 00000001
177 t=496375 grVertexLayout #7 00000040 00000010 00000001
178 t=496375 grVertexLayout #8 00000030 00000008 00000001
179 t=496375 grDepthMask #2 00000000
180 t=496375 grColorMask #2 00000001 00000000
181 t=496375 grTexFilterMode #2 00000000 00000000 00000000
182 t=496375 grTexCombine #3 00000000 00000001 00000000 00000001 00000000 00000000 00000000
183 t=496375 grChromakeyValue #2 000000FF
184 t=496375 grTexMinAddress #2 00000000
185 t=496375 grTexMaxAddress #2 00000000
186 t=496375 grTexDownloadMipMap #97 00000000 00000000 00000003 024A17C0
187 t=496375 grTexDownloadMipMap #98 00000000 00000080 00000003 024A17C0
188 t=496375 grTexDownloadMipMap #99 00000000 00000100 00000003 024A17C0
189 t=496375 grTexDownloadMipMap #100 00000000 00000180 00000003 024A17C0
190 t=496375 grTexDownloadMipMap #101 00000000 00000200 00000003 024A17C0
191 t=496375 grTexDownloadMipMap #102 00000000 00000280 00000003 024A17C0
192 t=496375 grTexDownloadMipMap #103 00000000 00000300 00000003 024A17C0
193 t=496375 grTexDownloadMipMap #104 00000000 00000380 00000003 024A17C0
194 t=496375 grTexDownloadMipMap #105 00000000 00000400 00000003 024A17C0
195 t=496375 grTexDownloadMipMap #106 00000000 00000480 00000003 024A17C0
196 t=496375 grTexDownloadMipMap #107 00000000 00000500 00000003 024A17C0
197 t=496375 grTexDownloadMipMap #108 00000000 00000580 00000003 024A17C0
198 t=496375 grTexDownloadMipMap #109 00000000 00000600 00000003 024A17C0
199 t=496375 grTexDownloadMipMap #110 00000000 00000680 00000003 024A17C0
200 t=496375 grTexDownloadMipMap #111 00000000 00000700 00000003 024A17C0
201 t=496375 grTexDownloadMipMap #112 00000000 00000780 00000003 024A17C0
202 t=496404 grTexDownloadMipMap #113 00000000 00000800 00000003 024A17C0
203 t=496404 grTexDownloadMipMap #114 00000000 00000880 00000003 024A17C0
204 t=496404 grTexDownloadMipMap #115 00000000 00000900 00000003 024A17C0
205 t=496404 grTexDownloadMipMap #116 00000000 00000980 00000003 024A17C0
206 t=496404 grTexDownloadMipMap #117 00000000 00000A00 00000003 024A17C0
207 t=496404 grTexDownloadMipMap #118 00000000 00000A80 00000003 024A17C0
208 t=496404 grTexDownloadMipMap #119 00000000 00000B00 00000003 024A17C0
209 t=496404 grTexDownloadMipMap #120 00000000 00000B80 00000003 024A17C0
210 t=496405 grTexDownloadMipMap #121 00000000 00000C00 00000003 024A17C0
211 t=496405 grTexDownloadMipMap #122 00000000 00000C80 00000003 024A17C0
212 t=496405 grTexDownloadMipMap #123 00000000 00000D00 00000003 024A17C0
213 t=496405 grTexDownloadMipMap #124 00000000 00000D80 00000003 024A17C0
214 t=496405 grTexDownloadMipMap #125 00000000 00000E00 00000003 024A17C0
215 t=496405 grTexDownloadMipMap #126 00000000 00000E80 00000003 024A17C0
216 t=496405 grTexDownloadMipMap #127 00000000 00000F00 00000003 024A17C0
217 t=496405 grTexDownloadMipMap #128 00000000 00000F80 00000003 024A17C0
218 t=496405 grTexDownloadMipMap #129 00000000 00001000 00000003 024A17C0
219 t=496405 grTexDownloadMipMap #130 00000000 00001080 00000003 024A17C0
220 t=496405 grTexDownloadMipMap #131 00000000 00001100 00000003 024A17C0
221 t=496405 grTexDownloadMipMap #132 00000000 00001180 00000003 024A17C0
222 t=496405 grTexDownloadMipMap #133 00000000 00001200 00000003 024A17C0
223 t=496405 grTexDownloadMipMap #134 00000000 00001280 00000003 024A17C0
224 t=496405 grTexDownloadMipMap #135 00000000 00001300 00000003 024A17C0
225 t=496405 grTexDownloadMipMap #136 00000000 00001380 00000003 024A17C0
226 t=496405 grTexDownloadMipMap #137 00000000 00001400 00000003 024A17C0
227 t=496405 grTexDownloadMipMap #138 00000000 00001480 00000003 024A17C0
228 t=496405 grTexDownloadMipMap #139 00000000 00001500 00000003 024A17C0
229 t=496405 grTexDownloadMipMap #140 00000000 00001580 00000003 024A17C0
230 t=496405 grTexDownloadMipMap #141 00000000 00001600 00000003 024A17C0
231 t=496405 grTexDownloadMipMap #142 00000000 00001680 00000003 024A17C0
232 t=496405 grTexDownloadMipMap #143 00000000 00001700 00000003 024A17C0
233 t=496405 grTexDownloadMipMap #144 00000000 00001780 00000003 024A17C0
234 t=496405 grTexDownloadMipMap #145 00000000 00001800 00000003 024A17C0
235 t=496405 grTexDownloadMipMap #146 00000000 00001880 00000003 024A17C0
236 t=496405 grTexDownloadMipMap #147 00000000 00001900 00000003 024A17C0
237 t=496405 grTexDownloadMipMap #148 00000000 00001980 00000003 024A17C0
238 t=496405 grTexDownloadMipMap #149 00000000 00001A00 00000003 024A17C0
239 t=496405 grTexDownloadMipMap #150 00000000 00001A80 00000003 024A17C0
240 t=496405 grTexDownloadMipMap #151 00000000 00001B00 00000003 024A17C0
241 t=496405 grTexDownloadMipMap #152 00000000 00001B80 00000003 024A17C0
242 t=496405 grTexDownloadMipMap #153 00000000 00001C00 00000003 024A17C0
243 t=496405 grTexDownloadMipMap #154 00000000 00001C80 00000003 024A17C0
244 t=496410 grTexDownloadMipMap #155 00000000 00001D00 00000003 024A17C0
245 t=496410 grTexDownloadMipMap #156 00000000 00001D80 00000003 024A17C0
246 t=496410 grTexDownloadMipMap #157 00000000 00001E00 00000003 024A17C0
247 t=496410 grTexDownloadMipMap #158 00000000 00001E80 00000003 024A17C0
248 t=496410 grTexDownloadMipMap #159 00000000 00001F00 00000003 024A17C0
249 t=496410 grTexDownloadMipMap #160 00000000 00001F80 00000003 024A17C0
250 t=496410 grTexDownloadMipMap #161 00000000 00002000 00000003 024A17C0
251 t=496410 grTexDownloadMipMap #162 00000000 00002080 00000003 024A17C0
252 t=496410 grTexDownloadMipMap #163 00000000 00002100 00000003 024A17C0
253 t=496410 grTexDownloadMipMap #164 00000000 00002180 00000003 024A17C0
254 t=496410 grTexDownloadMipMap #165 00000000 00002200 00000003 024A17C0
255 t=496410 grTexDownloadMipMap #166 00000000 00002280 00000003 024A17C0
256 t=496410 grTexDownloadMipMap #167 00000000 00002300 00000003 024A17C0
257 t=496410 grTexDownloadMipMap #168 00000000 00002380 00000003 024A17C0
258 t=496410 grTexDownloadMipMap #169 00000000 00002400 00000003 024A17C0
259 t=496410 grTexDownloadMipMap #170 00000000 00002480 00000003 024A17C0
260 t=496410 grTexDownloadMipMap #171 00000000 00002500 00000003 024A17C0
261 t=496410 grTexDownloadMipMap #172 00000000 00002580 00000003 024A17C0
262 t=496410 grTexDownloadMipMap #173 00000000 00002600 00000003 024A17C0
263 t=496410 grTexDownloadMipMap #174 00000000 00002680 00000003 024A17C0
264 t=496410 grTexDownloadMipMap #175 00000000 00002700 00000003 024A17C0
265 t=496410 grTexDownloadMipMap #176 00000000 00002780 00000003 024A17C0
266 t=496410 grTexDownloadMipMap #177 00000000 00002800 00000003 024A17C0
267 t=496410 grTexDownloadMipMap #178 00000000 00002880 00000003 024A17C0
268 t=496410 grTexDownloadMipMap #179 00000000 00002900 00000003 024A17C0
269 t=496410 grTexDownloadMipMap #180 00000000 00002980 00000003 024A17C0
270 t=496410 grTexDownloadMipMap #181 00000000 00002A00 00000003 024A17C0
271 t=496410 grTexDownloadMipMap #182 00000000 00002A80 00000003 024A17C0
272 t=496410 grTexDownloadMipMap #183 00000000 00002B00 00000003 024A17C0
273 t=496410 grTexDownloadMipMap #184 00000000 00002B80 00000003 024A17C0
274 t=496410 grTexDownloadMipMap #185 00000000 00002C00 00000003 024A17C0
275 t=496410 grTexDownloadMipMap #186 00000000 00002C80 00000003 024A17C0
276 t=496410 grTexDownloadMipMap #187 00000000 00002D00 00000003 024A17C0
277 t=496410 grTexDownloadMipMap #188 00000000 00002D80 00000003 024A17C0
278 t=496415 grTexDownloadMipMap #189 00000000 00002E00 00000003 024A17C0
279 t=496415 grTexDownloadMipMap #190 00000000 00002E80 00000003 024A17C0
280 t=496415 grTexDownloadMipMap #191 00000000 00002F00 00000003 024A17C0
281 t=496415 grTexDownloadMipMap #192 00000000 00002F80 00000003 024A17C0
282 t=496415 grBufferClear #2 00000000 00000000 00000000
283 t=496415 grBufferSwap #2 00000001
284 t=496415 ---- frame ----
285 t=496435 grGet #10 00000005 00000004 0099ED94
286 t=496435 grGet pname=05 -> 256 (4 bytes)
287 t=496435 grGet #11 0000002A 00000004 0099ED98
288 t=496435 grGet pname=2A -> 8 (4 bytes)
289 t=496435 grLoadGammaTable #2 00000100 03B30090 03B30090 03B30090
290 t=496435 grBufferClear #3 00000000 00000000 00000000
291 t=496435 grBufferSwap #3 00000001
292 t=496474 grBufferClear #4 00000000 00000000 00000000
293 t=496474 grBufferSwap #4 00000001
294 t=496495 grFinish #2
295 t=496495 grSstWinClose #2 00000001
296 t=496495 grGlideShutdown #2
297 t=496495 summary shutdown swaps=4
298 t=496495   grBufferClear 4
299 t=496495   grBufferSwap 4
300 t=496495   grChromakeyValue 2
301 t=496495   grColorMask 2
302 t=496495   grCoordinateSpace 2
303 t=496495   grDepthMask 2
304 t=496495   grFinish 2
305 t=496495   grGet 11
306 t=496495   grGetString 4
307 t=496495   grGlideInit 2
308 t=496495   grGlideShutdown 2
309 t=496495   grLoadGammaTable 2
310 t=496495   grSstSelect 2
311 t=496495   grSstWinClose 2
312 t=496495   grSstWinOpen 2
313 t=496495   grTexCombine 3
314 t=496495   grTexDownloadMipMap 192
315 t=496495   grTexDownloadTable 3
316 t=496495   grTexFilterMode 2
317 t=496495   grTexMaxAddress 2
318 t=496495   grTexMinAddress 2
319 t=496495   grVertexLayout 8
320 t=496495 grGlideInit #3
321 t=496495 grSstSelect #3 00000000
322 t=496525 grSstWinOpen #3 00000160 00000008 00000000 00000002 00000000 00000002 00000000
323 t=496525 grCoordinateSpace #3 00000000
324 t=496525 grVertexLayout #9 00000001 00000000 00000001
325 t=496525 grVertexLayout #10 00000050 0000000C 00000001
326 t=496525 grVertexLayout #11 00000040 00000010 00000001
327 t=496525 grVertexLayout #12 00000030 00000008 00000001
328 t=496525 grDepthMask #3 00000000
329 t=496525 grColorMask #3 00000001 00000000
330 t=496525 grTexFilterMode #3 00000000 00000000 00000000
331 t=496525 grTexCombine #4 00000000 00000001 00000000 00000001 00000000 00000000 00000000
332 t=496525 grChromakeyValue #3 000000FF
333 t=496525 grTexMinAddress #3 00000000
334 t=496525 grTexMaxAddress #3 00000000
335 t=496525 grBufferClear #5 00000000 00000000 00000000
336 t=496525 grBufferSwap #5 00000001
337 t=496545 grGet #12 00000005 00000004 0099ED34
338 t=496545 grGet pname=05 -> 256 (4 bytes)
339 t=496545 grGet #13 0000002A 00000004 0099ED38
340 t=496545 grGet pname=2A -> 8 (4 bytes)
341 t=496545 grLoadGammaTable #3 00000100 03B30090 03B30090 03B30090
342 t=496545 grTexDownloadTable #4 00000002 024A4DB0
343 t=496760 grTexDownloadTable #5 00000002 024A4DB0
344 t=496760 grBufferClear #6 00000000 00000000 00000000
345 t=496760 grChromakeyMode #1 00000001
346 t=496760 grBufferClear #7 00000000 00000000 00000000
347 t=496786 grTexDownloadMipMap #193 00000000 00010000 00000003 0099EEB0
348 t=496786 grTexDownloadMipMap info small=8 large=8 aspect=0 format=05
349 t=496786 grTexSource #1 00000000 00010000 00000003 0099EEB0
350 t=496786 grAlphaCombine #1 00000000 00000000 00000001 00000002 00000000
351 t=496786 grAlphaBlendFunction #1 00000004 00000000 00000000 00000000
352 t=496786 grColorCombine #1 00000003 00000001 00000000 00000001 00000000
353 t=496786 grTexFilterMode #4 00000000 00000000 00000000
354 t=496786 grDrawVertexArrayContiguous #1 00000005 00000004 024A6E98 0000001C
355 t=496786 grDrawVertexArrayContiguous vertex 00000000 00000000 FFFFFFFF 3F800000 00000000 00000000 00000000 00000000 43800000 FFFFFFFF 3F800000 00000000 43800000 00000000 43800000 43800000
356 t=496786 grDitherMode #1 00000002
357 t=496786 grTexDownloadMipMap #194 00000000 00020000 00000003 0099EEB0
358 t=496786 grTexSource #2 00000000 00020000 00000003 0099EEB0
359 t=496786 grDrawVertexArrayContiguous #2 00000005 00000004 024A6E98 0000001C
360 t=496786 grDrawVertexArrayContiguous vertex 43800000 00000000 FFFFFFFF 3F800000 00000000 00000000 00000000 43800000 43800000 FFFFFFFF 3F800000 00000000 43800000 00000000 44000000 43800000
361 t=496786 grDitherMode #2 00000002
362 t=496790 grTexDownloadMipMap #195 00000000 00030000 00000003 0099EEB0
363 t=496790 grTexSource #3 00000000 00030000 00000003 0099EEB0
364 t=496790 grDrawVertexArrayContiguous #3 00000005 00000004 024A6E98 0000001C
365 t=496790 grDrawVertexArrayContiguous vertex 44000000 00000000 FFFFFFFF 3F800000 00000000 00000000 00000000 44000000 43800000 FFFFFFFF 3F800000 00000000 43800000 00000000 44400000 43800000
366 t=496790 grDitherMode #3 00000002
367 t=496790 grTexDownloadMipMap #196 00000000 001F0000 00000003 0099EEB0
368 t=496790 grTexDownloadMipMap info small=8 large=8 aspect=-3 format=05
369 t=496790 grTexSource #4 00000000 001F0000 00000003 0099EEB0
370 t=496790 grDrawVertexArrayContiguous #4 00000005 00000004 024A6E98 0000001C
371 t=496790 grDrawVertexArrayContiguous vertex 44400000 00000000 FFFFFFFF 3F800000 00000000 00000000 00000000 44400000 43800000 FFFFFFFF 3F800000 00000000 43800000 00000000 44480000 43800000
372 t=496790 grDitherMode #4 00000002
373 t=496790 grTexDownloadMipMap #197 00000000 00040000 00000003 0099EEB0
374 t=496790 grTexSource #5 00000000 00040000 00000003 0099EEB0
375 t=496790 grDrawVertexArrayContiguous #5 00000005 00000004 024A6E98 0000001C
376 t=496790 grDrawVertexArrayContiguous vertex 00000000 43800000 FFFFFFFF 3F800000 00000000 00000000 00000000 00000000 44000000 FFFFFFFF 3F800000 00000000 43800000 00000000 43800000 44000000
377 t=496790 grDitherMode #5 00000002
378 t=496790 grTexDownloadMipMap #198 00000000 00050000 00000003 0099EEB0
379 t=496790 grTexSource #6 00000000 00050000 00000003 0099EEB0
380 t=496790 grDrawVertexArrayContiguous #6 00000005 00000004 024A6E98 0000001C
381 t=496790 grDrawVertexArrayContiguous vertex 43800000 43800000 FFFFFFFF 3F800000 00000000 00000000 00000000 43800000 44000000 FFFFFFFF 3F800000 00000000 43800000 00000000 44000000 44000000
382 t=496790 grDitherMode #6 00000002
383 t=496790 grTexDownloadMipMap #199 00000000 00060000 00000003 0099EEB0
384 t=496795 grTexSource #7 00000000 00060000 00000003 0099EEB0
385 t=496795 grDrawVertexArrayContiguous #7 00000005 00000004 024A6E98 0000001C
386 t=496795 grDrawVertexArrayContiguous vertex 44000000 43800000 FFFFFFFF 3F800000 00000000 00000000 00000000 44000000 44000000 FFFFFFFF 3F800000 00000000 43800000 00000000 44400000 44000000
387 t=496795 grDitherMode #7 00000002
388 t=496795 grTexDownloadMipMap #200 00000000 001F4000 00000003 0099EEB0
389 t=496795 grTexSource #8 00000000 001F4000 00000003 0099EEB0
390 t=496795 grDrawVertexArrayContiguous #8 00000005 00000004 024A6E98 0000001C
391 t=496795 grDrawVertexArrayContiguous vertex 44400000 43800000 FFFFFFFF 3F800000 00000000 00000000 00000000 44400000 44000000 FFFFFFFF 3F800000 00000000 43800000 00000000 44480000 44000000
392 t=496795 grDitherMode #8 00000002
393 t=496795 grTexDownloadMipMap #201 00000000 00070000 00000003 0099EEB4
394 t=496795 grTexDownloadMipMap info small=8 large=8 aspect=1 format=05
395 t=496795 grTexSource #9 00000000 00070000 00000003 0099EEB4
396 t=496795 grDrawVertexArrayContiguous #9 00000005 00000004 024A6E98 0000001C
397 t=496795 grDitherMode #9 00000002
398 t=496795 grTexDownloadMipMap #202 00000000 00080000 00000003 0099EEB4
399 t=496795 grTexSource #10 00000000 00080000 00000003 0099EEB4
400 t=496798 grDrawVertexArrayContiguous #10 00000005 00000004 024A6E98 0000001C
401 t=496798 grDitherMode #10 00000002
402 t=496798 grTexDownloadMipMap #203 00000000 00090000 00000003 0099EEB4
403 t=496798 grTexSource #11 00000000 00090000 00000003 0099EEB4
404 t=496798 grDrawVertexArrayContiguous #11 00000005 00000004 024A6E98 0000001C
405 t=496798 grDitherMode #11 00000002
406 t=496798 grTexDownloadMipMap #204 00000000 002EC000 00000003 0099EEB4
407 t=496798 grTexDownloadMipMap info small=7 large=7 aspect=-2 format=05
408 t=496798 grTexSource #12 00000000 002EC000 00000003 0099EEB4
409 t=496798 grDrawVertexArrayContiguous #12 00000005 00000004 024A6E98 0000001C
410 t=496798 grDitherMode #12 00000002
411 t=496798 grBufferSwap #6 00000001
412 t=496820 grBufferClear #8 00000000 00000000 00000000
413 t=496820 grChromakeyMode #2 00000001
414 t=496820 grBufferClear #9 00000000 00000000 00000000
415 t=496820 grTexSource #13 00000000 00010000 00000003 0099EEB0
416 t=496820 grAlphaCombine #2 00000000 00000000 00000001 00000002 00000000
417 t=496820 grAlphaBlendFunction #2 00000004 00000000 00000000 00000000
418 t=496820 grColorCombine #2 00000003 00000001 00000000 00000001 00000000
419 t=496820 grTexFilterMode #5 00000000 00000000 00000000
420 t=496820 grDrawVertexArrayContiguous #13 00000005 00000004 024A6E98 0000001C
421 t=496820 grDitherMode #13 00000002
422 t=496820 grTexSource #14 00000000 00020000 00000003 0099EEB0
423 t=496820 grDrawVertexArrayContiguous #14 00000005 00000004 024A6E98 0000001C
424 t=496820 grDitherMode #14 00000002
425 t=496820 grTexSource #15 00000000 00030000 00000003 0099EEB0
426 t=496820 grDrawVertexArrayContiguous #15 00000005 00000004 024A6E98 0000001C
427 t=496820 grDitherMode #15 00000002
428 t=496820 grTexSource #16 00000000 001F0000 00000003 0099EEB0
429 t=496820 grDrawVertexArrayContiguous #16 00000005 00000004 024A6E98 0000001C
430 t=496820 grDitherMode #16 00000002
431 t=496820 grTexSource #17 00000000 00040000 00000003 0099EEB0
432 t=496820 grDrawVertexArrayContiguous #17 00000005 00000004 024A6E98 0000001C
433 t=496820 grDitherMode #17 00000002
434 t=496820 grTexSource #18 00000000 00050000 00000003 0099EEB0
435 t=496820 grDrawVertexArrayContiguous #18 00000005 00000004 024A6E98 0000001C
436 t=496820 grDitherMode #18 00000002
437 t=496820 grTexSource #19 00000000 00060000 00000003 0099EEB0
438 t=496820 grDrawVertexArrayContiguous #19 00000005 00000004 024A6E98 0000001C
439 t=496820 grDitherMode #19 00000002
440 t=496820 grTexSource #20 00000000 001F4000 00000003 0099EEB0
441 t=496820 grDrawVertexArrayContiguous #20 00000005 00000004 024A6E98 0000001C
442 t=496820 grDitherMode #20 00000002
443 t=496820 grTexSource #21 00000000 00070000 00000003 0099EEB4
444 t=496820 grDrawVertexArrayContiguous #21 00000005 00000004 024A6E98 0000001C
445 t=496825 grDitherMode #21 00000002
446 t=496825 grTexSource #22 00000000 00080000 00000003 0099EEB4
447 t=496825 grDrawVertexArrayContiguous #22 00000005 00000004 024A6E98 0000001C
448 t=496825 grDitherMode #22 00000002
449 t=496825 grTexSource #23 00000000 00090000 00000003 0099EEB4
450 t=496825 grDrawVertexArrayContiguous #23 00000005 00000004 024A6E98 0000001C
451 t=496825 grDitherMode #23 00000002
452 t=496825 grTexSource #24 00000000 002EC000 00000003 0099EEB4
453 t=496825 grDrawVertexArrayContiguous #24 00000005 00000004 024A6E98 0000001C
454 t=496825 grDitherMode #24 00000002
455 t=496825 grBufferSwap #7 00000001
456 t=496860 grBufferClear #10 00000000 00000000 00000000
457 t=496860 grChromakeyMode #3 00000001
458 t=496860 grBufferClear #11 00000000 00000000 00000000
459 t=496860 grTexSource #25 00000000 00010000 00000003 0099EEB0
460 t=496860 grAlphaCombine #3 00000000 00000000 00000001 00000002 00000000
461 t=496860 grAlphaBlendFunction #3 00000004 00000000 00000000 00000000
462 t=496860 grColorCombine #3 00000003 00000001 00000000 00000001 00000000
463 t=496860 grTexFilterMode #6 00000000 00000000 00000000
464 t=496860 grDrawVertexArrayContiguous #25 00000005 00000004 024A6E98 0000001C
465 t=496860 grDitherMode #25 00000002
466 t=496860 grTexSource #26 00000000 00020000 00000003 0099EEB0
467 t=496860 grTexSource #27 00000000 00030000 00000003 0099EEB0
468 t=496860 grTexSource #28 00000000 001F0000 00000003 0099EEB0
469 t=496860 grTexSource #29 00000000 00040000 00000003 0099EEB0
470 t=496860 grTexSource #30 00000000 00050000 00000003 0099EEB0
471 t=496860 grTexSource #31 00000000 00060000 00000003 0099EEB0
472 t=496860 grTexSource #32 00000000 001F4000 00000003 0099EEB0
473 t=496860 grTexSource #33 00000000 00070000 00000003 0099EEB4
474 t=496860 grTexSource #34 00000000 00080000 00000003 0099EEB4
475 t=496860 grTexSource #35 00000000 00090000 00000003 0099EEB4
476 t=496860 grTexSource #36 00000000 002EC000 00000003 0099EEB4
477 t=496860 grBufferSwap #8 00000001
478 t=496900 grBufferClear #12 00000000 00000000 00000000
479 t=496900 grChromakeyMode #4 00000001
480 t=496900 grBufferClear #13 00000000 00000000 00000000
481 t=496900 grAlphaCombine #4 00000000 00000000 00000001 00000002 00000000
482 t=496900 grAlphaBlendFunction #4 00000004 00000000 00000000 00000000
483 t=496900 grColorCombine #4 00000003 00000001 00000000 00000001 00000000
484 t=496900 grTexFilterMode #7 00000000 00000000 00000000
485 t=496900 grBufferSwap #9 00000001
486 t=496940 grBufferClear #14 00000000 00000000 00000000
487 t=496940 grChromakeyMode #5 00000001
488 t=496940 grBufferClear #15 00000000 00000000 00000000
489 t=496940 grAlphaCombine #5 00000000 00000000 00000001 00000002 00000000
490 t=496940 grAlphaBlendFunction #5 00000004 00000000 00000000 00000000
491 t=496940 grColorCombine #5 00000003 00000001 00000000 00000001 00000000
492 t=496940 grTexFilterMode #8 00000000 00000000 00000000
493 t=496940 grBufferSwap #10 00000001
494 t=496980 grBufferClear #16 00000000 00000000 00000000
495 t=496980 grChromakeyMode #6 00000001
496 t=496980 grBufferClear #17 00000000 00000000 00000000
497 t=496980 grAlphaCombine #6 00000000 00000000 00000001 00000002 00000000
498 t=496980 grAlphaBlendFunction #6 00000004 00000000 00000000 00000000
499 t=496980 grColorCombine #6 00000003 00000001 00000000 00000001 00000000
500 t=496980 grTexFilterMode #9 00000000 00000000 00000000
501 t=496980 grBufferSwap #11 00000001
502 t=497020 grBufferClear #18 00000000 00000000 00000000
503 t=497020 grChromakeyMode #7 00000001
504 t=497020 grBufferClear #19 00000000 00000000 00000000
505 t=497020 grAlphaCombine #7 00000000 00000000 00000001 00000002 00000000
506 t=497020 grAlphaBlendFunction #7 00000004 00000000 00000000 00000000
507 t=497020 grColorCombine #7 00000003 00000001 00000000 00000001 00000000
508 t=497020 grTexFilterMode #10 00000000 00000000 00000000
509 t=497020 grBufferSwap #12 00000001
510 t=497060 grBufferClear #20 00000000 00000000 00000000
511 t=497060 grChromakeyMode #8 00000001
512 t=497060 grBufferClear #21 00000000 00000000 00000000
513 t=497060 grAlphaCombine #8 00000000 00000000 00000001 00000002 00000000
514 t=497060 grAlphaBlendFunction #8 00000004 00000000 00000000 00000000
515 t=497060 grColorCombine #8 00000003 00000001 00000000 00000001 00000000
516 t=497060 grTexFilterMode #11 00000000 00000000 00000000
517 t=497060 grBufferSwap #13 00000001
518 t=497100 grBufferClear #22 00000000 00000000 00000000
519 t=497100 grChromakeyMode #9 00000001
520 t=497100 grBufferClear #23 00000000 00000000 00000000
521 t=497100 grAlphaCombine #9 00000000 00000000 00000001 00000002 00000000
522 t=497100 grAlphaBlendFunction #9 00000004 00000000 00000000 00000000
523 t=497100 grColorCombine #9 00000003 00000001 00000000 00000001 00000000
524 t=497100 grTexFilterMode #12 00000000 00000000 00000000
525 t=497100 grBufferSwap #14 00000001
526 t=497140 grBufferClear #24 00000000 00000000 00000000
527 t=497140 grChromakeyMode #10 00000001
528 t=497140 grBufferClear #25 00000000 00000000 00000000
529 t=497140 grAlphaCombine #10 00000000 00000000 00000001 00000002 00000000
530 t=497140 grAlphaBlendFunction #10 00000004 00000000 00000000 00000000
531 t=497140 grColorCombine #10 00000003 00000001 00000000 00000001 00000000
532 t=497140 grTexFilterMode #13 00000000 00000000 00000000
533 t=497140 grBufferSwap #15 00000001
534 t=497180 grChromakeyMode #11 00000001
535 t=497180 grAlphaCombine #11 00000000 00000000 00000001 00000002 00000000
536 t=497180 grAlphaBlendFunction #11 00000004 00000000 00000000 00000000
537 t=497180 grColorCombine #11 00000003 00000001 00000000 00000001 00000000
538 t=497180 grTexFilterMode #14 00000000 00000000 00000000
539 t=497180 grBufferSwap #16 00000001
540 t=497220 grChromakeyMode #12 00000001
541 t=497220 grAlphaCombine #12 00000000 00000000 00000001 00000002 00000000
542 t=497220 grAlphaBlendFunction #12 00000004 00000000 00000000 00000000
543 t=497220 grColorCombine #12 00000003 00000001 00000000 00000001 00000000
544 t=497220 grTexFilterMode #15 00000000 00000000 00000000
545 t=497220 grBufferSwap #17 00000001
546 t=497260 grChromakeyMode #13 00000001
547 t=497260 grAlphaCombine #13 00000000 00000000 00000001 00000002 00000000
548 t=497260 grAlphaBlendFunction #13 00000004 00000000 00000000 00000000
549 t=497260 grColorCombine #13 00000003 00000001 00000000 00000001 00000000
550 t=497260 grTexFilterMode #16 00000000 00000000 00000000
551 t=497260 grBufferSwap #18 00000001
552 t=497300 grChromakeyMode #14 00000001
553 t=497300 grAlphaCombine #14 00000000 00000000 00000001 00000002 00000000
554 t=497300 grAlphaBlendFunction #14 00000004 00000000 00000000 00000000
555 t=497300 grColorCombine #14 00000003 00000001 00000000 00000001 00000000
556 t=497300 grTexFilterMode #17 00000000 00000000 00000000
557 t=497300 grBufferSwap #19 00000001
558 t=497340 grChromakeyMode #15 00000001
559 t=497340 grAlphaCombine #15 00000000 00000000 00000001 00000002 00000000
560 t=497340 grAlphaBlendFunction #15 00000004 00000000 00000000 00000000
561 t=497340 grColorCombine #15 00000003 00000001 00000000 00000001 00000000
562 t=497340 grTexFilterMode #18 00000000 00000000 00000000
563 t=497340 grBufferSwap #20 00000001
564 t=497380 grChromakeyMode #16 00000001
565 t=497380 grAlphaCombine #16 00000000 00000000 00000001 00000002 00000000
566 t=497380 grAlphaBlendFunction #16 00000004 00000000 00000000 00000000
567 t=497380 grColorCombine #16 00000003 00000001 00000000 00000001 00000000
568 t=497380 grTexFilterMode #19 00000000 00000000 00000000
569 t=497380 grBufferSwap #21 00000001
570 t=497420 grChromakeyMode #17 00000001
571 t=497420 grAlphaCombine #17 00000000 00000000 00000001 00000002 00000000
572 t=497420 grAlphaBlendFunction #17 00000004 00000000 00000000 00000000
573 t=497420 grColorCombine #17 00000003 00000001 00000000 00000001 00000000
574 t=497420 grTexFilterMode #20 00000000 00000000 00000000
575 t=497420 grBufferSwap #22 00000001
576 t=497460 grChromakeyMode #18 00000001
577 t=497460 grAlphaCombine #18 00000000 00000000 00000001 00000002 00000000
578 t=497460 grAlphaBlendFunction #18 00000004 00000000 00000000 00000000
579 t=497460 grColorCombine #18 00000003 00000001 00000000 00000001 00000000
580 t=497460 grTexFilterMode #21 00000000 00000000 00000000
581 t=497460 grBufferSwap #23 00000001
582 t=497500 grChromakeyMode #19 00000001
583 t=497500 grAlphaCombine #19 00000000 00000000 00000001 00000002 00000000
584 t=497500 grAlphaBlendFunction #19 00000004 00000000 00000000 00000000
585 t=497500 grColorCombine #19 00000003 00000001 00000000 00000001 00000000
586 t=497500 grTexFilterMode #22 00000000 00000000 00000000
587 t=497500 grBufferSwap #24 00000001
588 t=497540 grChromakeyMode #20 00000001
589 t=497540 grAlphaCombine #20 00000000 00000000 00000001 00000002 00000000
590 t=497540 grAlphaBlendFunction #20 00000004 00000000 00000000 00000000
591 t=497540 grColorCombine #20 00000003 00000001 00000000 00000001 00000000
592 t=497540 grTexFilterMode #23 00000000 00000000 00000000
593 t=497540 grBufferSwap #25 00000001
594 t=497580 grChromakeyMode #21 00000001
595 t=497580 grAlphaCombine #21 00000000 00000000 00000001 00000002 00000000
596 t=497580 grAlphaBlendFunction #21 00000004 00000000 00000000 00000000
597 t=497580 grColorCombine #21 00000003 00000001 00000000 00000001 00000000
598 t=497580 grTexFilterMode #24 00000000 00000000 00000000
599 t=497620 grChromakeyMode #22 00000001
600 t=497620 grAlphaCombine #22 00000000 00000000 00000001 00000002 00000000
601 t=497620 grAlphaBlendFunction #22 00000004 00000000 00000000 00000000
602 t=497620 grColorCombine #22 00000003 00000001 00000000 00000001 00000000
603 t=497620 grTexFilterMode #25 00000000 00000000 00000000
604 t=497660 grChromakeyMode #23 00000001
605 t=497660 grAlphaCombine #23 00000000 00000000 00000001 00000002 00000000
606 t=497660 grAlphaBlendFunction #23 00000004 00000000 00000000 00000000
607 t=497660 grColorCombine #23 00000003 00000001 00000000 00000001 00000000
608 t=497700 grChromakeyMode #24 00000001
609 t=497700 grAlphaCombine #24 00000000 00000000 00000001 00000002 00000000
610 t=497700 grAlphaBlendFunction #24 00000004 00000000 00000000 00000000
611 t=497700 grColorCombine #24 00000003 00000001 00000000 00000001 00000000
612 t=497740 grChromakeyMode #25 00000001
613 t=497740 grAlphaCombine #25 00000000 00000000 00000001 00000002 00000000
614 t=497740 grAlphaBlendFunction #25 00000004 00000000 00000000 00000000
615 t=497740 grColorCombine #25 00000003 00000001 00000000 00000001 00000000
616 t=506130 grTexDownloadTable #6 00000002 024A4DB0
617 t=506170 grTexDownloadTable #7 00000002 024A4DB0
618 t=506221 grTexDownloadMipMap #205 00000000 000A0000 00000003 0099EEB0
619 t=506221 grTexSource #2749 00000000 000A0000 00000003 0099EEB0
620 t=506221 grTexDownloadMipMap #206 00000000 000B0000 00000003 0099EEB0
621 t=506221 grTexSource #2750 00000000 000B0000 00000003 0099EEB0
622 t=506221 grTexDownloadMipMap #207 00000000 000C0000 00000003 0099EEB0
623 t=506221 grTexSource #2751 00000000 000C0000 00000003 0099EEB0
624 t=506221 grTexDownloadMipMap #208 00000000 001F8000 00000003 0099EEB0
625 t=506221 grTexSource #2752 00000000 001F8000 00000003 0099EEB0
626 t=506221 grTexDownloadMipMap #209 00000000 000D0000 00000003 0099EEB0
627 t=506221 grTexSource #2753 00000000 000D0000 00000003 0099EEB0
628 t=506221 grTexDownloadMipMap #210 00000000 000E0000 00000003 0099EEB0
629 t=506225 grTexSource #2754 00000000 000E0000 00000003 0099EEB0
630 t=506225 grTexDownloadMipMap #211 00000000 000F0000 00000003 0099EEB0
631 t=506225 grTexSource #2755 00000000 000F0000 00000003 0099EEB0
632 t=506225 grTexDownloadMipMap #212 00000000 001FC000 00000003 0099EEB0
633 t=506225 grTexSource #2756 00000000 001FC000 00000003 0099EEB0
634 t=506225 grTexDownloadMipMap #213 00000000 00100000 00000003 0099EEB4
635 t=506225 grTexSource #2757 00000000 00100000 00000003 0099EEB4
636 t=506225 grTexDownloadMipMap #214 00000000 00110000 00000003 0099EEB4
637 t=506225 grTexSource #2758 00000000 00110000 00000003 0099EEB4
638 t=506225 grTexDownloadMipMap #215 00000000 00120000 00000003 0099EEB4
639 t=506225 grTexSource #2759 00000000 00120000 00000003 0099EEB4
640 t=506225 grTexDownloadMipMap #216 00000000 002ED000 00000003 0099EEB4
641 t=506225 grTexSource #2760 00000000 002ED000 00000003 0099EEB4
642 t=506225 grTexDownloadMipMap #217 00000000 00130000 00000003 0099EE88
643 t=506225 grTexSource #2761 00000000 00130000 00000003 0099EE88
644 t=506225 grTexDownloadMipMap #218 00000000 00140000 00000003 0099EE88
645 t=506225 grTexSource #2762 00000000 00140000 00000003 0099EE88
646 t=506225 grAlphaCombine #231 00000001 00000000 00000001 00000002 00000000
647 t=506225 grAlphaBlendFunction #231 00000004 00000004 00000000 00000000
648 t=506225 grConstantColorValue #1 000000FF
649 t=506225 grDitherMode #2762 00000000
650 t=506225 grTexDownloadMipMap #219 00000000 00150000 00000003 0099EE88
651 t=506225 grTexSource #2763 00000000 00150000 00000003 0099EE88
652 t=506230 grTexDownloadMipMap #220 00000000 00160000 00000003 0099EE88
653 t=506230 grTexSource #2764 00000000 00160000 00000003 0099EE88
654 t=506230 grConstantColorValue #2 000000FF
655 t=506230 grTexDownloadMipMap #221 00000000 002EE000 00000003 0099E5FC
656 t=506230 grTexDownloadMipMap info small=6 large=6 aspect=1 format=05
657 t=506230 grTexSource #2765 00000000 002EE000 00000003 0099E5FC
658 t=506230 grTexDownloadMipMap #222 00000000 002EF000 00000003 0099E5FC
659 t=506230 grTexSource #2766 00000000 002EF000 00000003 0099E5FC
660 t=506230 grTexDownloadMipMap #223 00000000 002F0000 00000003 0099E5FC
661 t=506230 grTexSource #2767 00000000 002F0000 00000003 0099E5FC
662 t=506230 grTexDownloadMipMap #224 00000000 002F1000 00000003 0099E5FC
663 t=506230 grTexSource #2768 00000000 002F1000 00000003 0099E5FC
664 t=506230 grTexDownloadMipMap #225 00000000 002F2000 00000003 0099E5FC
665 t=506230 grTexSource #2769 00000000 002F2000 00000003 0099E5FC
666 t=506230 grTexDownloadMipMap #226 00000000 002F3000 00000003 0099E5FC
667 t=506230 grTexSource #2770 00000000 002F3000 00000003 0099E5FC
668 t=506230 grTexDownloadMipMap #227 00000000 002F4000 00000003 0099E5FC
669 t=506230 grTexSource #2771 00000000 002F4000 00000003 0099E5FC
670 t=506230 grTexDownloadMipMap #228 00000000 002F5000 00000003 0099E5FC
671 t=506230 grTexSource #2772 00000000 002F5000 00000003 0099E5FC
672 t=506230 grTexDownloadMipMap #229 00000000 002F6000 00000003 0099E5FC
673 t=506230 grTexSource #2773 00000000 002F6000 00000003 0099E5FC
674 t=506230 grTexDownloadMipMap #230 00000000 002F7000 00000003 0099E5FC
675 t=506230 grTexSource #2774 00000000 002F7000 00000003 0099E5FC
676 t=506230 grTexDownloadMipMap #231 00000000 002F8000 00000003 0099E5FC
677 t=506230 grTexSource #2775 00000000 002F8000 00000003 0099E5FC
678 t=506230 grTexDownloadMipMap #232 00000000 002F9000 00000003 0099E5FC
679 t=506230 grTexSource #2777 00000000 002F9000 00000003 0099E5FC
680 t=506230 grTexDownloadMipMap #233 00000000 002FA000 00000003 0099E5FC
681 t=506230 grTexSource #2778 00000000 002FA000 00000003 0099E5FC
682 t=506230 grTexDownloadMipMap #234 00000000 002FB000 00000003 0099E5FC
683 t=506235 grTexSource #2782 00000000 002FB000 00000003 0099E5FC
684 t=506235 grTexDownloadMipMap #235 00000000 002FC000 00000003 0099E5FC
685 t=506235 grTexSource #2783 00000000 002FC000 00000003 0099E5FC
686 t=506235 grTexDownloadMipMap #236 00000000 002FD000 00000003 0099E5FC
687 t=506235 grTexSource #2785 00000000 002FD000 00000003 0099E5FC
688 t=506235 grTexDownloadMipMap #237 00000000 002FE000 00000003 0099E5FC
689 t=506235 grTexSource #2787 00000000 002FE000 00000003 0099E5FC
690 t=506235 grTexDownloadMipMap #238 00000000 002FF000 00000003 0099E5FC
691 t=506235 grTexSource #2789 00000000 002FF000 00000003 0099E5FC
692 t=506235 grTexDownloadMipMap #239 00000000 00300000 00000003 0099E5FC
693 t=506235 grTexSource #2791 00000000 00300000 00000003 0099E5FC
694 t=506235 grTexDownloadMipMap #240 00000000 00301000 00000003 0099E5FC
695 t=506235 grTexSource #2792 00000000 00301000 00000003 0099E5FC
696 t=506235 grTexDownloadMipMap #241 00000000 00302000 00000003 0099E5FC
697 t=506235 grTexSource #2794 00000000 00302000 00000003 0099E5FC
698 t=506235 grTexDownloadMipMap #242 00000000 00303000 00000003 0099E5FC
699 t=506235 grTexSource #2800 00000000 00303000 00000003 0099E5FC
700 t=506235 grTexDownloadMipMap #243 00000000 00304000 00000003 0099E5FC
701 t=506235 grTexSource #2804 00000000 00304000 00000003 0099E5FC
702 t=506235 grTexDownloadMipMap #244 00000000 00305000 00000003 0099E5FC
703 t=506235 grTexSource #2808 00000000 00305000 00000003 0099E5FC
704 t=506235 grTexDownloadMipMap #245 00000000 00306000 00000003 0099E5FC
705 t=506235 grTexSource #2813 00000000 00306000 00000003 0099E5FC
706 t=506235 grTexDownloadMipMap #246 00000000 00307000 00000003 0099E5FC
707 t=506235 grTexSource #2820 00000000 00307000 00000003 0099E5FC
708 t=506235 grTexDownloadMipMap #247 00000000 00308000 00000003 0099E5FC
709 t=506235 grTexSource #2823 00000000 00308000 00000003 0099E5FC
710 t=506260 grTexDownloadMipMap #248 00000000 00170000 00000003 0099EE88
711 t=506260 grTexSource #2836 00000000 00170000 00000003 0099EE88
712 t=506260 grTexDownloadMipMap #249 00000000 00180000 00000003 0099EE88
713 t=506260 grTexSource #2837 00000000 00180000 00000003 0099EE88
714 t=506260 grConstantColorValue #3 000000FF
715 t=506260 grTexDownloadMipMap #250 00000000 00190000 00000003 0099EE88
716 t=506260 grTexSource #2838 00000000 00190000 00000003 0099EE88
717 t=506260 grTexDownloadMipMap #251 00000000 001A0000 00000003 0099EE88
718 t=506260 grTexSource #2839 00000000 001A0000 00000003 0099EE88
719 t=506260 grConstantColorValue #4 000000FF
720 t=506300 grTexDownloadMipMap #252 00000000 001B0000 00000003 0099EE88
721 t=506300 grTexSource #2911 00000000 001B0000 00000003 0099EE88
722 t=506300 grTexDownloadMipMap #253 00000000 001C0000 00000003 0099EE88
723 t=506300 grTexSource #2912 00000000 001C0000 00000003 0099EE88
724 t=506300 grConstantColorValue #5 000000FF
725 t=506300 grTexDownloadMipMap #254 00000000 001D0000 00000003 0099EE88
726 t=506300 grTexSource #2913 00000000 001D0000 00000003 0099EE88
727 t=506300 grTexDownloadMipMap #255 00000000 001E0000 00000003 0099EE88
728 t=506300 grTexSource #2914 00000000 001E0000 00000003 0099EE88
729 t=506300 grConstantColorValue #6 000000FF
730 t=506340 grTexDownloadMipMap #256 00000000 00010000 00000003 0099EE88
731 t=506340 grTexSource #2986 00000000 00010000 00000003 0099EE88
732 t=506340 grTexDownloadMipMap #257 00000000 00020000 00000003 0099EE88
733 t=506340 grTexSource #2987 00000000 00020000 00000003 0099EE88
734 t=506340 grConstantColorValue #7 000000FF
735 t=506340 grTexDownloadMipMap #258 00000000 00030000 00000003 0099EE88
736 t=506340 grTexSource #2988 00000000 00030000 00000003 0099EE88
737 t=506340 grTexDownloadMipMap #259 00000000 00040000 00000003 0099EE88
738 t=506340 distinct-argument set full; only samples and frames log now
739 t=506340 grConstantColorValue #8 000000FF
740 t=506380 grConstantColorValue #9 000000FF
741 t=506380 grConstantColorValue #10 000000FF
742 t=506420 grConstantColorValue #11 000000FF
743 t=506420 grConstantColorValue #12 000000FF
744 t=506460 grConstantColorValue #13 000000FF
745 t=506460 grConstantColorValue #14 000000FF
746 t=506500 grConstantColorValue #15 000000FF
747 t=506500 grConstantColorValue #16 000000FF
748 t=506540 grConstantColorValue #17 000000FF
749 t=506540 grConstantColorValue #18 000000FF
750 t=506580 grConstantColorValue #19 000000FF
751 t=506580 grConstantColorValue #20 000000FF
752 t=506620 grConstantColorValue #21 000000FF
753 t=506620 grConstantColorValue #22 000000FF
754 t=506660 grConstantColorValue #23 000000FF
755 t=506660 grConstantColorValue #24 000000FF
756 t=506700 grConstantColorValue #25 000000FF
757 t=509180 summary periodic swaps=308
758 t=509180   grAlphaBlendFunction 599
759 t=509180   grAlphaCombine 599
760 t=509180   grBufferClear 612
761 t=509180   grBufferSwap 308
762 t=509180   grChromakeyMode 303
763 t=509180   grChromakeyValue 3
764 t=509180   grColorCombine 303
765 t=509180   grColorMask 3
766 t=509180   grConstantColorValue 148
767 t=509180   grCoordinateSpace 3
768 t=509180   grDepthMask 3
769 t=509180   grDitherMode 8446
770 t=509180   grDrawVertexArrayContiguous 8298
771 t=509180   grFinish 2
772 t=509180   grGet 13
773 t=509180   grGetString 4
774 t=509180   grGlideInit 3
775 t=509180   grGlideShutdown 2
776 t=509180   grLoadGammaTable 3
777 t=509180   grSstSelect 3
778 t=509180   grSstWinClose 2
779 t=509180   grSstWinOpen 3
780 t=509180   grTexCombine 4
781 t=509180   grTexDownloadMipMap 539
782 t=509180   grTexDownloadTable 7
783 t=509180   grTexFilterMode 306
784 t=509180   grTexMaxAddress 3
785 t=509180   grTexMinAddress 3
786 t=509185   grTexSource 8298
787 t=509185   grVertexLayout 12
788 t=516060 grTexDownloadTable #8 00000002 024A4DB0
789 t=516100 grTexDownloadTable #9 00000002 024A4DB0
790 t=516105 grTexDownloadMipMap #1233 00000000 00130000 00000003 0099EEB4
791 t=516105 grTexSource #21133 00000000 00130000 00000003 0099EEB4
792 t=516105 grTexDownloadMipMap #1234 00000000 00140000 00000003 0099EEB4
793 t=516105 grTexSource #21134 00000000 00140000 00000003 0099EEB4
794 t=516105 grTexDownloadMipMap #1235 00000000 00309000 00000003 0099EEB4
795 t=516105 grTexSource #21135 00000000 00309000 00000003 0099EEB4
796 t=516105 grTexDownloadMipMap #1240 00000000 00208000 00000003 0099EE84
797 t=516105 grTexDownloadMipMap info small=8 large=8 aspect=2 format=05
798 t=516105 grTexSource #21140 00000000 00208000 00000003 0099EE84
799 t=516105 grTexDownloadMipMap #1241 00000000 0030A000 00000003 0099EE84
800 t=516105 grTexDownloadMipMap info small=6 large=6 aspect=-2 format=05
801 t=516105 grTexSource #21141 00000000 0030A000 00000003 0099EE84
802 t=516178 grTexDownloadMipMap #1242 00000000 0030B000 00000003 0099EE04
803 t=516178 grTexDownloadMipMap info small=5 large=5 aspect=0 format=05
804 t=516178 grTexSource #21142 00000000 0030B000 00000003 0099EE04
805 t=516178 grAlphaBlendFunction #1460 00000000 00000002 00000000 00000000
806 t=516178 grTexDownloadMipMap #1243 00000000 0030C000 00000003 0099EE04
807 t=516178 grTexSource #21143 00000000 0030C000 00000003 0099EE04
808 t=516178 grTexDownloadMipMap #1244 00000000 0030D000 00000003 0099EE04
809 t=516178 grTexSource #21144 00000000 0030D000 00000003 0099EE04
810 t=516178 grTexDownloadMipMap #1245 00000000 0030E000 00000003 0099EE04
811 t=516178 grTexSource #21145 00000000 0030E000 00000003 0099EE04
812 t=516178 grTexDownloadMipMap #1246 00000000 0030F000 00000003 0099EE04
813 t=516178 grTexSource #21146 00000000 0030F000 00000003 0099EE04
814 t=516178 grTexDownloadMipMap #1247 00000000 00310000 00000003 0099EE04
815 t=516180 grTexSource #21147 00000000 00310000 00000003 0099EE04
816 t=516180 grTexDownloadMipMap #1248 00000000 00311000 00000003 0099EE04
817 t=516180 grTexSource #21148 00000000 00311000 00000003 0099EE04
818 t=516180 grTexDownloadMipMap #1249 00000000 00312000 00000003 0099EE04
819 t=516180 grTexSource #21149 00000000 00312000 00000003 0099EE04
820 t=516180 grTexDownloadMipMap #1250 00000000 00313000 00000003 0099EE04
821 t=516180 grTexSource #21151 00000000 00313000 00000003 0099EE04
822 t=516180 grTexDownloadMipMap #1251 00000000 00314000 00000003 0099EE04
823 t=516180 grTexSource #21152 00000000 00314000 00000003 0099EE04
824 t=516180 grTexDownloadMipMap #1252 00000000 00315000 00000003 0099EE04
825 t=516180 grTexSource #21154 00000000 00315000 00000003 0099EE04
826 t=516180 grTexDownloadMipMap #1253 00000000 00316000 00000003 0099EE04
827 t=516180 grTexSource #21158 00000000 00316000 00000003 0099EE04
828 t=516180 grTexDownloadMipMap #1254 00000000 00317000 00000003 0099EE04
829 t=516180 grTexSource #21160 00000000 00317000 00000003 0099EE04
830 t=516180 grTexDownloadMipMap #1255 00000000 00318000 00000003 0099EE04
831 t=516180 grTexSource #21162 00000000 00318000 00000003 0099EE04
832 t=516180 grTexDownloadMipMap #1256 00000000 00319000 00000003 0099EE04
833 t=516180 grTexSource #21165 00000000 00319000 00000003 0099EE04
834 t=516180 grTexDownloadMipMap #1257 00000000 0031A000 00000003 0099EE04
835 t=516180 grTexSource #21167 00000000 0031A000 00000003 0099EE04
836 t=516180 grTexDownloadMipMap #1258 00000000 0031B000 00000003 0099E5FC
837 t=516180 grTexDownloadMipMap info small=4 large=4 aspect=0 format=05
838 t=516180 grTexSource #21171 00000000 0031B000 00000003 0099E5FC
839 t=516180 grTexDownloadMipMap #1259 00000000 0031C000 00000003 0099E5FC
840 t=516180 grTexSource #21172 00000000 0031C000 00000003 0099E5FC
841 t=516180 grTexDownloadMipMap #1260 00000000 0031D000 00000003 0099E5FC
842 t=516180 grTexSource #21173 00000000 0031D000 00000003 0099E5FC
843 t=516180 grTexDownloadMipMap #1261 00000000 0031E000 00000003 0099E5FC
844 t=516180 grTexSource #21174 00000000 0031E000 00000003 0099E5FC
845 t=516185 grTexDownloadMipMap #1262 00000000 0031F000 00000003 0099E5FC
846 t=516185 grTexSource #21175 00000000 0031F000 00000003 0099E5FC
847 t=516185 grTexDownloadMipMap #1270 00000000 00327000 00000003 0099EF1C
848 t=516185 grTexSource #21187 00000000 00327000 00000003 0099EF1C
849 t=524205 summary periodic swaps=680
850 t=524205   grAlphaBlendFunction 3263
851 t=524205   grAlphaCombine 3263
852 t=524205   grBufferClear 1356
853 t=524205   grBufferSwap 680
854 t=524205   grChromakeyMode 675
855 t=524205   grChromakeyValue 3
856 t=524205   grColorCombine 675
857 t=524205   grColorMask 3
858 t=524205   grConstantColorValue 6319
859 t=524205   grCoordinateSpace 3
860 t=524205   grDepthMask 3
861 t=524205   grDitherMode 40306
862 t=524205   grDrawVertexArrayContiguous 33987
863 t=524205   grFinish 2
864 t=524205   grGet 13
865 t=524205   grGetString 4
866 t=524205   grGlideInit 3
867 t=524205   grGlideShutdown 2
868 t=524205   grLoadGammaTable 3
869 t=524205   grSstSelect 3
870 t=524205   grSstWinClose 2
871 t=524210   grSstWinOpen 3
872 t=524210   grTexCombine 4
873 t=524210   grTexDownloadMipMap 2070
874 t=524210   grTexDownloadTable 9
875 t=524210   grTexFilterMode 678
876 t=524210   grTexMaxAddress 3
877 t=524210   grTexMinAddress 3
878 t=524210   grTexSource 33987
879 t=524210   grVertexLayout 12
880 t=539210 summary periodic swaps=1048
881 t=539210   grAlphaBlendFunction 6575
882 t=539210   grAlphaCombine 6575
883 t=539210   grBufferClear 2092
884 t=539210   grBufferSwap 1048
885 t=539210   grChromakeyMode 1043
886 t=539210   grChromakeyValue 3
887 t=539210   grColorCombine 1043
888 t=539210   grColorMask 3
889 t=539210   grConstantColorValue 16991
890 t=539210   grCoordinateSpace 3
891 t=539210   grDepthMask 3
892 t=539210   grDitherMode 74530
893 t=539210   grDrawVertexArrayContiguous 57539
894 t=539210   grFinish 2
895 t=539210   grGet 13
896 t=539210   grGetString 4
897 t=539210   grGlideInit 3
898 t=539210   grGlideShutdown 2
899 t=539210   grLoadGammaTable 3
900 t=539210   grSstSelect 3
901 t=539210   grSstWinClose 2
902 t=539210   grSstWinOpen 3
903 t=539210   grTexCombine 4
904 t=539210   grTexDownloadMipMap 3540
905 t=539210   grTexDownloadTable 9
906 t=539210   grTexFilterMode 1046
907 t=539210   grTexMaxAddress 3
908 t=539210   grTexMinAddress 3
909 t=539210   grTexSource 57539
910 t=539210   grVertexLayout 12
