1 t=725458 attach census build=6561d08-dirty process=C:\PROGRAM FILES\DIABLO II SHAREWARE\DIABLO II.EXE
2 t=725458 board fb=4194304 tmu=4194304 tmus=1 maxtex=256 hardware=Voodoo3
3 t=725461 grGet #1 0000000F 00000004 024A53D4
4 t=725461 grGet pname=0F -> 1 (4 bytes)
5 t=725461 grGlideInit #1
6 t=725461 grSstSelect #1 00000000
7 t=725461 grGetString #1 000000A1
8 t=725461 grGetString #2 000000A3
9 t=725461 grGetString #3 000000A2
10 t=725461 grGetString #4 000000A4
11 t=725495 grSstWinOpen #1 00000168 00000007 00000000 00000002 00000000 00000002 00000000
12 t=725500 grGet #2 0000000A 00000004 0099EEF4
13 t=725500 grGet pname=0A -> 256 (4 bytes)
14 t=725500 grGet #3 0000000B 00000004 0099EEF0
15 t=725500 grGet pname=0B -> 3 (4 bytes)
16 t=725500 grGet #4 00000011 00000004 0099EEFC
17 t=725500 grGet pname=11 -> 1 (4 bytes)
18 t=725500 grGet #5 00000013 00000004 024A53C4
19 t=725500 grGet pname=13 -> 1 (4 bytes)
20 t=725500 grGet #6 00000024 00000004 024A53CC
21 t=725500 grGet pname=24 -> 8 (4 bytes)
22 t=725500 grGet #7 0000000E 00000004 0099EF00
23 t=725500 grGet pname=0E -> 0 (4 bytes)
24 t=725500 grCoordinateSpace #1 00000000
25 t=725500 grVertexLayout #1 00000001 00000000 00000001
26 t=725500 grVertexLayout #2 00000050 0000000C 00000001
27 t=725500 grVertexLayout #3 00000040 00000010 00000001
28 t=725500 grVertexLayout #4 00000030 00000008 00000001
29 t=725500 grDepthMask #1 00000000
30 t=725500 grColorMask #1 00000001 00000000
31 t=725500 grTexCombine #1 00000000 00000001 00000000 00000001 00000000 00000000 00000000
32 t=725500 grTexFilterMode #1 00000000 00000000 00000000
33 t=725500 grTexCombine #2 00000000 00000001 00000000 00000001 00000000 00000000 00000000
34 t=725500 grChromakeyValue #1 000000FF
35 t=725500 grTexMinAddress #1 00000000
36 t=725500 grTexMaxAddress #1 00000000
37 t=725500 grTexDownloadMipMap #1 00000000 00000000 00000003 024A17C0
38 t=725500 grTexDownloadMipMap info small=4 large=4 aspect=-1 format=05
39 t=725500 grTexDownloadMipMap #2 00000000 00000080 00000003 024A17C0
40 t=725500 grTexDownloadMipMap #3 00000000 00000100 00000003 024A17C0
41 t=725500 grTexDownloadMipMap #4 00000000 00000180 00000003 024A17C0
42 t=725500 grTexDownloadMipMap #5 00000000 00000200 00000003 024A17C0
43 t=725500 grTexDownloadMipMap #6 00000000 00000280 00000003 024A17C0
44 t=725500 grTexDownloadMipMap #7 00000000 00000300 00000003 024A17C0
45 t=725505 grTexDownloadMipMap #8 00000000 00000380 00000003 024A17C0
46 t=725505 grTexDownloadMipMap #9 00000000 00000400 00000003 024A17C0
47 t=725505 grTexDownloadMipMap #10 00000000 00000480 00000003 024A17C0
48 t=725505 grTexDownloadMipMap #11 00000000 00000500 00000003 024A17C0
49 t=725505 grTexDownloadMipMap #12 00000000 00000580 00000003 024A17C0
50 t=725505 grTexDownloadMipMap #13 00000000 00000600 00000003 024A17C0
51 t=725505 grTexDownloadMipMap #14 00000000 00000680 00000003 024A17C0
52 t=725505 grTexDownloadMipMap #15 00000000 00000700 00000003 024A17C0
53 t=725505 grTexDownloadMipMap #16 00000000 00000780 00000003 024A17C0
54 t=725505 grTexDownloadMipMap #17 00000000 00000800 00000003 024A17C0
55 t=725505 grTexDownloadMipMap #18 00000000 00000880 00000003 024A17C0
56 t=725505 grTexDownloadMipMap #19 00000000 00000900 00000003 024A17C0
57 t=725505 grTexDownloadMipMap #20 00000000 00000980 00000003 024A17C0
58 t=725505 grTexDownloadMipMap #21 00000000 00000A00 00000003 024A17C0
59 t=725505 grTexDownloadMipMap #22 00000000 00000A80 00000003 024A17C0
60 t=725505 grTexDownloadMipMap #23 00000000 00000B00 00000003 024A17C0
61 t=725505 grTexDownloadMipMap #24 00000000 00000B80 00000003 024A17C0
62 t=725505 grTexDownloadMipMap #25 00000000 00000C00 00000003 024A17C0
63 t=725505 grTexDownloadMipMap #26 00000000 00000C80 00000003 024A17C0
64 t=725505 grTexDownloadMipMap #27 00000000 00000D00 00000003 024A17C0
65 t=725505 grTexDownloadMipMap #28 00000000 00000D80 00000003 024A17C0
66 t=725505 grTexDownloadMipMap #29 00000000 00000E00 00000003 024A17C0
67 t=725505 grTexDownloadMipMap #30 00000000 00000E80 00000003 024A17C0
68 t=725505 grTexDownloadMipMap #31 00000000 00000F00 00000003 024A17C0
69 t=725505 grTexDownloadMipMap #32 00000000 00000F80 00000003 024A17C0
70 t=725505 grTexDownloadMipMap #33 00000000 00001000 00000003 024A17C0
71 t=725505 grTexDownloadMipMap #34 00000000 00001080 00000003 024A17C0
72 t=725505 grTexDownloadMipMap #35 00000000 00001100 00000003 024A17C0
73 t=725505 grTexDownloadMipMap #36 00000000 00001180 00000003 024A17C0
74 t=725505 grTexDownloadMipMap #37 00000000 00001200 00000003 024A17C0
75 t=725505 grTexDownloadMipMap #38 00000000 00001280 00000003 024A17C0
76 t=725505 grTexDownloadMipMap #39 00000000 00001300 00000003 024A17C0
77 t=725505 grTexDownloadMipMap #40 00000000 00001380 00000003 024A17C0
78 t=725505 grTexDownloadMipMap #41 00000000 00001400 00000003 024A17C0
79 t=725505 grTexDownloadMipMap #42 00000000 00001480 00000003 024A17C0
80 t=725510 grTexDownloadMipMap #43 00000000 00001500 00000003 024A17C0
81 t=725510 grTexDownloadMipMap #44 00000000 00001580 00000003 024A17C0
82 t=725510 grTexDownloadMipMap #45 00000000 00001600 00000003 024A17C0
83 t=725510 grTexDownloadMipMap #46 00000000 00001680 00000003 024A17C0
84 t=725510 grTexDownloadMipMap #47 00000000 00001700 00000003 024A17C0
85 t=725510 grTexDownloadMipMap #48 00000000 00001780 00000003 024A17C0
86 t=725510 grTexDownloadMipMap #49 00000000 00001800 00000003 024A17C0
87 t=725510 grTexDownloadMipMap #50 00000000 00001880 00000003 024A17C0
88 t=725510 grTexDownloadMipMap #51 00000000 00001900 00000003 024A17C0
89 t=725510 grTexDownloadMipMap #52 00000000 00001980 00000003 024A17C0
90 t=725510 grTexDownloadMipMap #53 00000000 00001A00 00000003 024A17C0
91 t=725510 grTexDownloadMipMap #54 00000000 00001A80 00000003 024A17C0
92 t=725510 grTexDownloadMipMap #55 00000000 00001B00 00000003 024A17C0
93 t=725510 grTexDownloadMipMap #56 00000000 00001B80 00000003 024A17C0
94 t=725510 grTexDownloadMipMap #57 00000000 00001C00 00000003 024A17C0
95 t=725510 grTexDownloadMipMap #58 00000000 00001C80 00000003 024A17C0
96 t=725510 grTexDownloadMipMap #59 00000000 00001D00 00000003 024A17C0
97 t=725510 grTexDownloadMipMap #60 00000000 00001D80 00000003 024A17C0
98 t=725510 grTexDownloadMipMap #61 00000000 00001E00 00000003 024A17C0
99 t=725510 grTexDownloadMipMap #62 00000000 00001E80 00000003 024A17C0
100 t=725510 grTexDownloadMipMap #63 00000000 00001F00 00000003 024A17C0
101 t=725510 grTexDownloadMipMap #64 00000000 00001F80 00000003 024A17C0
102 t=725510 grTexDownloadMipMap #65 00000000 00002000 00000003 024A17C0
103 t=725510 grTexDownloadMipMap #66 00000000 00002080 00000003 024A17C0
104 t=725510 grTexDownloadMipMap #67 00000000 00002100 00000003 024A17C0
105 t=725510 grTexDownloadMipMap #68 00000000 00002180 00000003 024A17C0
106 t=725510 grTexDownloadMipMap #69 00000000 00002200 00000003 024A17C0
107 t=725510 grTexDownloadMipMap #70 00000000 00002280 00000003 024A17C0
108 t=725510 grTexDownloadMipMap #71 00000000 00002300 00000003 024A17C0
109 t=725510 grTexDownloadMipMap #72 00000000 00002380 00000003 024A17C0
110 t=725510 grTexDownloadMipMap #73 00000000 00002400 00000003 024A17C0
111 t=725510 grTexDownloadMipMap #74 00000000 00002480 00000003 024A17C0
112 t=725510 grTexDownloadMipMap #75 00000000 00002500 00000003 024A17C0
113 t=725510 grTexDownloadMipMap #76 00000000 00002580 00000003 024A17C0
114 t=725515 grTexDownloadMipMap #77 00000000 00002600 00000003 024A17C0
115 t=725515 grTexDownloadMipMap #78 00000000 00002680 00000003 024A17C0
116 t=725515 grTexDownloadMipMap #79 00000000 00002700 00000003 024A17C0
117 t=725515 grTexDownloadMipMap #80 00000000 00002780 00000003 024A17C0
118 t=725515 grTexDownloadMipMap #81 00000000 00002800 00000003 024A17C0
119 t=725515 grTexDownloadMipMap #82 00000000 00002880 00000003 024A17C0
120 t=725515 grTexDownloadMipMap #83 00000000 00002900 00000003 024A17C0
121 t=725515 grTexDownloadMipMap #84 00000000 00002980 00000003 024A17C0
122 t=725517 grTexDownloadMipMap #85 00000000 00002A00 00000003 024A17C0
123 t=725517 grTexDownloadMipMap #86 00000000 00002A80 00000003 024A17C0
124 t=725517 grTexDownloadMipMap #87 00000000 00002B00 00000003 024A17C0
125 t=725517 grTexDownloadMipMap #88 00000000 00002B80 00000003 024A17C0
126 t=725517 grTexDownloadMipMap #89 00000000 00002C00 00000003 024A17C0
127 t=725517 grTexDownloadMipMap #90 00000000 00002C80 00000003 024A17C0
128 t=725517 grTexDownloadMipMap #91 00000000 00002D00 00000003 024A17C0
129 t=725517 grTexDownloadMipMap #92 00000000 00002D80 00000003 024A17C0
130 t=725517 grTexDownloadMipMap #93 00000000 00002E00 00000003 024A17C0
131 t=725517 grTexDownloadMipMap #94 00000000 00002E80 00000003 024A17C0
132 t=725517 grTexDownloadMipMap #95 00000000 00002F00 00000003 024A17C0
133 t=725517 grTexDownloadMipMap #96 00000000 00002F80 00000003 024A17C0
134 t=725517 grBufferClear #1 00000000 00000000 00000000
135 t=725517 grBufferSwap #1 00000001
136 t=725517 ---- frame ----
137 t=725535 grGet #8 00000005 00000004 0099EEF8
138 t=725535 grGet pname=05 -> 256 (4 bytes)
139 t=725535 grGet #9 0000002A 00000004 0099EEFC
140 t=725535 grGet pname=2A -> 8 (4 bytes)
141 t=725535 grLoadGammaTable #1 00000100 03260090 03260090 03260090
142 t=725590 grTexDownloadTable #1 00000002 024A4DB0
143 t=725590 grTexDownloadTable #2 00000002 024A4DB0
144 t=725973 grTexDownloadTable #3 00000002 024A4DB0
145 t=725973 grFinish #1
146 t=725973 grSstWinClose #1 00000001
147 t=725973 grGlideShutdown #1
148 t=725973 summary shutdown swaps=1
149 t=725973   grBufferClear 1
150 t=725973   grBufferSwap 1
151 t=725973   grChromakeyValue 1
152 t=725973   grColorMask 1
153 t=725975   grCoordinateSpace 1
154 t=725975   grDepthMask 1
155 t=725975   grFinish 1
156 t=725975   grGet 9
157 t=725975   grGetString 4
158 t=725975   grGlideInit 1
159 t=725975   grGlideShutdown 1
160 t=725975   grLoadGammaTable 1
161 t=725975   grSstSelect 1
162 t=725975   grSstWinClose 1
163 t=725975   grSstWinOpen 1
164 t=725975   grTexCombine 2
165 t=725975   grTexDownloadMipMap 96
166 t=725975   grTexDownloadTable 3
167 t=725975   grTexFilterMode 1
168 t=725975   grTexMaxAddress 1
169 t=725975   grTexMinAddress 1
170 t=725975   grVertexLayout 4
171 t=725975 grGlideInit #2
172 t=725975 grSstSelect #2 00000000
173 t=726000 grSstWinOpen #2 00000168 00000007 00000000 00000002 00000000 00000002 00000000
174 t=726005 grCoordinateSpace #2 00000000
175 t=726005 grVertexLayout #5 00000001 00000000 00000001
176 t=726005 grVertexLayout #6 00000050 0000000C 00000001
177 t=726005 grVertexLayout #7 00000040 00000010 00000001
178 t=726005 grVertexLayout #8 00000030 00000008 00000001
179 t=726005 grDepthMask #2 00000000
180 t=726005 grColorMask #2 00000001 00000000
181 t=726005 grTexFilterMode #2 00000000 00000000 00000000
182 t=726005 grTexCombine #3 00000000 00000001 00000000 00000001 00000000 00000000 00000000
183 t=726005 grChromakeyValue #2 000000FF
184 t=726005 grTexMinAddress #2 00000000
185 t=726005 grTexMaxAddress #2 00000000
186 t=726005 grTexDownloadMipMap #97 00000000 00000000 00000003 024A17C0
187 t=726005 grTexDownloadMipMap #98 00000000 00000080 00000003 024A17C0
188 t=726005 grTexDownloadMipMap #99 00000000 00000100 00000003 024A17C0
189 t=726005 grTexDownloadMipMap #100 00000000 00000180 00000003 024A17C0
190 t=726005 grTexDownloadMipMap #101 00000000 00000200 00000003 024A17C0
191 t=726005 grTexDownloadMipMap #102 00000000 00000280 00000003 024A17C0
192 t=726005 grTexDownloadMipMap #103 00000000 00000300 00000003 024A17C0
193 t=726005 grTexDownloadMipMap #104 00000000 00000380 00000003 024A17C0
194 t=726005 grTexDownloadMipMap #105 00000000 00000400 00000003 024A17C0
195 t=726005 grTexDownloadMipMap #106 00000000 00000480 00000003 024A17C0
196 t=726005 grTexDownloadMipMap #107 00000000 00000500 00000003 024A17C0
197 t=726005 grTexDownloadMipMap #108 00000000 00000580 00000003 024A17C0
198 t=726005 grTexDownloadMipMap #109 00000000 00000600 00000003 024A17C0
199 t=726005 grTexDownloadMipMap #110 00000000 00000680 00000003 024A17C0
200 t=726005 grTexDownloadMipMap #111 00000000 00000700 00000003 024A17C0
201 t=726005 grTexDownloadMipMap #112 00000000 00000780 00000003 024A17C0
202 t=726005 grTexDownloadMipMap #113 00000000 00000800 00000003 024A17C0
203 t=726005 grTexDownloadMipMap #114 00000000 00000880 00000003 024A17C0
204 t=726005 grTexDownloadMipMap #115 00000000 00000900 00000003 024A17C0
205 t=726005 grTexDownloadMipMap #116 00000000 00000980 00000003 024A17C0
206 t=726005 grTexDownloadMipMap #117 00000000 00000A00 00000003 024A17C0
207 t=726005 grTexDownloadMipMap #118 00000000 00000A80 00000003 024A17C0
208 t=726010 grTexDownloadMipMap #119 00000000 00000B00 00000003 024A17C0
209 t=726010 grTexDownloadMipMap #120 00000000 00000B80 00000003 024A17C0
210 t=726010 grTexDownloadMipMap #121 00000000 00000C00 00000003 024A17C0
211 t=726010 grTexDownloadMipMap #122 00000000 00000C80 00000003 024A17C0
212 t=726010 grTexDownloadMipMap #123 00000000 00000D00 00000003 024A17C0
213 t=726010 grTexDownloadMipMap #124 00000000 00000D80 00000003 024A17C0
214 t=726010 grTexDownloadMipMap #125 00000000 00000E00 00000003 024A17C0
215 t=726010 grTexDownloadMipMap #126 00000000 00000E80 00000003 024A17C0
216 t=726010 grTexDownloadMipMap #127 00000000 00000F00 00000003 024A17C0
217 t=726010 grTexDownloadMipMap #128 00000000 00000F80 00000003 024A17C0
218 t=726010 grTexDownloadMipMap #129 00000000 00001000 00000003 024A17C0
219 t=726010 grTexDownloadMipMap #130 00000000 00001080 00000003 024A17C0
220 t=726010 grTexDownloadMipMap #131 00000000 00001100 00000003 024A17C0
221 t=726010 grTexDownloadMipMap #132 00000000 00001180 00000003 024A17C0
222 t=726010 grTexDownloadMipMap #133 00000000 00001200 00000003 024A17C0
223 t=726010 grTexDownloadMipMap #134 00000000 00001280 00000003 024A17C0
224 t=726010 grTexDownloadMipMap #135 00000000 00001300 00000003 024A17C0
225 t=726010 grTexDownloadMipMap #136 00000000 00001380 00000003 024A17C0
226 t=726010 grTexDownloadMipMap #137 00000000 00001400 00000003 024A17C0
227 t=726010 grTexDownloadMipMap #138 00000000 00001480 00000003 024A17C0
228 t=726010 grTexDownloadMipMap #139 00000000 00001500 00000003 024A17C0
229 t=726010 grTexDownloadMipMap #140 00000000 00001580 00000003 024A17C0
230 t=726010 grTexDownloadMipMap #141 00000000 00001600 00000003 024A17C0
231 t=726010 grTexDownloadMipMap #142 00000000 00001680 00000003 024A17C0
232 t=726010 grTexDownloadMipMap #143 00000000 00001700 00000003 024A17C0
233 t=726010 grTexDownloadMipMap #144 00000000 00001780 00000003 024A17C0
234 t=726010 grTexDownloadMipMap #145 00000000 00001800 00000003 024A17C0
235 t=726010 grTexDownloadMipMap #146 00000000 00001880 00000003 024A17C0
236 t=726010 grTexDownloadMipMap #147 00000000 00001900 00000003 024A17C0
237 t=726010 grTexDownloadMipMap #148 00000000 00001980 00000003 024A17C0
238 t=726010 grTexDownloadMipMap #149 00000000 00001A00 00000003 024A17C0
239 t=726010 grTexDownloadMipMap #150 00000000 00001A80 00000003 024A17C0
240 t=726010 grTexDownloadMipMap #151 00000000 00001B00 00000003 024A17C0
241 t=726010 grTexDownloadMipMap #152 00000000 00001B80 00000003 024A17C0
242 t=726015 grTexDownloadMipMap #153 00000000 00001C00 00000003 024A17C0
243 t=726015 grTexDownloadMipMap #154 00000000 00001C80 00000003 024A17C0
244 t=726015 grTexDownloadMipMap #155 00000000 00001D00 00000003 024A17C0
245 t=726015 grTexDownloadMipMap #156 00000000 00001D80 00000003 024A17C0
246 t=726015 grTexDownloadMipMap #157 00000000 00001E00 00000003 024A17C0
247 t=726015 grTexDownloadMipMap #158 00000000 00001E80 00000003 024A17C0
248 t=726015 grTexDownloadMipMap #159 00000000 00001F00 00000003 024A17C0
249 t=726015 grTexDownloadMipMap #160 00000000 00001F80 00000003 024A17C0
250 t=726015 grTexDownloadMipMap #161 00000000 00002000 00000003 024A17C0
251 t=726015 grTexDownloadMipMap #162 00000000 00002080 00000003 024A17C0
252 t=726015 grTexDownloadMipMap #163 00000000 00002100 00000003 024A17C0
253 t=726015 grTexDownloadMipMap #164 00000000 00002180 00000003 024A17C0
254 t=726015 grTexDownloadMipMap #165 00000000 00002200 00000003 024A17C0
255 t=726015 grTexDownloadMipMap #166 00000000 00002280 00000003 024A17C0
256 t=726015 grTexDownloadMipMap #167 00000000 00002300 00000003 024A17C0
257 t=726015 grTexDownloadMipMap #168 00000000 00002380 00000003 024A17C0
258 t=726015 grTexDownloadMipMap #169 00000000 00002400 00000003 024A17C0
259 t=726015 grTexDownloadMipMap #170 00000000 00002480 00000003 024A17C0
260 t=726015 grTexDownloadMipMap #171 00000000 00002500 00000003 024A17C0
261 t=726015 grTexDownloadMipMap #172 00000000 00002580 00000003 024A17C0
262 t=726015 grTexDownloadMipMap #173 00000000 00002600 00000003 024A17C0
263 t=726015 grTexDownloadMipMap #174 00000000 00002680 00000003 024A17C0
264 t=726015 grTexDownloadMipMap #175 00000000 00002700 00000003 024A17C0
265 t=726015 grTexDownloadMipMap #176 00000000 00002780 00000003 024A17C0
266 t=726015 grTexDownloadMipMap #177 00000000 00002800 00000003 024A17C0
267 t=726015 grTexDownloadMipMap #178 00000000 00002880 00000003 024A17C0
268 t=726015 grTexDownloadMipMap #179 00000000 00002900 00000003 024A17C0
269 t=726015 grTexDownloadMipMap #180 00000000 00002980 00000003 024A17C0
270 t=726015 grTexDownloadMipMap #181 00000000 00002A00 00000003 024A17C0
271 t=726015 grTexDownloadMipMap #182 00000000 00002A80 00000003 024A17C0
272 t=726015 grTexDownloadMipMap #183 00000000 00002B00 00000003 024A17C0
273 t=726015 grTexDownloadMipMap #184 00000000 00002B80 00000003 024A17C0
274 t=726015 grTexDownloadMipMap #185 00000000 00002C00 00000003 024A17C0
275 t=726015 grTexDownloadMipMap #186 00000000 00002C80 00000003 024A17C0
276 t=726015 grTexDownloadMipMap #187 00000000 00002D00 00000003 024A17C0
277 t=726020 grTexDownloadMipMap #188 00000000 00002D80 00000003 024A17C0
278 t=726020 grTexDownloadMipMap #189 00000000 00002E00 00000003 024A17C0
279 t=726020 grTexDownloadMipMap #190 00000000 00002E80 00000003 024A17C0
280 t=726020 grTexDownloadMipMap #191 00000000 00002F00 00000003 024A17C0
281 t=726020 grTexDownloadMipMap #192 00000000 00002F80 00000003 024A17C0
282 t=726020 grBufferClear #2 00000000 00000000 00000000
283 t=726020 grBufferSwap #2 00000001
284 t=726020 ---- frame ----
285 t=726040 grGet #10 00000005 00000004 0099ED94
286 t=726040 grGet pname=05 -> 256 (4 bytes)
287 t=726040 grGet #11 0000002A 00000004 0099ED98
288 t=726040 grGet pname=2A -> 8 (4 bytes)
289 t=726040 grLoadGammaTable #2 00000100 03B30090 03B30090 03B30090
290 t=726040 grBufferClear #3 00000000 00000000 00000000
291 t=726040 grBufferSwap #3 00000001
292 t=726060 grBufferClear #4 00000000 00000000 00000000
293 t=726060 grBufferSwap #4 00000001
294 t=726080 grFinish #2
295 t=726080 grSstWinClose #2 00000001
296 t=726080 grGlideShutdown #2
297 t=726080 summary shutdown swaps=4
298 t=726080   grBufferClear 4
299 t=726080   grBufferSwap 4
300 t=726080   grChromakeyValue 2
301 t=726080   grColorMask 2
302 t=726080   grCoordinateSpace 2
303 t=726080   grDepthMask 2
304 t=726080   grFinish 2
305 t=726080   grGet 11
306 t=726080   grGetString 4
307 t=726080   grGlideInit 2
308 t=726080   grGlideShutdown 2
309 t=726080   grLoadGammaTable 2
310 t=726080   grSstSelect 2
311 t=726080   grSstWinClose 2
312 t=726080   grSstWinOpen 2
313 t=726080   grTexCombine 3
314 t=726080   grTexDownloadMipMap 192
315 t=726080   grTexDownloadTable 3
316 t=726080   grTexFilterMode 2
317 t=726080   grTexMaxAddress 2
318 t=726080   grTexMinAddress 2
319 t=726080   grVertexLayout 8
320 t=726080 grGlideInit #3
321 t=726080 grSstSelect #3 00000000
322 t=726110 grSstWinOpen #3 00000168 00000008 00000000 00000002 00000000 00000002 00000000
323 t=726110 grCoordinateSpace #3 00000000
324 t=726110 grVertexLayout #9 00000001 00000000 00000001
325 t=726110 grVertexLayout #10 00000050 0000000C 00000001
326 t=726110 grVertexLayout #11 00000040 00000010 00000001
327 t=726110 grVertexLayout #12 00000030 00000008 00000001
328 t=726110 grDepthMask #3 00000000
329 t=726110 grColorMask #3 00000001 00000000
330 t=726110 grTexFilterMode #3 00000000 00000000 00000000
331 t=726110 grTexCombine #4 00000000 00000001 00000000 00000001 00000000 00000000 00000000
332 t=726110 grChromakeyValue #3 000000FF
333 t=726110 grTexMinAddress #3 00000000
334 t=726110 grTexMaxAddress #3 00000000
335 t=726110 grBufferClear #5 00000000 00000000 00000000
336 t=726110 grBufferSwap #5 00000001
337 t=726130 grGet #12 00000005 00000004 0099ED34
338 t=726130 grGet pname=05 -> 256 (4 bytes)
339 t=726130 grGet #13 0000002A 00000004 0099ED38
340 t=726130 grGet pname=2A -> 8 (4 bytes)
341 t=726130 grLoadGammaTable #3 00000100 03B30090 03B30090 03B30090
342 t=726130 grTexDownloadTable #4 00000002 024A4DB0
343 t=726170 grTexDownloadTable #5 00000002 024A4DB0
344 t=726175 grBufferClear #6 00000000 00000000 00000000
345 t=726175 grChromakeyMode #1 00000001
346 t=726175 grBufferClear #7 00000000 00000000 00000000
347 t=726175 grTexDownloadMipMap #193 00000000 00010000 00000003 0099EEB0
348 t=726175 grTexDownloadMipMap info small=8 large=8 aspect=0 format=05
349 t=726175 grTexSource #1 00000000 00010000 00000003 0099EEB0
350 t=726175 grAlphaCombine #1 00000000 00000000 00000001 00000002 00000000
351 t=726175 grAlphaBlendFunction #1 00000004 00000000 00000000 00000000
352 t=726175 grColorCombine #1 00000003 00000001 00000000 00000001 00000000
353 t=726175 grTexFilterMode #4 00000000 00000000 00000000
354 t=726175 grDrawVertexArrayContiguous #1 00000005 00000004 024A6E98 0000001C
355 t=726175 grDrawVertexArrayContiguous vertex 00000000 00000000 FFFFFFFF 3F800000 00000000 00000000 00000000 00000000 43800000 FFFFFFFF 3F800000 00000000 43800000 00000000 43800000 43800000
356 t=726175 grDitherMode #1 00000002
357 t=726175 grTexDownloadMipMap #194 00000000 00020000 00000003 0099EEB0
358 t=726175 grTexSource #2 00000000 00020000 00000003 0099EEB0
359 t=726175 grDrawVertexArrayContiguous #2 00000005 00000004 024A6E98 0000001C
360 t=726175 grDrawVertexArrayContiguous vertex 43800000 00000000 FFFFFFFF 3F800000 00000000 00000000 00000000 43800000 43800000 FFFFFFFF 3F800000 00000000 43800000 00000000 44000000 43800000
361 t=726175 grDitherMode #2 00000002
362 t=726175 grTexDownloadMipMap #195 00000000 00030000 00000003 0099EEB0
363 t=726180 grTexSource #3 00000000 00030000 00000003 0099EEB0
364 t=726180 grDrawVertexArrayContiguous #3 00000005 00000004 024A6E98 0000001C
365 t=726180 grDrawVertexArrayContiguous vertex 44000000 00000000 FFFFFFFF 3F800000 00000000 00000000 00000000 44000000 43800000 FFFFFFFF 3F800000 00000000 43800000 00000000 44400000 43800000
366 t=726180 grDitherMode #3 00000002
367 t=726180 grTexDownloadMipMap #196 00000000 001F0000 00000003 0099EEB0
368 t=726180 grTexDownloadMipMap info small=8 large=8 aspect=-3 format=05
369 t=726180 grTexSource #4 00000000 001F0000 00000003 0099EEB0
370 t=726180 grDrawVertexArrayContiguous #4 00000005 00000004 024A6E98 0000001C
371 t=726180 grDrawVertexArrayContiguous vertex 44400000 00000000 FFFFFFFF 3F800000 00000000 00000000 00000000 44400000 43800000 FFFFFFFF 3F800000 00000000 43800000 00000000 44480000 43800000
372 t=726180 grDitherMode #4 00000002
373 t=726180 grTexDownloadMipMap #197 00000000 00040000 00000003 0099EEB0
374 t=726180 grTexSource #5 00000000 00040000 00000003 0099EEB0
375 t=726180 grDrawVertexArrayContiguous #5 00000005 00000004 024A6E98 0000001C
376 t=726180 grDrawVertexArrayContiguous vertex 00000000 43800000 FFFFFFFF 3F800000 00000000 00000000 00000000 00000000 44000000 FFFFFFFF 3F800000 00000000 43800000 00000000 43800000 44000000
377 t=726180 grDitherMode #5 00000002
378 t=726180 grTexDownloadMipMap #198 00000000 00050000 00000003 0099EEB0
379 t=726180 grTexSource #6 00000000 00050000 00000003 0099EEB0
380 t=726180 grDrawVertexArrayContiguous #6 00000005 00000004 024A6E98 0000001C
381 t=726180 grDrawVertexArrayContiguous vertex 43800000 43800000 FFFFFFFF 3F800000 00000000 00000000 00000000 43800000 44000000 FFFFFFFF 3F800000 00000000 43800000 00000000 44000000 44000000
382 t=726180 grDitherMode #6 00000002
383 t=726180 grTexDownloadMipMap #199 00000000 00060000 00000003 0099EEB0
384 t=726180 grTexSource #7 00000000 00060000 00000003 0099EEB0
385 t=726180 grDrawVertexArrayContiguous #7 00000005 00000004 024A6E98 0000001C
386 t=726185 grDrawVertexArrayContiguous vertex 44000000 43800000 FFFFFFFF 3F800000 00000000 00000000 00000000 44000000 44000000 FFFFFFFF 3F800000 00000000 43800000 00000000 44400000 44000000
387 t=726185 grDitherMode #7 00000002
388 t=726185 grTexDownloadMipMap #200 00000000 001F4000 00000003 0099EEB0
389 t=726185 grTexSource #8 00000000 001F4000 00000003 0099EEB0
390 t=726185 grDrawVertexArrayContiguous #8 00000005 00000004 024A6E98 0000001C
391 t=726185 grDrawVertexArrayContiguous vertex 44400000 43800000 FFFFFFFF 3F800000 00000000 00000000 00000000 44400000 44000000 FFFFFFFF 3F800000 00000000 43800000 00000000 44480000 44000000
392 t=726185 grDitherMode #8 00000002
393 t=726185 grTexDownloadMipMap #201 00000000 00070000 00000003 0099EEB4
394 t=726185 grTexDownloadMipMap info small=8 large=8 aspect=1 format=05
395 t=726185 grTexSource #9 00000000 00070000 00000003 0099EEB4
396 t=726185 grDrawVertexArrayContiguous #9 00000005 00000004 024A6E98 0000001C
397 t=726185 grDitherMode #9 00000002
398 t=726185 grTexDownloadMipMap #202 00000000 00080000 00000003 0099EEB4
399 t=726185 grTexSource #10 00000000 00080000 00000003 0099EEB4
400 t=726185 grDrawVertexArrayContiguous #10 00000005 00000004 024A6E98 0000001C
401 t=726185 grDitherMode #10 00000002
402 t=726185 grTexDownloadMipMap #203 00000000 00090000 00000003 0099EEB4
403 t=726185 grTexSource #11 00000000 00090000 00000003 0099EEB4
404 t=726185 grDrawVertexArrayContiguous #11 00000005 00000004 024A6E98 0000001C
405 t=726185 grDitherMode #11 00000002
406 t=726185 grTexDownloadMipMap #204 00000000 002EC000 00000003 0099EEB4
407 t=726185 grTexDownloadMipMap info small=7 large=7 aspect=-2 format=05
408 t=726185 grTexSource #12 00000000 002EC000 00000003 0099EEB4
409 t=726185 grDrawVertexArrayContiguous #12 00000005 00000004 024A6E98 0000001C
410 t=726185 grDitherMode #12 00000002
411 t=726185 grBufferSwap #6 00000001
412 t=726210 grBufferClear #8 00000000 00000000 00000000
413 t=726215 grChromakeyMode #2 00000001
414 t=726215 grBufferClear #9 00000000 00000000 00000000
415 t=726215 grTexSource #13 00000000 00010000 00000003 0099EEB0
416 t=726215 grAlphaCombine #2 00000000 00000000 00000001 00000002 00000000
417 t=726215 grAlphaBlendFunction #2 00000004 00000000 00000000 00000000
418 t=726215 grColorCombine #2 00000003 00000001 00000000 00000001 00000000
419 t=726215 grTexFilterMode #5 00000000 00000000 00000000
420 t=726215 grDrawVertexArrayContiguous #13 00000005 00000004 024A6E98 0000001C
421 t=726215 grDitherMode #13 00000002
422 t=726215 grTexSource #14 00000000 00020000 00000003 0099EEB0
423 t=726215 grDrawVertexArrayContiguous #14 00000005 00000004 024A6E98 0000001C
424 t=726215 grDitherMode #14 00000002
425 t=726215 grTexSource #15 00000000 00030000 00000003 0099EEB0
426 t=726215 grDrawVertexArrayContiguous #15 00000005 00000004 024A6E98 0000001C
427 t=726215 grDitherMode #15 00000002
428 t=726215 grTexSource #16 00000000 001F0000 00000003 0099EEB0
429 t=726215 grDrawVertexArrayContiguous #16 00000005 00000004 024A6E98 0000001C
430 t=726215 grDitherMode #16 00000002
431 t=726215 grTexSource #17 00000000 00040000 00000003 0099EEB0
432 t=726215 grDrawVertexArrayContiguous #17 00000005 00000004 024A6E98 0000001C
433 t=726215 grDitherMode #17 00000002
434 t=726215 grTexSource #18 00000000 00050000 00000003 0099EEB0
435 t=726215 grDrawVertexArrayContiguous #18 00000005 00000004 024A6E98 0000001C
436 t=726215 grDitherMode #18 00000002
437 t=726215 grTexSource #19 00000000 00060000 00000003 0099EEB0
438 t=726215 grDrawVertexArrayContiguous #19 00000005 00000004 024A6E98 0000001C
439 t=726215 grDitherMode #19 00000002
440 t=726215 grTexSource #20 00000000 001F4000 00000003 0099EEB0
441 t=726215 grDrawVertexArrayContiguous #20 00000005 00000004 024A6E98 0000001C
442 t=726215 grDitherMode #20 00000002
443 t=726215 grTexSource #21 00000000 00070000 00000003 0099EEB4
444 t=726215 grDrawVertexArrayContiguous #21 00000005 00000004 024A6E98 0000001C
445 t=726215 grDitherMode #21 00000002
446 t=726215 grTexSource #22 00000000 00080000 00000003 0099EEB4
447 t=726215 grDrawVertexArrayContiguous #22 00000005 00000004 024A6E98 0000001C
448 t=726220 grDitherMode #22 00000002
449 t=726220 grTexSource #23 00000000 00090000 00000003 0099EEB4
450 t=726220 grDrawVertexArrayContiguous #23 00000005 00000004 024A6E98 0000001C
451 t=726220 grDitherMode #23 00000002
452 t=726220 grTexSource #24 00000000 002EC000 00000003 0099EEB4
453 t=726220 grDrawVertexArrayContiguous #24 00000005 00000004 024A6E98 0000001C
454 t=726220 grDitherMode #24 00000002
455 t=726220 grBufferSwap #7 00000001
456 t=726250 grBufferClear #10 00000000 00000000 00000000
457 t=726255 grChromakeyMode #3 00000001
458 t=726255 grBufferClear #11 00000000 00000000 00000000
459 t=726255 grTexSource #25 00000000 00010000 00000003 0099EEB0
460 t=726255 grAlphaCombine #3 00000000 00000000 00000001 00000002 00000000
461 t=726255 grAlphaBlendFunction #3 00000004 00000000 00000000 00000000
462 t=726255 grColorCombine #3 00000003 00000001 00000000 00000001 00000000
463 t=726255 grTexFilterMode #6 00000000 00000000 00000000
464 t=726255 grDrawVertexArrayContiguous #25 00000005 00000004 024A6E98 0000001C
465 t=726255 grDitherMode #25 00000002
466 t=726255 grTexSource #26 00000000 00020000 00000003 0099EEB0
467 t=726255 grTexSource #27 00000000 00030000 00000003 0099EEB0
468 t=726255 grTexSource #28 00000000 001F0000 00000003 0099EEB0
469 t=726255 grTexSource #29 00000000 00040000 00000003 0099EEB0
470 t=726255 grTexSource #30 00000000 00050000 00000003 0099EEB0
471 t=726255 grTexSource #31 00000000 00060000 00000003 0099EEB0
472 t=726255 grTexSource #32 00000000 001F4000 00000003 0099EEB0
473 t=726255 grTexSource #33 00000000 00070000 00000003 0099EEB4
474 t=726255 grTexSource #34 00000000 00080000 00000003 0099EEB4
475 t=726255 grTexSource #35 00000000 00090000 00000003 0099EEB4
476 t=726255 grTexSource #36 00000000 002EC000 00000003 0099EEB4
477 t=726255 grBufferSwap #8 00000001
478 t=726290 grBufferClear #12 00000000 00000000 00000000
479 t=726295 grChromakeyMode #4 00000001
480 t=726295 grBufferClear #13 00000000 00000000 00000000
481 t=726295 grAlphaCombine #4 00000000 00000000 00000001 00000002 00000000
482 t=726295 grAlphaBlendFunction #4 00000004 00000000 00000000 00000000
483 t=726295 grColorCombine #4 00000003 00000001 00000000 00000001 00000000
484 t=726295 grTexFilterMode #7 00000000 00000000 00000000
485 t=726295 grBufferSwap #9 00000001
486 t=726330 grBufferClear #14 00000000 00000000 00000000
487 t=726335 grChromakeyMode #5 00000001
488 t=726335 grBufferClear #15 00000000 00000000 00000000
489 t=726335 grAlphaCombine #5 00000000 00000000 00000001 00000002 00000000
490 t=726335 grAlphaBlendFunction #5 00000004 00000000 00000000 00000000
491 t=726335 grColorCombine #5 00000003 00000001 00000000 00000001 00000000
492 t=726335 grTexFilterMode #8 00000000 00000000 00000000
493 t=726335 grBufferSwap #10 00000001
494 t=726370 grBufferClear #16 00000000 00000000 00000000
495 t=726375 grChromakeyMode #6 00000001
496 t=726375 grBufferClear #17 00000000 00000000 00000000
497 t=726375 grAlphaCombine #6 00000000 00000000 00000001 00000002 00000000
498 t=726375 grAlphaBlendFunction #6 00000004 00000000 00000000 00000000
499 t=726375 grColorCombine #6 00000003 00000001 00000000 00000001 00000000
500 t=726375 grTexFilterMode #9 00000000 00000000 00000000
501 t=726375 grBufferSwap #11 00000001
502 t=726410 grBufferClear #18 00000000 00000000 00000000
503 t=726415 grChromakeyMode #7 00000001
504 t=726415 grBufferClear #19 00000000 00000000 00000000
505 t=726415 grAlphaCombine #7 00000000 00000000 00000001 00000002 00000000
506 t=726415 grAlphaBlendFunction #7 00000004 00000000 00000000 00000000
507 t=726415 grColorCombine #7 00000003 00000001 00000000 00000001 00000000
508 t=726415 grTexFilterMode #10 00000000 00000000 00000000
509 t=726415 grBufferSwap #12 00000001
510 t=726450 grBufferClear #20 00000000 00000000 00000000
511 t=726455 grChromakeyMode #8 00000001
512 t=726455 grBufferClear #21 00000000 00000000 00000000
513 t=726455 grAlphaCombine #8 00000000 00000000 00000001 00000002 00000000
514 t=726455 grAlphaBlendFunction #8 00000004 00000000 00000000 00000000
515 t=726455 grColorCombine #8 00000003 00000001 00000000 00000001 00000000
516 t=726455 grTexFilterMode #11 00000000 00000000 00000000
517 t=726455 grBufferSwap #13 00000001
518 t=726490 grBufferClear #22 00000000 00000000 00000000
519 t=726495 grChromakeyMode #9 00000001
520 t=726495 grBufferClear #23 00000000 00000000 00000000
521 t=726495 grAlphaCombine #9 00000000 00000000 00000001 00000002 00000000
522 t=726495 grAlphaBlendFunction #9 00000004 00000000 00000000 00000000
523 t=726495 grColorCombine #9 00000003 00000001 00000000 00000001 00000000
524 t=726495 grTexFilterMode #12 00000000 00000000 00000000
525 t=726495 grBufferSwap #14 00000001
526 t=726530 grBufferClear #24 00000000 00000000 00000000
527 t=726535 grChromakeyMode #10 00000001
528 t=726535 grBufferClear #25 00000000 00000000 00000000
529 t=726535 grAlphaCombine #10 00000000 00000000 00000001 00000002 00000000
530 t=726535 grAlphaBlendFunction #10 00000004 00000000 00000000 00000000
531 t=726535 grColorCombine #10 00000003 00000001 00000000 00000001 00000000
532 t=726535 grTexFilterMode #13 00000000 00000000 00000000
533 t=726535 grBufferSwap #15 00000001
534 t=726575 grChromakeyMode #11 00000001
535 t=726575 grAlphaCombine #11 00000000 00000000 00000001 00000002 00000000
536 t=726575 grAlphaBlendFunction #11 00000004 00000000 00000000 00000000
537 t=726575 grColorCombine #11 00000003 00000001 00000000 00000001 00000000
538 t=726575 grTexFilterMode #14 00000000 00000000 00000000
539 t=726575 grBufferSwap #16 00000001
540 t=726615 grChromakeyMode #12 00000001
541 t=726615 grAlphaCombine #12 00000000 00000000 00000001 00000002 00000000
542 t=726615 grAlphaBlendFunction #12 00000004 00000000 00000000 00000000
543 t=726615 grColorCombine #12 00000003 00000001 00000000 00000001 00000000
544 t=726615 grTexFilterMode #15 00000000 00000000 00000000
545 t=726615 grBufferSwap #17 00000001
546 t=726655 grChromakeyMode #13 00000001
547 t=726655 grAlphaCombine #13 00000000 00000000 00000001 00000002 00000000
548 t=726655 grAlphaBlendFunction #13 00000004 00000000 00000000 00000000
549 t=726655 grColorCombine #13 00000003 00000001 00000000 00000001 00000000
550 t=726655 grTexFilterMode #16 00000000 00000000 00000000
551 t=726655 grBufferSwap #18 00000001
552 t=726695 grChromakeyMode #14 00000001
553 t=726695 grAlphaCombine #14 00000000 00000000 00000001 00000002 00000000
554 t=726695 grAlphaBlendFunction #14 00000004 00000000 00000000 00000000
555 t=726695 grColorCombine #14 00000003 00000001 00000000 00000001 00000000
556 t=726695 grTexFilterMode #17 00000000 00000000 00000000
557 t=726695 grBufferSwap #19 00000001
558 t=726735 grChromakeyMode #15 00000001
559 t=726735 grAlphaCombine #15 00000000 00000000 00000001 00000002 00000000
560 t=726735 grAlphaBlendFunction #15 00000004 00000000 00000000 00000000
561 t=726735 grColorCombine #15 00000003 00000001 00000000 00000001 00000000
562 t=726735 grTexFilterMode #18 00000000 00000000 00000000
563 t=726735 grBufferSwap #20 00000001
564 t=726778 grChromakeyMode #16 00000001
565 t=726778 grAlphaCombine #16 00000000 00000000 00000001 00000002 00000000
566 t=726778 grAlphaBlendFunction #16 00000004 00000000 00000000 00000000
567 t=726778 grColorCombine #16 00000003 00000001 00000000 00000001 00000000
568 t=726778 grTexFilterMode #19 00000000 00000000 00000000
569 t=726778 grBufferSwap #21 00000001
570 t=726815 grChromakeyMode #17 00000001
571 t=726815 grAlphaCombine #17 00000000 00000000 00000001 00000002 00000000
572 t=726815 grAlphaBlendFunction #17 00000004 00000000 00000000 00000000
573 t=726815 grColorCombine #17 00000003 00000001 00000000 00000001 00000000
574 t=726815 grTexFilterMode #20 00000000 00000000 00000000
575 t=726815 grBufferSwap #22 00000001
576 t=726855 grChromakeyMode #18 00000001
577 t=726855 grAlphaCombine #18 00000000 00000000 00000001 00000002 00000000
578 t=726855 grAlphaBlendFunction #18 00000004 00000000 00000000 00000000
579 t=726855 grColorCombine #18 00000003 00000001 00000000 00000001 00000000
580 t=726855 grTexFilterMode #21 00000000 00000000 00000000
581 t=726855 grBufferSwap #23 00000001
582 t=726895 grChromakeyMode #19 00000001
583 t=726895 grAlphaCombine #19 00000000 00000000 00000001 00000002 00000000
584 t=726895 grAlphaBlendFunction #19 00000004 00000000 00000000 00000000
585 t=726895 grColorCombine #19 00000003 00000001 00000000 00000001 00000000
586 t=726895 grTexFilterMode #22 00000000 00000000 00000000
587 t=726895 grBufferSwap #24 00000001
588 t=726935 grChromakeyMode #20 00000001
589 t=726935 grAlphaCombine #20 00000000 00000000 00000001 00000002 00000000
590 t=726935 grAlphaBlendFunction #20 00000004 00000000 00000000 00000000
591 t=726935 grColorCombine #20 00000003 00000001 00000000 00000001 00000000
592 t=726935 grTexFilterMode #23 00000000 00000000 00000000
593 t=726935 grBufferSwap #25 00000001
594 t=726975 grChromakeyMode #21 00000001
595 t=726975 grAlphaCombine #21 00000000 00000000 00000001 00000002 00000000
596 t=726975 grAlphaBlendFunction #21 00000004 00000000 00000000 00000000
597 t=726975 grColorCombine #21 00000003 00000001 00000000 00000001 00000000
598 t=726975 grTexFilterMode #24 00000000 00000000 00000000
599 t=727015 grChromakeyMode #22 00000001
600 t=727015 grAlphaCombine #22 00000000 00000000 00000001 00000002 00000000
601 t=727015 grAlphaBlendFunction #22 00000004 00000000 00000000 00000000
602 t=727015 grColorCombine #22 00000003 00000001 00000000 00000001 00000000
603 t=727015 grTexFilterMode #25 00000000 00000000 00000000
604 t=727055 grChromakeyMode #23 00000001
605 t=727055 grAlphaCombine #23 00000000 00000000 00000001 00000002 00000000
606 t=727055 grAlphaBlendFunction #23 00000004 00000000 00000000 00000000
607 t=727055 grColorCombine #23 00000003 00000001 00000000 00000001 00000000
608 t=727095 grChromakeyMode #24 00000001
609 t=727095 grAlphaCombine #24 00000000 00000000 00000001 00000002 00000000
610 t=727095 grAlphaBlendFunction #24 00000004 00000000 00000000 00000000
611 t=727095 grColorCombine #24 00000003 00000001 00000000 00000001 00000000
612 t=727135 grChromakeyMode #25 00000001
613 t=727135 grAlphaCombine #25 00000000 00000000 00000001 00000002 00000000
614 t=727135 grAlphaBlendFunction #25 00000004 00000000 00000000 00000000
615 t=727135 grColorCombine #25 00000003 00000001 00000000 00000001 00000000
616 t=735190 grTexDownloadTable #6 00000002 024A4DB0
617 t=735235 grTexDownloadTable #7 00000002 024A4DB0
618 t=735241 grTexDownloadMipMap #205 00000000 000A0000 00000003 0099EEB0
619 t=735241 grTexSource #2701 00000000 000A0000 00000003 0099EEB0
620 t=735241 grTexDownloadMipMap #206 00000000 000B0000 00000003 0099EEB0
621 t=735241 grTexSource #2702 00000000 000B0000 00000003 0099EEB0
622 t=735241 grTexDownloadMipMap #207 00000000 000C0000 00000003 0099EEB0
623 t=735241 grTexSource #2703 00000000 000C0000 00000003 0099EEB0
624 t=735241 grTexDownloadMipMap #208 00000000 001F8000 00000003 0099EEB0
625 t=735241 grTexSource #2704 00000000 001F8000 00000003 0099EEB0
626 t=735241 grTexDownloadMipMap #209 00000000 000D0000 00000003 0099EEB0
627 t=735241 grTexSource #2705 00000000 000D0000 00000003 0099EEB0
628 t=735245 grTexDownloadMipMap #210 00000000 000E0000 00000003 0099EEB0
629 t=735245 grTexSource #2706 00000000 000E0000 00000003 0099EEB0
630 t=735245 grTexDownloadMipMap #211 00000000 000F0000 00000003 0099EEB0
631 t=735245 grTexSource #2707 00000000 000F0000 00000003 0099EEB0
632 t=735245 grTexDownloadMipMap #212 00000000 001FC000 00000003 0099EEB0
633 t=735245 grTexSource #2708 00000000 001FC000 00000003 0099EEB0
634 t=735245 grTexDownloadMipMap #213 00000000 00100000 00000003 0099EEB4
635 t=735245 grTexSource #2709 00000000 00100000 00000003 0099EEB4
636 t=735245 grTexDownloadMipMap #214 00000000 00110000 00000003 0099EEB4
637 t=735245 grTexSource #2710 00000000 00110000 00000003 0099EEB4
638 t=735245 grTexDownloadMipMap #215 00000000 00120000 00000003 0099EEB4
639 t=735245 grTexSource #2711 00000000 00120000 00000003 0099EEB4
640 t=735245 grTexDownloadMipMap #216 00000000 002ED000 00000003 0099EEB4
641 t=735245 grTexSource #2712 00000000 002ED000 00000003 0099EEB4
642 t=735245 grTexDownloadMipMap #217 00000000 00130000 00000003 0099EE88
643 t=735245 grTexSource #2713 00000000 00130000 00000003 0099EE88
644 t=735245 grTexDownloadMipMap #218 00000000 00140000 00000003 0099EE88
645 t=735245 grTexSource #2714 00000000 00140000 00000003 0099EE88
646 t=735245 grAlphaCombine #227 00000001 00000000 00000001 00000002 00000000
647 t=735245 grAlphaBlendFunction #227 00000004 00000004 00000000 00000000
648 t=735245 grConstantColorValue #1 000000FF
649 t=735245 grDitherMode #2714 00000000
650 t=735250 grTexDownloadMipMap #219 00000000 00150000 00000003 0099EE88
651 t=735250 grTexSource #2715 00000000 00150000 00000003 0099EE88
652 t=735250 grTexDownloadMipMap #220 00000000 00160000 00000003 0099EE88
653 t=735250 grTexSource #2716 00000000 00160000 00000003 0099EE88
654 t=735250 grConstantColorValue #2 000000FF
655 t=735250 grTexDownloadMipMap #221 00000000 002EE000 00000003 0099E5FC
656 t=735250 grTexDownloadMipMap info small=6 large=6 aspect=1 format=05
657 t=735250 grTexSource #2717 00000000 002EE000 00000003 0099E5FC
658 t=735250 grTexDownloadMipMap #222 00000000 002EF000 00000003 0099E5FC
659 t=735250 grTexSource #2718 00000000 002EF000 00000003 0099E5FC
660 t=735250 grTexDownloadMipMap #223 00000000 002F0000 00000003 0099E5FC
661 t=735250 grTexSource #2719 00000000 002F0000 00000003 0099E5FC
662 t=735250 grTexDownloadMipMap #224 00000000 002F1000 00000003 0099E5FC
663 t=735250 grTexSource #2720 00000000 002F1000 00000003 0099E5FC
664 t=735250 grTexDownloadMipMap #225 00000000 002F2000 00000003 0099E5FC
665 t=735250 grTexSource #2721 00000000 002F2000 00000003 0099E5FC
666 t=735250 grTexDownloadMipMap #226 00000000 002F3000 00000003 0099E5FC
667 t=735250 grTexSource #2722 00000000 002F3000 00000003 0099E5FC
668 t=735250 grTexDownloadMipMap #227 00000000 002F4000 00000003 0099E5FC
669 t=735250 grTexSource #2723 00000000 002F4000 00000003 0099E5FC
670 t=735250 grTexDownloadMipMap #228 00000000 002F5000 00000003 0099E5FC
671 t=735250 grTexSource #2724 00000000 002F5000 00000003 0099E5FC
672 t=735250 grTexDownloadMipMap #229 00000000 002F6000 00000003 0099E5FC
673 t=735250 grTexSource #2725 00000000 002F6000 00000003 0099E5FC
674 t=735250 grTexDownloadMipMap #230 00000000 002F7000 00000003 0099E5FC
675 t=735250 grTexSource #2726 00000000 002F7000 00000003 0099E5FC
676 t=735250 grTexDownloadMipMap #231 00000000 002F8000 00000003 0099E5FC
677 t=735250 grTexSource #2727 00000000 002F8000 00000003 0099E5FC
678 t=735250 grTexDownloadMipMap #232 00000000 002F9000 00000003 0099E5FC
679 t=735250 grTexSource #2729 00000000 002F9000 00000003 0099E5FC
680 t=735250 grTexDownloadMipMap #233 00000000 002FA000 00000003 0099E5FC
681 t=735255 grTexSource #2730 00000000 002FA000 00000003 0099E5FC
682 t=735255 grTexDownloadMipMap #234 00000000 002FB000 00000003 0099E5FC
683 t=735255 grTexSource #2734 00000000 002FB000 00000003 0099E5FC
684 t=735255 grTexDownloadMipMap #235 00000000 002FC000 00000003 0099E5FC
685 t=735255 grTexSource #2735 00000000 002FC000 00000003 0099E5FC
686 t=735255 grTexDownloadMipMap #236 00000000 002FD000 00000003 0099E5FC
687 t=735255 grTexSource #2737 00000000 002FD000 00000003 0099E5FC
688 t=735255 grTexDownloadMipMap #237 00000000 002FE000 00000003 0099E5FC
689 t=735255 grTexSource #2739 00000000 002FE000 00000003 0099E5FC
690 t=735255 grTexDownloadMipMap #238 00000000 002FF000 00000003 0099E5FC
691 t=735255 grTexSource #2741 00000000 002FF000 00000003 0099E5FC
692 t=735255 grTexDownloadMipMap #239 00000000 00300000 00000003 0099E5FC
693 t=735255 grTexSource #2743 00000000 00300000 00000003 0099E5FC
694 t=735255 grTexDownloadMipMap #240 00000000 00301000 00000003 0099E5FC
695 t=735255 grTexSource #2744 00000000 00301000 00000003 0099E5FC
696 t=735255 grTexDownloadMipMap #241 00000000 00302000 00000003 0099E5FC
697 t=735259 grTexSource #2746 00000000 00302000 00000003 0099E5FC
698 t=735259 grTexDownloadMipMap #242 00000000 00303000 00000003 0099E5FC
699 t=735259 grTexSource #2752 00000000 00303000 00000003 0099E5FC
700 t=735259 grTexDownloadMipMap #243 00000000 00304000 00000003 0099E5FC
701 t=735259 grTexSource #2756 00000000 00304000 00000003 0099E5FC
702 t=735259 grTexDownloadMipMap #244 00000000 00305000 00000003 0099E5FC
703 t=735259 grTexSource #2760 00000000 00305000 00000003 0099E5FC
704 t=735259 grTexDownloadMipMap #245 00000000 00306000 00000003 0099E5FC
705 t=735259 grTexSource #2765 00000000 00306000 00000003 0099E5FC
706 t=735260 grTexDownloadMipMap #246 00000000 00307000 00000003 0099E5FC
707 t=735260 grTexSource #2772 00000000 00307000 00000003 0099E5FC
708 t=735260 grTexDownloadMipMap #247 00000000 00308000 00000003 0099E5FC
709 t=735260 grTexSource #2775 00000000 00308000 00000003 0099E5FC
710 t=735280 grTexDownloadMipMap #248 00000000 00170000 00000003 0099EE88
711 t=735280 grTexSource #2788 00000000 00170000 00000003 0099EE88
712 t=735280 grTexDownloadMipMap #249 00000000 00180000 00000003 0099EE88
713 t=735280 grTexSource #2789 00000000 00180000 00000003 0099EE88
714 t=735280 grConstantColorValue #3 000000FF
715 t=735280 grTexDownloadMipMap #250 00000000 00190000 00000003 0099EE88
716 t=735280 grTexSource #2790 00000000 00190000 00000003 0099EE88
717 t=735280 grTexDownloadMipMap #251 00000000 001A0000 00000003 0099EE88
718 t=735280 grTexSource #2791 00000000 001A0000 00000003 0099EE88
719 t=735280 grConstantColorValue #4 000000FF
720 t=735320 grTexDownloadMipMap #252 00000000 001B0000 00000003 0099EE88
721 t=735320 grTexSource #2863 00000000 001B0000 00000003 0099EE88
722 t=735320 grTexDownloadMipMap #253 00000000 001C0000 00000003 0099EE88
723 t=735320 grTexSource #2864 00000000 001C0000 00000003 0099EE88
724 t=735320 grConstantColorValue #5 000000FF
725 t=735320 grTexDownloadMipMap #254 00000000 001D0000 00000003 0099EE88
726 t=735320 grTexSource #2865 00000000 001D0000 00000003 0099EE88
727 t=735320 grTexDownloadMipMap #255 00000000 001E0000 00000003 0099EE88
728 t=735320 grTexSource #2866 00000000 001E0000 00000003 0099EE88
729 t=735320 grConstantColorValue #6 000000FF
730 t=735360 grTexDownloadMipMap #256 00000000 00010000 00000003 0099EE88
731 t=735360 grTexSource #2938 00000000 00010000 00000003 0099EE88
732 t=735360 grTexDownloadMipMap #257 00000000 00020000 00000003 0099EE88
733 t=735360 grTexSource #2939 00000000 00020000 00000003 0099EE88
734 t=735360 grConstantColorValue #7 000000FF
735 t=735360 grTexDownloadMipMap #258 00000000 00030000 00000003 0099EE88
736 t=735360 grTexSource #2940 00000000 00030000 00000003 0099EE88
737 t=735360 grTexDownloadMipMap #259 00000000 00040000 00000003 0099EE88
738 t=735360 distinct-argument set full; only samples and frames log now
739 t=735360 grConstantColorValue #8 000000FF
740 t=735400 grConstantColorValue #9 000000FF
741 t=735400 grConstantColorValue #10 000000FF
742 t=735440 grConstantColorValue #11 000000FF
743 t=735440 grConstantColorValue #12 000000FF
744 t=735480 grConstantColorValue #13 000000FF
745 t=735480 grConstantColorValue #14 000000FF
746 t=735520 grConstantColorValue #15 000000FF
747 t=735520 grConstantColorValue #16 000000FF
748 t=735560 grConstantColorValue #17 000000FF
749 t=735560 grConstantColorValue #18 000000FF
750 t=735600 grConstantColorValue #19 000000FF
751 t=735600 grConstantColorValue #20 000000FF
752 t=735640 grConstantColorValue #21 000000FF
753 t=735640 grConstantColorValue #22 000000FF
754 t=735680 grConstantColorValue #23 000000FF
755 t=735680 grConstantColorValue #24 000000FF
756 t=735720 grConstantColorValue #25 000000FF
757 t=740480 summary periodic swaps=361
758 t=740480   grAlphaBlendFunction 880
759 t=740480   grAlphaCombine 880
760 t=740480   grBufferClear 718
761 t=740480   grBufferSwap 361
762 t=740480   grChromakeyMode 356
763 t=740480   grChromakeyValue 3
764 t=740480   grColorCombine 356
765 t=740480   grColorMask 3
766 t=740480   grConstantColorValue 262
767 t=740480   grCoordinateSpace 3
768 t=740480   grDepthMask 3
769 t=740480   grDitherMode 12787
770 t=740480   grDrawVertexArrayContiguous 12525
771 t=740485   grFinish 2
772 t=740485   grGet 13
773 t=740485   grGetString 4
774 t=740485   grGlideInit 3
775 t=740485   grGlideShutdown 2
776 t=740485   grLoadGammaTable 3
777 t=740485   grSstSelect 3
778 t=740485   grSstWinClose 2
779 t=740485   grSstWinOpen 3
780 t=740485   grTexCombine 4
781 t=740485   grTexDownloadMipMap 767
782 t=740485   grTexDownloadTable 7
783 t=740485   grTexFilterMode 359
784 t=740485   grTexMaxAddress 3
785 t=740485   grTexMinAddress 3
786 t=740485   grTexSource 12525
787 t=740485   grVertexLayout 12
788 t=745045 grTexDownloadTable #8 00000002 024A4DB0
789 t=745085 grTexDownloadTable #9 00000002 024A4DB0
790 t=745090 grTexDownloadMipMap #1228 00000000 00050000 00000003 0099EEB4
791 t=745090 grTexSource #21009 00000000 00050000 00000003 0099EEB4
792 t=745090 grTexDownloadMipMap #1229 00000000 00060000 00000003 0099EEB4
793 t=745090 grTexSource #21010 00000000 00060000 00000003 0099EEB4
794 t=745090 grTexDownloadMipMap #1231 00000000 00309000 00000003 0099EEB4
795 t=745090 grTexSource #21012 00000000 00309000 00000003 0099EEB4
796 t=745090 grTexDownloadMipMap #1236 00000000 00208000 00000003 0099EE84
797 t=745090 grTexDownloadMipMap info small=8 large=8 aspect=2 format=05
798 t=745090 grTexSource #21017 00000000 00208000 00000003 0099EE84
799 t=745090 grTexDownloadMipMap #1237 00000000 0030A000 00000003 0099EE84
800 t=745090 grTexDownloadMipMap info small=6 large=6 aspect=-2 format=05
801 t=745090 grTexSource #21018 00000000 0030A000 00000003 0099EE84
802 t=745097 grTexDownloadMipMap #1238 00000000 0030B000 00000003 0099EE04
803 t=745097 grTexDownloadMipMap info small=5 large=5 aspect=0 format=05
804 t=745097 grTexSource #21019 00000000 0030B000 00000003 0099EE04
805 t=745097 grAlphaBlendFunction #1451 00000000 00000002 00000000 00000000
806 t=745097 grTexDownloadMipMap #1239 00000000 0030C000 00000003 0099EE04
807 t=745097 grTexSource #21020 00000000 0030C000 00000003 0099EE04
808 t=745097 grTexDownloadMipMap #1240 00000000 0030D000 00000003 0099EE04
809 t=745097 grTexSource #21021 00000000 0030D000 00000003 0099EE04
810 t=745097 grTexDownloadMipMap #1241 00000000 0030E000 00000003 0099EE04
811 t=745099 grTexSource #21022 00000000 0030E000 00000003 0099EE04
812 t=745099 grTexDownloadMipMap #1242 00000000 0030F000 00000003 0099EE04
813 t=745099 grTexSource #21023 00000000 0030F000 00000003 0099EE04
814 t=745099 grTexDownloadMipMap #1243 00000000 00310000 00000003 0099EE04
815 t=745099 grTexSource #21024 00000000 00310000 00000003 0099EE04
816 t=745099 grTexDownloadMipMap #1244 00000000 00311000 00000003 0099EE04
817 t=745099 grTexSource #21025 00000000 00311000 00000003 0099EE04
818 t=745099 grTexDownloadMipMap #1245 00000000 00312000 00000003 0099EE04
819 t=745099 grTexSource #21026 00000000 00312000 00000003 0099EE04
820 t=745099 grTexDownloadMipMap #1246 00000000 00313000 00000003 0099EE04
821 t=745099 grTexSource #21028 00000000 00313000 00000003 0099EE04
822 t=745100 grTexDownloadMipMap #1247 00000000 00314000 00000003 0099EE04
823 t=745100 grTexSource #21029 00000000 00314000 00000003 0099EE04
824 t=745100 grTexDownloadMipMap #1248 00000000 00315000 00000003 0099EE04
825 t=745100 grTexSource #21031 00000000 00315000 00000003 0099EE04
826 t=745100 grTexDownloadMipMap #1249 00000000 00316000 00000003 0099EE04
827 t=745100 grTexSource #21035 00000000 00316000 00000003 0099EE04
828 t=745100 grTexDownloadMipMap #1250 00000000 00317000 00000003 0099EE04
829 t=745100 grTexSource #21037 00000000 00317000 00000003 0099EE04
830 t=745100 grTexDownloadMipMap #1251 00000000 00318000 00000003 0099EE04
831 t=745100 grTexSource #21039 00000000 00318000 00000003 0099EE04
832 t=745100 grTexDownloadMipMap #1252 00000000 00319000 00000003 0099EE04
833 t=745100 grTexSource #21042 00000000 00319000 00000003 0099EE04
834 t=745100 grTexDownloadMipMap #1253 00000000 0031A000 00000003 0099EE04
835 t=745100 grTexSource #21044 00000000 0031A000 00000003 0099EE04
836 t=745100 grTexDownloadMipMap #1254 00000000 0031B000 00000003 0099E5FC
837 t=745100 grTexDownloadMipMap info small=4 large=4 aspect=0 format=05
838 t=745100 grTexSource #21048 00000000 0031B000 00000003 0099E5FC
839 t=745100 grTexDownloadMipMap #1255 00000000 0031C000 00000003 0099E5FC
840 t=745100 grTexSource #21049 00000000 0031C000 00000003 0099E5FC
841 t=745100 grTexDownloadMipMap #1256 00000000 0031D000 00000003 0099E5FC
842 t=745100 grTexSource #21050 00000000 0031D000 00000003 0099E5FC
843 t=745100 grTexDownloadMipMap #1257 00000000 0031E000 00000003 0099E5FC
844 t=745100 grTexSource #21051 00000000 0031E000 00000003 0099E5FC
845 t=745100 grTexDownloadMipMap #1258 00000000 0031F000 00000003 0099E5FC
846 t=745100 grTexSource #21052 00000000 0031F000 00000003 0099E5FC
847 t=745100 grTexDownloadMipMap #1266 00000000 00327000 00000003 0099EF1C
848 t=745100 grTexSource #21064 00000000 00327000 00000003 0099EF1C
849 t=755485 summary periodic swaps=734
850 t=755485   grAlphaBlendFunction 3785
851 t=755485   grAlphaCombine 3785
852 t=755485   grBufferClear 1464
853 t=755485   grBufferSwap 734
854 t=755485   grChromakeyMode 729
855 t=755485   grChromakeyValue 3
856 t=755485   grColorCombine 729
857 t=755485   grColorMask 3
858 t=755485   grConstantColorValue 8028
859 t=755485   grCoordinateSpace 3
860 t=755485   grDepthMask 3
861 t=755485   grDitherMode 45668
862 t=755485   grDrawVertexArrayContiguous 37640
863 t=755485   grFinish 2
864 t=755485   grGet 13
865 t=755485   grGetString 4
866 t=755490   grGlideInit 3
867 t=755490   grGlideShutdown 2
868 t=755490   grLoadGammaTable 3
869 t=755491   grSstSelect 3
870 t=755491   grSstWinClose 2
871 t=755491   grSstWinOpen 3
872 t=755491   grTexCombine 4
873 t=755491   grTexDownloadMipMap 2302
874 t=755491   grTexDownloadTable 9
875 t=755491   grTexFilterMode 732
876 t=755491   grTexMaxAddress 3
877 t=755491   grTexMinAddress 3
878 t=755491   grTexSource 37640
879 t=755491   grVertexLayout 12
880 t=770490 summary periodic swaps=1109
881 t=770490   grAlphaBlendFunction 7160
882 t=770490   grAlphaCombine 7160
883 t=770490   grBufferClear 2214
884 t=770490   grBufferSwap 1109
885 t=770490   grChromakeyMode 1104
886 t=770490   grChromakeyValue 3
887 t=770490   grColorCombine 1104
888 t=770490   grColorMask 3
889 t=770490   grConstantColorValue 18903
890 t=770490   grCoordinateSpace 3
891 t=770490   grDepthMask 3
892 t=770490   grDitherMode 80543
893 t=770490   grDrawVertexArrayContiguous 61640
894 t=770490   grFinish 2
895 t=770490   grGet 13
896 t=770490   grGetString 4
897 t=770490   grGlideInit 3
898 t=770490   grGlideShutdown 2
899 t=770490   grLoadGammaTable 3
900 t=770490   grSstSelect 3
901 t=770490   grSstWinClose 2
902 t=770490   grSstWinOpen 3
903 t=770490   grTexCombine 4
904 t=770490   grTexDownloadMipMap 3802
905 t=770490   grTexDownloadTable 9
906 t=770490   grTexFilterMode 1107
907 t=770490   grTexMaxAddress 3
908 t=770490   grTexMinAddress 3
909 t=770490   grTexSource 61640
910 t=770490   grVertexLayout 12
911 t=785490 summary periodic swaps=1484
912 t=785490   grAlphaBlendFunction 10535
913 t=785490   grAlphaCombine 10535
914 t=785490   grBufferClear 2964
915 t=785490   grBufferSwap 1484
916 t=785495   grChromakeyMode 1479
917 t=785495   grChromakeyValue 3
918 t=785495   grColorCombine 1479
919 t=785495   grColorMask 3
920 t=785495   grConstantColorValue 29778
921 t=785495   grCoordinateSpace 3
922 t=785495   grDepthMask 3
923 t=785495   grDitherMode 115418
924 t=785495   grDrawVertexArrayContiguous 85640
925 t=785495   grFinish 2
926 t=785495   grGet 13
927 t=785495   grGetString 4
928 t=785495   grGlideInit 3
929 t=785495   grGlideShutdown 2
930 t=785495   grLoadGammaTable 3
931 t=785495   grSstSelect 3
932 t=785495   grSstWinClose 2
933 t=785495   grSstWinOpen 3
934 t=785495   grTexCombine 4
935 t=785495   grTexDownloadMipMap 5302
936 t=785495   grTexDownloadTable 9
937 t=785495   grTexFilterMode 1482
938 t=785495   grTexMaxAddress 3
939 t=785495   grTexMinAddress 3
940 t=785495   grTexSource 85640
941 t=785495   grVertexLayout 12
