1 t=624180 attach census build=6561d08-dirty process=C:\PROGRAM FILES\DIABLO II SHAREWARE\DIABLO II.EXE
2 t=624180 board fb=4194304 tmu=4194304 tmus=1 maxtex=256 hardware=Voodoo3
3 t=624185 grGet #1 0000000F 00000004 024A53D4
4 t=624185 grGet pname=0F -> 1 (4 bytes)
5 t=624185 grGlideInit #1
6 t=624185 grSstSelect #1 00000000
7 t=624185 grGetString #1 000000A1
8 t=624185 grGetString #2 000000A3
9 t=624185 grGetString #3 000000A2
10 t=624185 grGetString #4 000000A4
11 t=624220 grSstWinOpen #1 00000164 00000007 00000000 00000002 00000000 00000002 00000000
12 t=624225 grGet #2 0000000A 00000004 0099EEF4
13 t=624225 grGet pname=0A -> 256 (4 bytes)
14 t=624225 grGet #3 0000000B 00000004 0099EEF0
15 t=624225 grGet pname=0B -> 3 (4 bytes)
16 t=624225 grGet #4 00000011 00000004 0099EEFC
17 t=624225 grGet pname=11 -> 1 (4 bytes)
18 t=624225 grGet #5 00000013 00000004 024A53C4
19 t=624225 grGet pname=13 -> 1 (4 bytes)
20 t=624225 grGet #6 00000024 00000004 024A53CC
21 t=624225 grGet pname=24 -> 8 (4 bytes)
22 t=624225 grGet #7 0000000E 00000004 0099EF00
23 t=624225 grGet pname=0E -> 0 (4 bytes)
24 t=624225 grCoordinateSpace #1 00000000
25 t=624225 grVertexLayout #1 00000001 00000000 00000001
26 t=624225 grVertexLayout #2 00000050 0000000C 00000001
27 t=624225 grVertexLayout #3 00000040 00000010 00000001
28 t=624225 grVertexLayout #4 00000030 00000008 00000001
29 t=624225 grDepthMask #1 00000000
30 t=624225 grColorMask #1 00000001 00000000
31 t=624225 grTexCombine #1 00000000 00000001 00000000 00000001 00000000 00000000 00000000
32 t=624225 grTexFilterMode #1 00000000 00000000 00000000
33 t=624225 grTexCombine #2 00000000 00000001 00000000 00000001 00000000 00000000 00000000
34 t=624225 grChromakeyValue #1 000000FF
35 t=624225 grTexMinAddress #1 00000000
36 t=624225 grTexMaxAddress #1 00000000
37 t=624225 grTexDownloadMipMap #1 00000000 00000000 00000003 024A17C0
38 t=624225 grTexDownloadMipMap info small=4 large=4 aspect=-1 format=05
39 t=624225 grTexDownloadMipMap #2 00000000 00000080 00000003 024A17C0
40 t=624225 grTexDownloadMipMap #3 00000000 00000100 00000003 024A17C0
41 t=624225 grTexDownloadMipMap #4 00000000 00000180 00000003 024A17C0
42 t=624225 grTexDownloadMipMap #5 00000000 00000200 00000003 024A17C0
43 t=624225 grTexDownloadMipMap #6 00000000 00000280 00000003 024A17C0
44 t=624230 grTexDownloadMipMap #7 00000000 00000300 00000003 024A17C0
45 t=624230 grTexDownloadMipMap #8 00000000 00000380 00000003 024A17C0
46 t=624230 grTexDownloadMipMap #9 00000000 00000400 00000003 024A17C0
47 t=624230 grTexDownloadMipMap #10 00000000 00000480 00000003 024A17C0
48 t=624230 grTexDownloadMipMap #11 00000000 00000500 00000003 024A17C0
49 t=624230 grTexDownloadMipMap #12 00000000 00000580 00000003 024A17C0
50 t=624230 grTexDownloadMipMap #13 00000000 00000600 00000003 024A17C0
51 t=624230 grTexDownloadMipMap #14 00000000 00000680 00000003 024A17C0
52 t=624230 grTexDownloadMipMap #15 00000000 00000700 00000003 024A17C0
53 t=624230 grTexDownloadMipMap #16 00000000 00000780 00000003 024A17C0
54 t=624230 grTexDownloadMipMap #17 00000000 00000800 00000003 024A17C0
55 t=624230 grTexDownloadMipMap #18 00000000 00000880 00000003 024A17C0
56 t=624230 grTexDownloadMipMap #19 00000000 00000900 00000003 024A17C0
57 t=624230 grTexDownloadMipMap #20 00000000 00000980 00000003 024A17C0
58 t=624230 grTexDownloadMipMap #21 00000000 00000A00 00000003 024A17C0
59 t=624230 grTexDownloadMipMap #22 00000000 00000A80 00000003 024A17C0
60 t=624230 grTexDownloadMipMap #23 00000000 00000B00 00000003 024A17C0
61 t=624230 grTexDownloadMipMap #24 00000000 00000B80 00000003 024A17C0
62 t=624230 grTexDownloadMipMap #25 00000000 00000C00 00000003 024A17C0
63 t=624230 grTexDownloadMipMap #26 00000000 00000C80 00000003 024A17C0
64 t=624230 grTexDownloadMipMap #27 00000000 00000D00 00000003 024A17C0
65 t=624230 grTexDownloadMipMap #28 00000000 00000D80 00000003 024A17C0
66 t=624230 grTexDownloadMipMap #29 00000000 00000E00 00000003 024A17C0
67 t=624230 grTexDownloadMipMap #30 00000000 00000E80 00000003 024A17C0
68 t=624230 grTexDownloadMipMap #31 00000000 00000F00 00000003 024A17C0
69 t=624230 grTexDownloadMipMap #32 00000000 00000F80 00000003 024A17C0
70 t=624230 grTexDownloadMipMap #33 00000000 00001000 00000003 024A17C0
71 t=624230 grTexDownloadMipMap #34 00000000 00001080 00000003 024A17C0
72 t=624230 grTexDownloadMipMap #35 00000000 00001100 00000003 024A17C0
73 t=624230 grTexDownloadMipMap #36 00000000 00001180 00000003 024A17C0
74 t=624230 grTexDownloadMipMap #37 00000000 00001200 00000003 024A17C0
75 t=624230 grTexDownloadMipMap #38 00000000 00001280 00000003 024A17C0
76 t=624230 grTexDownloadMipMap #39 00000000 00001300 00000003 024A17C0
77 t=624230 grTexDownloadMipMap #40 00000000 00001380 00000003 024A17C0
78 t=624235 grTexDownloadMipMap #41 00000000 00001400 00000003 024A17C0
79 t=624235 grTexDownloadMipMap #42 00000000 00001480 00000003 024A17C0
80 t=624235 grTexDownloadMipMap #43 00000000 00001500 00000003 024A17C0
81 t=624235 grTexDownloadMipMap #44 00000000 00001580 00000003 024A17C0
82 t=624235 grTexDownloadMipMap #45 00000000 00001600 00000003 024A17C0
83 t=624235 grTexDownloadMipMap #46 00000000 00001680 00000003 024A17C0
84 t=624235 grTexDownloadMipMap #47 00000000 00001700 00000003 024A17C0
85 t=624235 grTexDownloadMipMap #48 00000000 00001780 00000003 024A17C0
86 t=624235 grTexDownloadMipMap #49 00000000 00001800 00000003 024A17C0
87 t=624235 grTexDownloadMipMap #50 00000000 00001880 00000003 024A17C0
88 t=624235 grTexDownloadMipMap #51 00000000 00001900 00000003 024A17C0
89 t=624235 grTexDownloadMipMap #52 00000000 00001980 00000003 024A17C0
90 t=624235 grTexDownloadMipMap #53 00000000 00001A00 00000003 024A17C0
91 t=624235 grTexDownloadMipMap #54 00000000 00001A80 00000003 024A17C0
92 t=624235 grTexDownloadMipMap #55 00000000 00001B00 00000003 024A17C0
93 t=624235 grTexDownloadMipMap #56 00000000 00001B80 00000003 024A17C0
94 t=624235 grTexDownloadMipMap #57 00000000 00001C00 00000003 024A17C0
95 t=624235 grTexDownloadMipMap #58 00000000 00001C80 00000003 024A17C0
96 t=624235 grTexDownloadMipMap #59 00000000 00001D00 00000003 024A17C0
97 t=624235 grTexDownloadMipMap #60 00000000 00001D80 00000003 024A17C0
98 t=624235 grTexDownloadMipMap #61 00000000 00001E00 00000003 024A17C0
99 t=624235 grTexDownloadMipMap #62 00000000 00001E80 00000003 024A17C0
100 t=624235 grTexDownloadMipMap #63 00000000 00001F00 00000003 024A17C0
101 t=624235 grTexDownloadMipMap #64 00000000 00001F80 00000003 024A17C0
102 t=624235 grTexDownloadMipMap #65 00000000 00002000 00000003 024A17C0
103 t=624235 grTexDownloadMipMap #66 00000000 00002080 00000003 024A17C0
104 t=624235 grTexDownloadMipMap #67 00000000 00002100 00000003 024A17C0
105 t=624235 grTexDownloadMipMap #68 00000000 00002180 00000003 024A17C0
106 t=624235 grTexDownloadMipMap #69 00000000 00002200 00000003 024A17C0
107 t=624235 grTexDownloadMipMap #70 00000000 00002280 00000003 024A17C0
108 t=624235 grTexDownloadMipMap #71 00000000 00002300 00000003 024A17C0
109 t=624235 grTexDownloadMipMap #72 00000000 00002380 00000003 024A17C0
110 t=624235 grTexDownloadMipMap #73 00000000 00002400 00000003 024A17C0
111 t=624235 grTexDownloadMipMap #74 00000000 00002480 00000003 024A17C0
112 t=624240 grTexDownloadMipMap #75 00000000 00002500 00000003 024A17C0
113 t=624240 grTexDownloadMipMap #76 00000000 00002580 00000003 024A17C0
114 t=624240 grTexDownloadMipMap #77 00000000 00002600 00000003 024A17C0
115 t=624240 grTexDownloadMipMap #78 00000000 00002680 00000003 024A17C0
116 t=624240 grTexDownloadMipMap #79 00000000 00002700 00000003 024A17C0
117 t=624240 grTexDownloadMipMap #80 00000000 00002780 00000003 024A17C0
118 t=624240 grTexDownloadMipMap #81 00000000 00002800 00000003 024A17C0
119 t=624240 grTexDownloadMipMap #82 00000000 00002880 00000003 024A17C0
120 t=624240 grTexDownloadMipMap #83 00000000 00002900 00000003 024A17C0
121 t=624240 grTexDownloadMipMap #84 00000000 00002980 00000003 024A17C0
122 t=624240 grTexDownloadMipMap #85 00000000 00002A00 00000003 024A17C0
123 t=624240 grTexDownloadMipMap #86 00000000 00002A80 00000003 024A17C0
124 t=624240 grTexDownloadMipMap #87 00000000 00002B00 00000003 024A17C0
125 t=624240 grTexDownloadMipMap #88 00000000 00002B80 00000003 024A17C0
126 t=624240 grTexDownloadMipMap #89 00000000 00002C00 00000003 024A17C0
127 t=624240 grTexDownloadMipMap #90 00000000 00002C80 00000003 024A17C0
128 t=624240 grTexDownloadMipMap #91 00000000 00002D00 00000003 024A17C0
129 t=624240 grTexDownloadMipMap #92 00000000 00002D80 00000003 024A17C0
130 t=624240 grTexDownloadMipMap #93 00000000 00002E00 00000003 024A17C0
131 t=624240 grTexDownloadMipMap #94 00000000 00002E80 00000003 024A17C0
132 t=624240 grTexDownloadMipMap #95 00000000 00002F00 00000003 024A17C0
133 t=624240 grTexDownloadMipMap #96 00000000 00002F80 00000003 024A17C0
134 t=624240 grBufferClear #1 00000000 00000000 00000000
135 t=624240 grBufferSwap #1 00000001
136 t=624240 ---- frame ----
137 t=624260 grGet #8 00000005 00000004 0099EEF8
138 t=624260 grGet pname=05 -> 256 (4 bytes)
139 t=624260 grGet #9 0000002A 00000004 0099EEFC
140 t=624260 grGet pname=2A -> 8 (4 bytes)
141 t=624260 grLoadGammaTable #1 00000100 03260090 03260090 03260090
142 t=624315 grTexDownloadTable #1 00000002 024A4DB0
143 t=624315 grTexDownloadTable #2 00000002 024A4DB0
144 t=624698 grTexDownloadTable #3 00000002 024A4DB0
145 t=624698 grFinish #1
146 t=624698 grSstWinClose #1 00000001
147 t=624700 grGlideShutdown #1
148 t=624700 summary shutdown swaps=1
149 t=624700   grBufferClear 1
150 t=624700   grBufferSwap 1
151 t=624700   grChromakeyValue 1
152 t=624700   grColorMask 1
153 t=624700   grCoordinateSpace 1
154 t=624700   grDepthMask 1
155 t=624700   grFinish 1
156 t=624700   grGet 9
157 t=624700   grGetString 4
158 t=624700   grGlideInit 1
159 t=624700   grGlideShutdown 1
160 t=624700   grLoadGammaTable 1
161 t=624700   grSstSelect 1
162 t=624700   grSstWinClose 1
163 t=624700   grSstWinOpen 1
164 t=624700   grTexCombine 2
165 t=624700   grTexDownloadMipMap 96
166 t=624700   grTexDownloadTable 3
167 t=624700   grTexFilterMode 1
168 t=624700   grTexMaxAddress 1
169 t=624700   grTexMinAddress 1
170 t=624700   grVertexLayout 4
171 t=624700 grGlideInit #2
172 t=624700 grSstSelect #2 00000000
173 t=624730 grSstWinOpen #2 00000164 00000007 00000000 00000002 00000000 00000002 00000000
174 t=624731 grCoordinateSpace #2 00000000
175 t=624731 grVertexLayout #5 00000001 00000000 00000001
176 t=624731 grVertexLayout #6 00000050 0000000C 00000001
177 t=624731 grVertexLayout #7 00000040 00000010 00000001
178 t=624731 grVertexLayout #8 00000030 00000008 00000001
179 t=624731 grDepthMask #2 00000000
180 t=624731 grColorMask #2 00000001 00000000
181 t=624731 grTexFilterMode #2 00000000 00000000 00000000
182 t=624731 grTexCombine #3 00000000 00000001 00000000 00000001 00000000 00000000 00000000
183 t=624731 grChromakeyValue #2 000000FF
184 t=624731 grTexMinAddress #2 00000000
185 t=624731 grTexMaxAddress #2 00000000
186 t=624731 grTexDownloadMipMap #97 00000000 00000000 00000003 024A17C0
187 t=624731 grTexDownloadMipMap #98 00000000 00000080 00000003 024A17C0
188 t=624731 grTexDownloadMipMap #99 00000000 00000100 00000003 024A17C0
189 t=624731 grTexDownloadMipMap #100 00000000 00000180 00000003 024A17C0
190 t=624731 grTexDownloadMipMap #101 00000000 00000200 00000003 024A17C0
191 t=624731 grTexDownloadMipMap #102 00000000 00000280 00000003 024A17C0
192 t=624731 grTexDownloadMipMap #103 00000000 00000300 00000003 024A17C0
193 t=624731 grTexDownloadMipMap #104 00000000 00000380 00000003 024A17C0
194 t=624731 grTexDownloadMipMap #105 00000000 00000400 00000003 024A17C0
195 t=624731 grTexDownloadMipMap #106 00000000 00000480 00000003 024A17C0
196 t=624731 grTexDownloadMipMap #107 00000000 00000500 00000003 024A17C0
197 t=624731 grTexDownloadMipMap #108 00000000 00000580 00000003 024A17C0
198 t=624731 grTexDownloadMipMap #109 00000000 00000600 00000003 024A17C0
199 t=624731 grTexDownloadMipMap #110 00000000 00000680 00000003 024A17C0
200 t=624731 grTexDownloadMipMap #111 00000000 00000700 00000003 024A17C0
201 t=624731 grTexDownloadMipMap #112 00000000 00000780 00000003 024A17C0
202 t=624735 grTexDownloadMipMap #113 00000000 00000800 00000003 024A17C0
203 t=624735 grTexDownloadMipMap #114 00000000 00000880 00000003 024A17C0
204 t=624735 grTexDownloadMipMap #115 00000000 00000900 00000003 024A17C0
205 t=624735 grTexDownloadMipMap #116 00000000 00000980 00000003 024A17C0
206 t=624735 grTexDownloadMipMap #117 00000000 00000A00 00000003 024A17C0
207 t=624735 grTexDownloadMipMap #118 00000000 00000A80 00000003 024A17C0
208 t=624735 grTexDownloadMipMap #119 00000000 00000B00 00000003 024A17C0
209 t=624735 grTexDownloadMipMap #120 00000000 00000B80 00000003 024A17C0
210 t=624735 grTexDownloadMipMap #121 00000000 00000C00 00000003 024A17C0
211 t=624735 grTexDownloadMipMap #122 00000000 00000C80 00000003 024A17C0
212 t=624735 grTexDownloadMipMap #123 00000000 00000D00 00000003 024A17C0
213 t=624735 grTexDownloadMipMap #124 00000000 00000D80 00000003 024A17C0
214 t=624735 grTexDownloadMipMap #125 00000000 00000E00 00000003 024A17C0
215 t=624735 grTexDownloadMipMap #126 00000000 00000E80 00000003 024A17C0
216 t=624735 grTexDownloadMipMap #127 00000000 00000F00 00000003 024A17C0
217 t=624735 grTexDownloadMipMap #128 00000000 00000F80 00000003 024A17C0
218 t=624735 grTexDownloadMipMap #129 00000000 00001000 00000003 024A17C0
219 t=624735 grTexDownloadMipMap #130 00000000 00001080 00000003 024A17C0
220 t=624735 grTexDownloadMipMap #131 00000000 00001100 00000003 024A17C0
221 t=624735 grTexDownloadMipMap #132 00000000 00001180 00000003 024A17C0
222 t=624735 grTexDownloadMipMap #133 00000000 00001200 00000003 024A17C0
223 t=624735 grTexDownloadMipMap #134 00000000 00001280 00000003 024A17C0
224 t=624735 grTexDownloadMipMap #135 00000000 00001300 00000003 024A17C0
225 t=624735 grTexDownloadMipMap #136 00000000 00001380 00000003 024A17C0
226 t=624735 grTexDownloadMipMap #137 00000000 00001400 00000003 024A17C0
227 t=624735 grTexDownloadMipMap #138 00000000 00001480 00000003 024A17C0
228 t=624735 grTexDownloadMipMap #139 00000000 00001500 00000003 024A17C0
229 t=624735 grTexDownloadMipMap #140 00000000 00001580 00000003 024A17C0
230 t=624735 grTexDownloadMipMap #141 00000000 00001600 00000003 024A17C0
231 t=624735 grTexDownloadMipMap #142 00000000 00001680 00000003 024A17C0
232 t=624735 grTexDownloadMipMap #143 00000000 00001700 00000003 024A17C0
233 t=624735 grTexDownloadMipMap #144 00000000 00001780 00000003 024A17C0
234 t=624735 grTexDownloadMipMap #145 00000000 00001800 00000003 024A17C0
235 t=624735 grTexDownloadMipMap #146 00000000 00001880 00000003 024A17C0
236 t=624740 grTexDownloadMipMap #147 00000000 00001900 00000003 024A17C0
237 t=624740 grTexDownloadMipMap #148 00000000 00001980 00000003 024A17C0
238 t=624740 grTexDownloadMipMap #149 00000000 00001A00 00000003 024A17C0
239 t=624740 grTexDownloadMipMap #150 00000000 00001A80 00000003 024A17C0
240 t=624740 grTexDownloadMipMap #151 00000000 00001B00 00000003 024A17C0
241 t=624740 grTexDownloadMipMap #152 00000000 00001B80 00000003 024A17C0
242 t=624740 grTexDownloadMipMap #153 00000000 00001C00 00000003 024A17C0
243 t=624740 grTexDownloadMipMap #154 00000000 00001C80 00000003 024A17C0
244 t=624740 grTexDownloadMipMap #155 00000000 00001D00 00000003 024A17C0
245 t=624740 grTexDownloadMipMap #156 00000000 00001D80 00000003 024A17C0
246 t=624740 grTexDownloadMipMap #157 00000000 00001E00 00000003 024A17C0
247 t=624740 grTexDownloadMipMap #158 00000000 00001E80 00000003 024A17C0
248 t=624740 grTexDownloadMipMap #159 00000000 00001F00 00000003 024A17C0
249 t=624740 grTexDownloadMipMap #160 00000000 00001F80 00000003 024A17C0
250 t=624740 grTexDownloadMipMap #161 00000000 00002000 00000003 024A17C0
251 t=624740 grTexDownloadMipMap #162 00000000 00002080 00000003 024A17C0
252 t=624740 grTexDownloadMipMap #163 00000000 00002100 00000003 024A17C0
253 t=624740 grTexDownloadMipMap #164 00000000 00002180 00000003 024A17C0
254 t=624740 grTexDownloadMipMap #165 00000000 00002200 00000003 024A17C0
255 t=624740 grTexDownloadMipMap #166 00000000 00002280 00000003 024A17C0
256 t=624740 grTexDownloadMipMap #167 00000000 00002300 00000003 024A17C0
257 t=624740 grTexDownloadMipMap #168 00000000 00002380 00000003 024A17C0
258 t=624740 grTexDownloadMipMap #169 00000000 00002400 00000003 024A17C0
259 t=624740 grTexDownloadMipMap #170 00000000 00002480 00000003 024A17C0
260 t=624740 grTexDownloadMipMap #171 00000000 00002500 00000003 024A17C0
261 t=624740 grTexDownloadMipMap #172 00000000 00002580 00000003 024A17C0
262 t=624740 grTexDownloadMipMap #173 00000000 00002600 00000003 024A17C0
263 t=624740 grTexDownloadMipMap #174 00000000 00002680 00000003 024A17C0
264 t=624740 grTexDownloadMipMap #175 00000000 00002700 00000003 024A17C0
265 t=624740 grTexDownloadMipMap #176 00000000 00002780 00000003 024A17C0
266 t=624745 grTexDownloadMipMap #177 00000000 00002800 00000003 024A17C0
267 t=624745 grTexDownloadMipMap #178 00000000 00002880 00000003 024A17C0
268 t=624745 grTexDownloadMipMap #179 00000000 00002900 00000003 024A17C0
269 t=624745 grTexDownloadMipMap #180 00000000 00002980 00000003 024A17C0
270 t=624745 grTexDownloadMipMap #181 00000000 00002A00 00000003 024A17C0
271 t=624745 grTexDownloadMipMap #182 00000000 00002A80 00000003 024A17C0
272 t=624745 grTexDownloadMipMap #183 00000000 00002B00 00000003 024A17C0
273 t=624745 grTexDownloadMipMap #184 00000000 00002B80 00000003 024A17C0
274 t=624745 grTexDownloadMipMap #185 00000000 00002C00 00000003 024A17C0
275 t=624745 grTexDownloadMipMap #186 00000000 00002C80 00000003 024A17C0
276 t=624745 grTexDownloadMipMap #187 00000000 00002D00 00000003 024A17C0
277 t=624745 grTexDownloadMipMap #188 00000000 00002D80 00000003 024A17C0
278 t=624745 grTexDownloadMipMap #189 00000000 00002E00 00000003 024A17C0
279 t=624745 grTexDownloadMipMap #190 00000000 00002E80 00000003 024A17C0
280 t=624745 grTexDownloadMipMap #191 00000000 00002F00 00000003 024A17C0
281 t=624745 grTexDownloadMipMap #192 00000000 00002F80 00000003 024A17C0
282 t=624745 grBufferClear #2 00000000 00000000 00000000
283 t=624745 grBufferSwap #2 00000001
284 t=624745 ---- frame ----
285 t=624765 grGet #10 00000005 00000004 0099ED94
286 t=624765 grGet pname=05 -> 256 (4 bytes)
287 t=624765 grGet #11 0000002A 00000004 0099ED98
288 t=624765 grGet pname=2A -> 8 (4 bytes)
289 t=624765 grLoadGammaTable #2 00000100 03B30090 03B30090 03B30090
290 t=624765 grBufferClear #3 00000000 00000000 00000000
291 t=624765 grBufferSwap #3 00000001
292 t=624785 grBufferClear #4 00000000 00000000 00000000
293 t=624785 grBufferSwap #4 00000001
294 t=624805 grFinish #2
295 t=624805 grSstWinClose #2 00000001
296 t=624805 grGlideShutdown #2
297 t=624805 summary shutdown swaps=4
298 t=624805   grBufferClear 4
299 t=624805   grBufferSwap 4
300 t=624805   grChromakeyValue 2
301 t=624805   grColorMask 2
302 t=624805   grCoordinateSpace 2
303 t=624805   grDepthMask 2
304 t=624805   grFinish 2
305 t=624805   grGet 11
306 t=624805   grGetString 4
307 t=624805   grGlideInit 2
308 t=624805   grGlideShutdown 2
309 t=624805   grLoadGammaTable 2
310 t=624805   grSstSelect 2
311 t=624805   grSstWinClose 2
312 t=624805   grSstWinOpen 2
313 t=624805   grTexCombine 3
314 t=624805   grTexDownloadMipMap 192
315 t=624805   grTexDownloadTable 3
316 t=624805   grTexFilterMode 2
317 t=624805   grTexMaxAddress 2
318 t=624805   grTexMinAddress 2
319 t=624805   grVertexLayout 8
320 t=624805 grGlideInit #3
321 t=624805 grSstSelect #3 00000000
322 t=624835 grSstWinOpen #3 00000164 00000008 00000000 00000002 00000000 00000002 00000000
323 t=624835 grCoordinateSpace #3 00000000
324 t=624835 grVertexLayout #9 00000001 00000000 00000001
325 t=624835 grVertexLayout #10 00000050 0000000C 00000001
326 t=624835 grVertexLayout #11 00000040 00000010 00000001
327 t=624835 grVertexLayout #12 00000030 00000008 00000001
328 t=624835 grDepthMask #3 00000000
329 t=624835 grColorMask #3 00000001 00000000
330 t=624835 grTexFilterMode #3 00000000 00000000 00000000
331 t=624835 grTexCombine #4 00000000 00000001 00000000 00000001 00000000 00000000 00000000
332 t=624835 grChromakeyValue #3 000000FF
333 t=624835 grTexMinAddress #3 00000000
334 t=624835 grTexMaxAddress #3 00000000
335 t=624835 grBufferClear #5 00000000 00000000 00000000
336 t=624835 grBufferSwap #5 00000001
337 t=624855 grGet #12 00000005 00000004 0099ED34
338 t=624855 grGet pname=05 -> 256 (4 bytes)
339 t=624855 grGet #13 0000002A 00000004 0099ED38
340 t=624855 grGet pname=2A -> 8 (4 bytes)
341 t=624855 grLoadGammaTable #3 00000100 03B30090 03B30090 03B30090
342 t=624855 grTexDownloadTable #4 00000002 024A4DB0
343 t=624895 grTexDownloadTable #5 00000002 024A4DB0
344 t=624895 grBufferClear #6 00000000 00000000 00000000
345 t=624900 grChromakeyMode #1 00000001
346 t=624900 grBufferClear #7 00000000 00000000 00000000
347 t=624900 grTexDownloadMipMap #193 00000000 00010000 00000003 0099EEB0
348 t=624900 grTexDownloadMipMap info small=8 large=8 aspect=0 format=05
349 t=624900 grTexSource #1 00000000 00010000 00000003 0099EEB0
350 t=624900 grAlphaCombine #1 00000000 00000000 00000001 00000002 00000000
351 t=624900 grAlphaBlendFunction #1 00000004 00000000 00000000 00000000
352 t=624900 grColorCombine #1 00000003 00000001 00000000 00000001 00000000
353 t=624900 grTexFilterMode #4 00000000 00000000 00000000
354 t=624900 grDrawVertexArrayContiguous #1 00000005 00000004 024A6E98 0000001C
355 t=624900 grDrawVertexArrayContiguous vertex 00000000 00000000 FFFFFFFF 3F800000 00000000 00000000 00000000 00000000 43800000 FFFFFFFF 3F800000 00000000 43800000 00000000 43800000 43800000
356 t=624900 grDitherMode #1 00000002
357 t=624900 grTexDownloadMipMap #194 00000000 00020000 00000003 0099EEB0
358 t=624900 grTexSource #2 00000000 00020000 00000003 0099EEB0
359 t=624900 grDrawVertexArrayContiguous #2 00000005 00000004 024A6E98 0000001C
360 t=624900 grDrawVertexArrayContiguous vertex 43800000 00000000 FFFFFFFF 3F800000 00000000 00000000 00000000 43800000 43800000 FFFFFFFF 3F800000 00000000 43800000 00000000 44000000 43800000
361 t=624900 grDitherMode #2 00000002
362 t=624905 grTexDownloadMipMap #195 00000000 00030000 00000003 0099EEB0
363 t=624905 grTexSource #3 00000000 00030000 00000003 0099EEB0
364 t=624905 grDrawVertexArrayContiguous #3 00000005 00000004 024A6E98 0000001C
365 t=624905 grDrawVertexArrayContiguous vertex 44000000 00000000 FFFFFFFF 3F800000 00000000 00000000 00000000 44000000 43800000 FFFFFFFF 3F800000 00000000 43800000 00000000 44400000 43800000
366 t=624905 grDitherMode #3 00000002
367 t=624905 grTexDownloadMipMap #196 00000000 001F0000 00000003 0099EEB0
368 t=624905 grTexDownloadMipMap info small=8 large=8 aspect=-3 format=05
369 t=624905 grTexSource #4 00000000 001F0000 00000003 0099EEB0
370 t=624905 grDrawVertexArrayContiguous #4 00000005 00000004 024A6E98 0000001C
371 t=624905 grDrawVertexArrayContiguous vertex 44400000 00000000 FFFFFFFF 3F800000 00000000 00000000 00000000 44400000 43800000 FFFFFFFF 3F800000 00000000 43800000 00000000 44480000 43800000
372 t=624905 grDitherMode #4 00000002
373 t=624905 grTexDownloadMipMap #197 00000000 00040000 00000003 0099EEB0
374 t=624905 grTexSource #5 00000000 00040000 00000003 0099EEB0
375 t=624905 grDrawVertexArrayContiguous #5 00000005 00000004 024A6E98 0000001C
376 t=624905 grDrawVertexArrayContiguous vertex 00000000 43800000 FFFFFFFF 3F800000 00000000 00000000 00000000 00000000 44000000 FFFFFFFF 3F800000 00000000 43800000 00000000 43800000 44000000
377 t=624905 grDitherMode #5 00000002
378 t=624905 grTexDownloadMipMap #198 00000000 00050000 00000003 0099EEB0
379 t=624905 grTexSource #6 00000000 00050000 00000003 0099EEB0
380 t=624905 grDrawVertexArrayContiguous #6 00000005 00000004 024A6E98 0000001C
381 t=624905 grDrawVertexArrayContiguous vertex 43800000 43800000 FFFFFFFF 3F800000 00000000 00000000 00000000 43800000 44000000 FFFFFFFF 3F800000 00000000 43800000 00000000 44000000 44000000
382 t=624905 grDitherMode #6 00000002
383 t=624905 grTexDownloadMipMap #199 00000000 00060000 00000003 0099EEB0
384 t=624905 grTexSource #7 00000000 00060000 00000003 0099EEB0
385 t=624905 grDrawVertexArrayContiguous #7 00000005 00000004 024A6E98 0000001C
386 t=624905 grDrawVertexArrayContiguous vertex 44000000 43800000 FFFFFFFF 3F800000 00000000 00000000 00000000 44000000 44000000 FFFFFFFF 3F800000 00000000 43800000 00000000 44400000 44000000
387 t=624910 grDitherMode #7 00000002
388 t=624910 grTexDownloadMipMap #200 00000000 001F4000 00000003 0099EEB0
389 t=624910 grTexSource #8 00000000 001F4000 00000003 0099EEB0
390 t=624910 grDrawVertexArrayContiguous #8 00000005 00000004 024A6E98 0000001C
391 t=624910 grDrawVertexArrayContiguous vertex 44400000 43800000 FFFFFFFF 3F800000 00000000 00000000 00000000 44400000 44000000 FFFFFFFF 3F800000 00000000 43800000 00000000 44480000 44000000
392 t=624910 grDitherMode #8 00000002
393 t=624910 grTexDownloadMipMap #201 00000000 00070000 00000003 0099EEB4
394 t=624910 grTexDownloadMipMap info small=8 large=8 aspect=1 format=05
395 t=624910 grTexSource #9 00000000 00070000 00000003 0099EEB4
396 t=624910 grDrawVertexArrayContiguous #9 00000005 00000004 024A6E98 0000001C
397 t=624910 grDitherMode #9 00000002
398 t=624910 grTexDownloadMipMap #202 00000000 00080000 00000003 0099EEB4
399 t=624910 grTexSource #10 00000000 00080000 00000003 0099EEB4
400 t=624910 grDrawVertexArrayContiguous #10 00000005 00000004 024A6E98 0000001C
401 t=624910 grDitherMode #10 00000002
402 t=624910 grTexDownloadMipMap #203 00000000 00090000 00000003 0099EEB4
403 t=624910 grTexSource #11 00000000 00090000 00000003 0099EEB4
404 t=624910 grDrawVertexArrayContiguous #11 00000005 00000004 024A6E98 0000001C
405 t=624910 grDitherMode #11 00000002
406 t=624910 grTexDownloadMipMap #204 00000000 002EC000 00000003 0099EEB4
407 t=624910 grTexDownloadMipMap info small=7 large=7 aspect=-2 format=05
408 t=624910 grTexSource #12 00000000 002EC000 00000003 0099EEB4
409 t=624910 grDrawVertexArrayContiguous #12 00000005 00000004 024A6E98 0000001C
410 t=624910 grDitherMode #12 00000002
411 t=624910 grBufferSwap #6 00000001
412 t=624935 grBufferClear #8 00000000 00000000 00000000
413 t=624940 grChromakeyMode #2 00000001
414 t=624940 grBufferClear #9 00000000 00000000 00000000
415 t=624940 grTexSource #13 00000000 00010000 00000003 0099EEB0
416 t=624940 grAlphaCombine #2 00000000 00000000 00000001 00000002 00000000
417 t=624940 grAlphaBlendFunction #2 00000004 00000000 00000000 00000000
418 t=624940 grColorCombine #2 00000003 00000001 00000000 00000001 00000000
419 t=624940 grTexFilterMode #5 00000000 00000000 00000000
420 t=624940 grDrawVertexArrayContiguous #13 00000005 00000004 024A6E98 0000001C
421 t=624940 grDitherMode #13 00000002
422 t=624940 grTexSource #14 00000000 00020000 00000003 0099EEB0
423 t=624940 grDrawVertexArrayContiguous #14 00000005 00000004 024A6E98 0000001C
424 t=624940 grDitherMode #14 00000002
425 t=624940 grTexSource #15 00000000 00030000 00000003 0099EEB0
426 t=624940 grDrawVertexArrayContiguous #15 00000005 00000004 024A6E98 0000001C
427 t=624940 grDitherMode #15 00000002
428 t=624940 grTexSource #16 00000000 001F0000 00000003 0099EEB0
429 t=624940 grDrawVertexArrayContiguous #16 00000005 00000004 024A6E98 0000001C
430 t=624940 grDitherMode #16 00000002
431 t=624940 grTexSource #17 00000000 00040000 00000003 0099EEB0
432 t=624940 grDrawVertexArrayContiguous #17 00000005 00000004 024A6E98 0000001C
433 t=624940 grDitherMode #17 00000002
434 t=624940 grTexSource #18 00000000 00050000 00000003 0099EEB0
435 t=624940 grDrawVertexArrayContiguous #18 00000005 00000004 024A6E98 0000001C
436 t=624940 grDitherMode #18 00000002
437 t=624940 grTexSource #19 00000000 00060000 00000003 0099EEB0
438 t=624940 grDrawVertexArrayContiguous #19 00000005 00000004 024A6E98 0000001C
439 t=624940 grDitherMode #19 00000002
440 t=624940 grTexSource #20 00000000 001F4000 00000003 0099EEB0
441 t=624940 grDrawVertexArrayContiguous #20 00000005 00000004 024A6E98 0000001C
442 t=624940 grDitherMode #20 00000002
443 t=624940 grTexSource #21 00000000 00070000 00000003 0099EEB4
444 t=624945 grDrawVertexArrayContiguous #21 00000005 00000004 024A6E98 0000001C
445 t=624945 grDitherMode #21 00000002
446 t=624945 grTexSource #22 00000000 00080000 00000003 0099EEB4
447 t=624945 grDrawVertexArrayContiguous #22 00000005 00000004 024A6E98 0000001C
448 t=624945 grDitherMode #22 00000002
449 t=624945 grTexSource #23 00000000 00090000 00000003 0099EEB4
450 t=624945 grDrawVertexArrayContiguous #23 00000005 00000004 024A6E98 0000001C
451 t=624945 grDitherMode #23 00000002
452 t=624945 grTexSource #24 00000000 002EC000 00000003 0099EEB4
453 t=624945 grDrawVertexArrayContiguous #24 00000005 00000004 024A6E98 0000001C
454 t=624945 grDitherMode #24 00000002
455 t=624945 grBufferSwap #7 00000001
456 t=624975 grBufferClear #10 00000000 00000000 00000000
457 t=624980 grChromakeyMode #3 00000001
458 t=624980 grBufferClear #11 00000000 00000000 00000000
459 t=624980 grTexSource #25 00000000 00010000 00000003 0099EEB0
460 t=624980 grAlphaCombine #3 00000000 00000000 00000001 00000002 00000000
461 t=624980 grAlphaBlendFunction #3 00000004 00000000 00000000 00000000
462 t=624980 grColorCombine #3 00000003 00000001 00000000 00000001 00000000
463 t=624980 grTexFilterMode #6 00000000 00000000 00000000
464 t=624980 grDrawVertexArrayContiguous #25 00000005 00000004 024A6E98 0000001C
465 t=624980 grDitherMode #25 00000002
466 t=624980 grTexSource #26 00000000 00020000 00000003 0099EEB0
467 t=624980 grTexSource #27 00000000 00030000 00000003 0099EEB0
468 t=624980 grTexSource #28 00000000 001F0000 00000003 0099EEB0
469 t=624980 grTexSource #29 00000000 00040000 00000003 0099EEB0
470 t=624980 grTexSource #30 00000000 00050000 00000003 0099EEB0
471 t=624980 grTexSource #31 00000000 00060000 00000003 0099EEB0
472 t=624980 grTexSource #32 00000000 001F4000 00000003 0099EEB0
473 t=624980 grTexSource #33 00000000 00070000 00000003 0099EEB4
474 t=624980 grTexSource #34 00000000 00080000 00000003 0099EEB4
475 t=624980 grTexSource #35 00000000 00090000 00000003 0099EEB4
476 t=624980 grTexSource #36 00000000 002EC000 00000003 0099EEB4
477 t=624980 grBufferSwap #8 00000001
478 t=625015 grBufferClear #12 00000000 00000000 00000000
479 t=625020 grChromakeyMode #4 00000001
480 t=625020 grBufferClear #13 00000000 00000000 00000000
481 t=625020 grAlphaCombine #4 00000000 00000000 00000001 00000002 00000000
482 t=625020 grAlphaBlendFunction #4 00000004 00000000 00000000 00000000
483 t=625020 grColorCombine #4 00000003 00000001 00000000 00000001 00000000
484 t=625020 grTexFilterMode #7 00000000 00000000 00000000
485 t=625020 grBufferSwap #9 00000001
486 t=625055 grBufferClear #14 00000000 00000000 00000000
487 t=625060 grChromakeyMode #5 00000001
488 t=625060 grBufferClear #15 00000000 00000000 00000000
489 t=625060 grAlphaCombine #5 00000000 00000000 00000001 00000002 00000000
490 t=625060 grAlphaBlendFunction #5 00000004 00000000 00000000 00000000
491 t=625060 grColorCombine #5 00000003 00000001 00000000 00000001 00000000
492 t=625060 grTexFilterMode #8 00000000 00000000 00000000
493 t=625060 grBufferSwap #10 00000001
494 t=625095 grBufferClear #16 00000000 00000000 00000000
495 t=625100 grChromakeyMode #6 00000001
496 t=625100 grBufferClear #17 00000000 00000000 00000000
497 t=625100 grAlphaCombine #6 00000000 00000000 00000001 00000002 00000000
498 t=625100 grAlphaBlendFunction #6 00000004 00000000 00000000 00000000
499 t=625100 grColorCombine #6 00000003 00000001 00000000 00000001 00000000
500 t=625100 grTexFilterMode #9 00000000 00000000 00000000
501 t=625100 grBufferSwap #11 00000001
502 t=625135 grBufferClear #18 00000000 00000000 00000000
503 t=625140 grChromakeyMode #7 00000001
504 t=625140 grBufferClear #19 00000000 00000000 00000000
505 t=625140 grAlphaCombine #7 00000000 00000000 00000001 00000002 00000000
506 t=625140 grAlphaBlendFunction #7 00000004 00000000 00000000 00000000
507 t=625140 grColorCombine #7 00000003 00000001 00000000 00000001 00000000
508 t=625140 grTexFilterMode #10 00000000 00000000 00000000
509 t=625140 grBufferSwap #12 00000001
510 t=625175 grBufferClear #20 00000000 00000000 00000000
511 t=625180 grChromakeyMode #8 00000001
512 t=625180 grBufferClear #21 00000000 00000000 00000000
513 t=625180 grAlphaCombine #8 00000000 00000000 00000001 00000002 00000000
514 t=625180 grAlphaBlendFunction #8 00000004 00000000 00000000 00000000
515 t=625180 grColorCombine #8 00000003 00000001 00000000 00000001 00000000
516 t=625180 grTexFilterMode #11 00000000 00000000 00000000
517 t=625180 grBufferSwap #13 00000001
518 t=625215 grBufferClear #22 00000000 00000000 00000000
519 t=625220 grChromakeyMode #9 00000001
520 t=625220 grBufferClear #23 00000000 00000000 00000000
521 t=625220 grAlphaCombine #9 00000000 00000000 00000001 00000002 00000000
522 t=625220 grAlphaBlendFunction #9 00000004 00000000 00000000 00000000
523 t=625220 grColorCombine #9 00000003 00000001 00000000 00000001 00000000
524 t=625220 grTexFilterMode #12 00000000 00000000 00000000
525 t=625220 grBufferSwap #14 00000001
526 t=625255 grBufferClear #24 00000000 00000000 00000000
527 t=625260 grChromakeyMode #10 00000001
528 t=625260 grBufferClear #25 00000000 00000000 00000000
529 t=625260 grAlphaCombine #10 00000000 00000000 00000001 00000002 00000000
530 t=625260 grAlphaBlendFunction #10 00000004 00000000 00000000 00000000
531 t=625260 grColorCombine #10 00000003 00000001 00000000 00000001 00000000
532 t=625260 grTexFilterMode #13 00000000 00000000 00000000
533 t=625260 grBufferSwap #15 00000001
534 t=625295 grChromakeyMode #11 00000001
535 t=625301 grAlphaCombine #11 00000000 00000000 00000001 00000002 00000000
536 t=625301 grAlphaBlendFunction #11 00000004 00000000 00000000 00000000
537 t=625301 grColorCombine #11 00000003 00000001 00000000 00000001 00000000
538 t=625301 grTexFilterMode #14 00000000 00000000 00000000
539 t=625301 grBufferSwap #16 00000001
540 t=625335 grChromakeyMode #12 00000001
541 t=625340 grAlphaCombine #12 00000000 00000000 00000001 00000002 00000000
542 t=625340 grAlphaBlendFunction #12 00000004 00000000 00000000 00000000
543 t=625340 grColorCombine #12 00000003 00000001 00000000 00000001 00000000
544 t=625340 grTexFilterMode #15 00000000 00000000 00000000
545 t=625340 grBufferSwap #17 00000001
546 t=625375 grChromakeyMode #13 00000001
547 t=625380 grAlphaCombine #13 00000000 00000000 00000001 00000002 00000000
548 t=625380 grAlphaBlendFunction #13 00000004 00000000 00000000 00000000
549 t=625380 grColorCombine #13 00000003 00000001 00000000 00000001 00000000
550 t=625380 grTexFilterMode #16 00000000 00000000 00000000
551 t=625380 grBufferSwap #18 00000001
552 t=625415 grChromakeyMode #14 00000001
553 t=625420 grAlphaCombine #14 00000000 00000000 00000001 00000002 00000000
554 t=625420 grAlphaBlendFunction #14 00000004 00000000 00000000 00000000
555 t=625420 grColorCombine #14 00000003 00000001 00000000 00000001 00000000
556 t=625420 grTexFilterMode #17 00000000 00000000 00000000
557 t=625420 grBufferSwap #19 00000001
558 t=625455 grChromakeyMode #15 00000001
559 t=625460 grAlphaCombine #15 00000000 00000000 00000001 00000002 00000000
560 t=625460 grAlphaBlendFunction #15 00000004 00000000 00000000 00000000
561 t=625460 grColorCombine #15 00000003 00000001 00000000 00000001 00000000
562 t=625460 grTexFilterMode #18 00000000 00000000 00000000
563 t=625460 grBufferSwap #20 00000001
564 t=625495 grChromakeyMode #16 00000001
565 t=625500 grAlphaCombine #16 00000000 00000000 00000001 00000002 00000000
566 t=625500 grAlphaBlendFunction #16 00000004 00000000 00000000 00000000
567 t=625500 grColorCombine #16 00000003 00000001 00000000 00000001 00000000
568 t=625500 grTexFilterMode #19 00000000 00000000 00000000
569 t=625500 grBufferSwap #21 00000001
570 t=625535 grChromakeyMode #17 00000001
571 t=625540 grAlphaCombine #17 00000000 00000000 00000001 00000002 00000000
572 t=625540 grAlphaBlendFunction #17 00000004 00000000 00000000 00000000
573 t=625540 grColorCombine #17 00000003 00000001 00000000 00000001 00000000
574 t=625540 grTexFilterMode #20 00000000 00000000 00000000
575 t=625540 grBufferSwap #22 00000001
576 t=625575 grChromakeyMode #18 00000001
577 t=625580 grAlphaCombine #18 00000000 00000000 00000001 00000002 00000000
578 t=625580 grAlphaBlendFunction #18 00000004 00000000 00000000 00000000
579 t=625580 grColorCombine #18 00000003 00000001 00000000 00000001 00000000
580 t=625580 grTexFilterMode #21 00000000 00000000 00000000
581 t=625580 grBufferSwap #23 00000001
582 t=625615 grChromakeyMode #19 00000001
583 t=625620 grAlphaCombine #19 00000000 00000000 00000001 00000002 00000000
584 t=625620 grAlphaBlendFunction #19 00000004 00000000 00000000 00000000
585 t=625620 grColorCombine #19 00000003 00000001 00000000 00000001 00000000
586 t=625620 grTexFilterMode #22 00000000 00000000 00000000
587 t=625620 grBufferSwap #24 00000001
588 t=625660 grChromakeyMode #20 00000001
589 t=625660 grAlphaCombine #20 00000000 00000000 00000001 00000002 00000000
590 t=625660 grAlphaBlendFunction #20 00000004 00000000 00000000 00000000
591 t=625660 grColorCombine #20 00000003 00000001 00000000 00000001 00000000
592 t=625660 grTexFilterMode #23 00000000 00000000 00000000
593 t=625660 grBufferSwap #25 00000001
594 t=625700 grChromakeyMode #21 00000001
595 t=625700 grAlphaCombine #21 00000000 00000000 00000001 00000002 00000000
596 t=625700 grAlphaBlendFunction #21 00000004 00000000 00000000 00000000
597 t=625700 grColorCombine #21 00000003 00000001 00000000 00000001 00000000
598 t=625700 grTexFilterMode #24 00000000 00000000 00000000
599 t=625740 grChromakeyMode #22 00000001
600 t=625740 grAlphaCombine #22 00000000 00000000 00000001 00000002 00000000
601 t=625740 grAlphaBlendFunction #22 00000004 00000000 00000000 00000000
602 t=625740 grColorCombine #22 00000003 00000001 00000000 00000001 00000000
603 t=625740 grTexFilterMode #25 00000000 00000000 00000000
604 t=625780 grChromakeyMode #23 00000001
605 t=625780 grAlphaCombine #23 00000000 00000000 00000001 00000002 00000000
606 t=625780 grAlphaBlendFunction #23 00000004 00000000 00000000 00000000
607 t=625780 grColorCombine #23 00000003 00000001 00000000 00000001 00000000
608 t=625820 grChromakeyMode #24 00000001
609 t=625820 grAlphaCombine #24 00000000 00000000 00000001 00000002 00000000
610 t=625820 grAlphaBlendFunction #24 00000004 00000000 00000000 00000000
611 t=625820 grColorCombine #24 00000003 00000001 00000000 00000001 00000000
612 t=625860 grChromakeyMode #25 00000001
613 t=625860 grAlphaCombine #25 00000000 00000000 00000001 00000002 00000000
614 t=625860 grAlphaBlendFunction #25 00000004 00000000 00000000 00000000
615 t=625860 grColorCombine #25 00000003 00000001 00000000 00000001 00000000
616 t=634060 grTexDownloadTable #6 00000002 024A4DB0
617 t=634100 grTexDownloadTable #7 00000002 024A4DB0
618 t=634106 grTexDownloadMipMap #205 00000000 000A0000 00000003 0099EEB0
619 t=634106 grTexSource #2737 00000000 000A0000 00000003 0099EEB0
620 t=634106 grTexDownloadMipMap #206 00000000 000B0000 00000003 0099EEB0
621 t=634106 grTexSource #2738 00000000 000B0000 00000003 0099EEB0
622 t=634106 grTexDownloadMipMap #207 00000000 000C0000 00000003 0099EEB0
623 t=634106 grTexSource #2739 00000000 000C0000 00000003 0099EEB0
624 t=634106 grTexDownloadMipMap #208 00000000 001F8000 00000003 0099EEB0
625 t=634106 grTexSource #2740 00000000 001F8000 00000003 0099EEB0
626 t=634106 grTexDownloadMipMap #209 00000000 000D0000 00000003 0099EEB0
627 t=634106 grTexSource #2741 00000000 000D0000 00000003 0099EEB0
628 t=634110 grTexDownloadMipMap #210 00000000 000E0000 00000003 0099EEB0
629 t=634110 grTexSource #2742 00000000 000E0000 00000003 0099EEB0
630 t=634110 grTexDownloadMipMap #211 00000000 000F0000 00000003 0099EEB0
631 t=634110 grTexSource #2743 00000000 000F0000 00000003 0099EEB0
632 t=634110 grTexDownloadMipMap #212 00000000 001FC000 00000003 0099EEB0
633 t=634110 grTexSource #2744 00000000 001FC000 00000003 0099EEB0
634 t=634110 grTexDownloadMipMap #213 00000000 00100000 00000003 0099EEB4
635 t=634110 grTexSource #2745 00000000 00100000 00000003 0099EEB4
636 t=634110 grTexDownloadMipMap #214 00000000 00110000 00000003 0099EEB4
637 t=634110 grTexSource #2746 00000000 00110000 00000003 0099EEB4
638 t=634110 grTexDownloadMipMap #215 00000000 00120000 00000003 0099EEB4
639 t=634110 grTexSource #2747 00000000 00120000 00000003 0099EEB4
640 t=634110 grTexDownloadMipMap #216 00000000 002ED000 00000003 0099EEB4
641 t=634110 grTexSource #2748 00000000 002ED000 00000003 0099EEB4
642 t=634110 grTexDownloadMipMap #217 00000000 00130000 00000003 0099EE88
643 t=634110 grTexSource #2749 00000000 00130000 00000003 0099EE88
644 t=634110 grTexDownloadMipMap #218 00000000 00140000 00000003 0099EE88
645 t=634110 grTexSource #2750 00000000 00140000 00000003 0099EE88
646 t=634110 grAlphaCombine #230 00000001 00000000 00000001 00000002 00000000
647 t=634110 grAlphaBlendFunction #230 00000004 00000004 00000000 00000000
648 t=634110 grConstantColorValue #1 000000FF
649 t=634110 grDitherMode #2750 00000000
650 t=634115 grTexDownloadMipMap #219 00000000 00150000 00000003 0099EE88
651 t=634115 grTexSource #2751 00000000 00150000 00000003 0099EE88
652 t=634115 grTexDownloadMipMap #220 00000000 00160000 00000003 0099EE88
653 t=634115 grTexSource #2752 00000000 00160000 00000003 0099EE88
654 t=634115 grConstantColorValue #2 000000FF
655 t=634115 grTexDownloadMipMap #221 00000000 002EE000 00000003 0099E5FC
656 t=634115 grTexDownloadMipMap info small=6 large=6 aspect=1 format=05
657 t=634115 grTexSource #2753 00000000 002EE000 00000003 0099E5FC
658 t=634115 grTexDownloadMipMap #222 00000000 002EF000 00000003 0099E5FC
659 t=634115 grTexSource #2754 00000000 002EF000 00000003 0099E5FC
660 t=634115 grTexDownloadMipMap #223 00000000 002F0000 00000003 0099E5FC
661 t=634115 grTexSource #2755 00000000 002F0000 00000003 0099E5FC
662 t=634115 grTexDownloadMipMap #224 00000000 002F1000 00000003 0099E5FC
663 t=634115 grTexSource #2756 00000000 002F1000 00000003 0099E5FC
664 t=634115 grTexDownloadMipMap #225 00000000 002F2000 00000003 0099E5FC
665 t=634115 grTexSource #2757 00000000 002F2000 00000003 0099E5FC
666 t=634115 grTexDownloadMipMap #226 00000000 002F3000 00000003 0099E5FC
667 t=634115 grTexSource #2758 00000000 002F3000 00000003 0099E5FC
668 t=634115 grTexDownloadMipMap #227 00000000 002F4000 00000003 0099E5FC
669 t=634115 grTexSource #2759 00000000 002F4000 00000003 0099E5FC
670 t=634115 grTexDownloadMipMap #228 00000000 002F5000 00000003 0099E5FC
671 t=634115 grTexSource #2760 00000000 002F5000 00000003 0099E5FC
672 t=634115 grTexDownloadMipMap #229 00000000 002F6000 00000003 0099E5FC
673 t=634115 grTexSource #2761 00000000 002F6000 00000003 0099E5FC
674 t=634115 grTexDownloadMipMap #230 00000000 002F7000 00000003 0099E5FC
675 t=634115 grTexSource #2762 00000000 002F7000 00000003 0099E5FC
676 t=634115 grTexDownloadMipMap #231 00000000 002F8000 00000003 0099E5FC
677 t=634115 grTexSource #2763 00000000 002F8000 00000003 0099E5FC
678 t=634115 grTexDownloadMipMap #232 00000000 002F9000 00000003 0099E5FC
679 t=634115 grTexSource #2765 00000000 002F9000 00000003 0099E5FC
680 t=634120 grTexDownloadMipMap #233 00000000 002FA000 00000003 0099E5FC
681 t=634120 grTexSource #2766 00000000 002FA000 00000003 0099E5FC
682 t=634120 grTexDownloadMipMap #234 00000000 002FB000 00000003 0099E5FC
683 t=634120 grTexSource #2770 00000000 002FB000 00000003 0099E5FC
684 t=634120 grTexDownloadMipMap #235 00000000 002FC000 00000003 0099E5FC
685 t=634120 grTexSource #2771 00000000 002FC000 00000003 0099E5FC
686 t=634120 grTexDownloadMipMap #236 00000000 002FD000 00000003 0099E5FC
687 t=634120 grTexSource #2773 00000000 002FD000 00000003 0099E5FC
688 t=634120 grTexDownloadMipMap #237 00000000 002FE000 00000003 0099E5FC
689 t=634120 grTexSource #2775 00000000 002FE000 00000003 0099E5FC
690 t=634120 grTexDownloadMipMap #238 00000000 002FF000 00000003 0099E5FC
691 t=634120 grTexSource #2777 00000000 002FF000 00000003 0099E5FC
692 t=634120 grTexDownloadMipMap #239 00000000 00300000 00000003 0099E5FC
693 t=634120 grTexSource #2779 00000000 00300000 00000003 0099E5FC
694 t=634120 grTexDownloadMipMap #240 00000000 00301000 00000003 0099E5FC
695 t=634120 grTexSource #2780 00000000 00301000 00000003 0099E5FC
696 t=634120 grTexDownloadMipMap #241 00000000 00302000 00000003 0099E5FC
697 t=634120 grTexSource #2782 00000000 00302000 00000003 0099E5FC
698 t=634120 grTexDownloadMipMap #242 00000000 00303000 00000003 0099E5FC
699 t=634120 grTexSource #2788 00000000 00303000 00000003 0099E5FC
700 t=634120 grTexDownloadMipMap #243 00000000 00304000 00000003 0099E5FC
701 t=634120 grTexSource #2792 00000000 00304000 00000003 0099E5FC
702 t=634120 grTexDownloadMipMap #244 00000000 00305000 00000003 0099E5FC
703 t=634120 grTexSource #2796 00000000 00305000 00000003 0099E5FC
704 t=634120 grTexDownloadMipMap #245 00000000 00306000 00000003 0099E5FC
705 t=634120 grTexSource #2801 00000000 00306000 00000003 0099E5FC
706 t=634120 grTexDownloadMipMap #246 00000000 00307000 00000003 0099E5FC
707 t=634120 grTexSource #2808 00000000 00307000 00000003 0099E5FC
708 t=634120 grTexDownloadMipMap #247 00000000 00308000 00000003 0099E5FC
709 t=634120 grTexSource #2811 00000000 00308000 00000003 0099E5FC
710 t=634145 grTexDownloadMipMap #248 00000000 00170000 00000003 0099EE88
711 t=634145 grTexSource #2824 00000000 00170000 00000003 0099EE88
712 t=634145 grTexDownloadMipMap #249 00000000 00180000 00000003 0099EE88
713 t=634145 grTexSource #2825 00000000 00180000 00000003 0099EE88
714 t=634145 grConstantColorValue #3 000000FF
715 t=634145 grTexDownloadMipMap #250 00000000 00190000 00000003 0099EE88
716 t=634145 grTexSource #2826 00000000 00190000 00000003 0099EE88
717 t=634145 grTexDownloadMipMap #251 00000000 001A0000 00000003 0099EE88
718 t=634145 grTexSource #2827 00000000 001A0000 00000003 0099EE88
719 t=634145 grConstantColorValue #4 000000FF
720 t=634185 grTexDownloadMipMap #252 00000000 001B0000 00000003 0099EE88
721 t=634185 grTexSource #2899 00000000 001B0000 00000003 0099EE88
722 t=634185 grTexDownloadMipMap #253 00000000 001C0000 00000003 0099EE88
723 t=634185 grTexSource #2900 00000000 001C0000 00000003 0099EE88
724 t=634185 grConstantColorValue #5 000000FF
725 t=634185 grTexDownloadMipMap #254 00000000 001D0000 00000003 0099EE88
726 t=634185 grTexSource #2901 00000000 001D0000 00000003 0099EE88
727 t=634185 grTexDownloadMipMap #255 00000000 001E0000 00000003 0099EE88
728 t=634185 grTexSource #2902 00000000 001E0000 00000003 0099EE88
729 t=634185 grConstantColorValue #6 000000FF
730 t=634225 grTexDownloadMipMap #256 00000000 00010000 00000003 0099EE88
731 t=634225 grTexSource #2974 00000000 00010000 00000003 0099EE88
732 t=634225 grTexDownloadMipMap #257 00000000 00020000 00000003 0099EE88
733 t=634225 grTexSource #2975 00000000 00020000 00000003 0099EE88
734 t=634225 grConstantColorValue #7 000000FF
735 t=634225 grTexDownloadMipMap #258 00000000 00030000 00000003 0099EE88
736 t=634225 grTexSource #2976 00000000 00030000 00000003 0099EE88
737 t=634225 grTexDownloadMipMap #259 00000000 00040000 00000003 0099EE88
738 t=634225 distinct-argument set full; only samples and frames log now
739 t=634225 grConstantColorValue #8 000000FF
740 t=634265 grConstantColorValue #9 000000FF
741 t=634265 grConstantColorValue #10 000000FF
742 t=634305 grConstantColorValue #11 000000FF
743 t=634305 grConstantColorValue #12 000000FF
744 t=634345 grConstantColorValue #13 000000FF
745 t=634345 grConstantColorValue #14 000000FF
746 t=634385 grConstantColorValue #15 000000FF
747 t=634385 grConstantColorValue #16 000000FF
748 t=634425 grConstantColorValue #17 000000FF
749 t=634425 grConstantColorValue #18 000000FF
750 t=634465 grConstantColorValue #19 000000FF
751 t=634465 grConstantColorValue #20 000000FF
752 t=634505 grConstantColorValue #21 000000FF
753 t=634505 grConstantColorValue #22 000000FF
754 t=634545 grConstantColorValue #23 000000FF
755 t=634545 grConstantColorValue #24 000000FF
756 t=634585 grConstantColorValue #25 000000FF
757 t=638445 grTexDownloadTable #8 00000002 024A4DB0
758 t=638485 grTexDownloadTable #9 00000002 024A4DB0
759 t=638490 grTexDownloadMipMap #687 00000000 00309000 00000003 0099EEB4
760 t=638490 grTexSource #10848 00000000 00309000 00000003 0099EEB4
761 t=638490 grTexDownloadMipMap #692 00000000 00208000 00000003 0099EE84
762 t=638495 grTexDownloadMipMap info small=8 large=8 aspect=2 format=05
763 t=638495 grTexSource #10853 00000000 00208000 00000003 0099EE84
764 t=638495 grTexDownloadMipMap #693 00000000 0030A000 00000003 0099EE84
765 t=638495 grTexDownloadMipMap info small=6 large=6 aspect=-2 format=05
766 t=638495 grTexSource #10854 00000000 0030A000 00000003 0099EE84
767 t=638499 grTexDownloadMipMap #694 00000000 0030B000 00000003 0099EE04
768 t=638499 grTexDownloadMipMap info small=5 large=5 aspect=0 format=05
769 t=638499 grTexSource #10855 00000000 0030B000 00000003 0099EE04
770 t=638499 grAlphaBlendFunction #774 00000000 00000002 00000000 00000000
771 t=638499 grTexDownloadMipMap #695 00000000 0030C000 00000003 0099EE04
772 t=638499 grTexSource #10856 00000000 0030C000 00000003 0099EE04
773 t=638499 grTexDownloadMipMap #696 00000000 0030D000 00000003 0099EE04
774 t=638499 grTexSource #10857 00000000 0030D000 00000003 0099EE04
775 t=638500 grTexDownloadMipMap #697 00000000 0030E000 00000003 0099EE04
776 t=638500 grTexSource #10858 00000000 0030E000 00000003 0099EE04
777 t=638500 grTexDownloadMipMap #698 00000000 0030F000 00000003 0099EE04
778 t=638500 grTexSource #10859 00000000 0030F000 00000003 0099EE04
779 t=638500 grTexDownloadMipMap #699 00000000 00310000 00000003 0099EE04
780 t=638500 grTexSource #10860 00000000 00310000 00000003 0099EE04
781 t=638500 grTexDownloadMipMap #700 00000000 00311000 00000003 0099EE04
782 t=638500 grTexSource #10861 00000000 00311000 00000003 0099EE04
783 t=638500 grTexDownloadMipMap #701 00000000 00312000 00000003 0099EE04
784 t=638500 grTexSource #10862 00000000 00312000 00000003 0099EE04
785 t=638500 grTexDownloadMipMap #702 00000000 00313000 00000003 0099EE04
786 t=638500 grTexSource #10864 00000000 00313000 00000003 0099EE04
787 t=638500 grTexDownloadMipMap #703 00000000 00314000 00000003 0099EE04
788 t=638500 grTexSource #10865 00000000 00314000 00000003 0099EE04
789 t=638500 grTexDownloadMipMap #704 00000000 00315000 00000003 0099EE04
790 t=638500 grTexSource #10867 00000000 00315000 00000003 0099EE04
791 t=638500 grTexDownloadMipMap #705 00000000 00316000 00000003 0099EE04
792 t=638500 grTexSource #10871 00000000 00316000 00000003 0099EE04
793 t=638500 grTexDownloadMipMap #706 00000000 00317000 00000003 0099EE04
794 t=638500 grTexSource #10873 00000000 00317000 00000003 0099EE04
795 t=638500 grTexDownloadMipMap #707 00000000 00318000 00000003 0099EE04
796 t=638500 grTexSource #10875 00000000 00318000 00000003 0099EE04
797 t=638500 grTexDownloadMipMap #708 00000000 00319000 00000003 0099EE04
798 t=638500 grTexSource #10878 00000000 00319000 00000003 0099EE04
799 t=638500 grTexDownloadMipMap #709 00000000 0031A000 00000003 0099EE04
800 t=638500 grTexSource #10880 00000000 0031A000 00000003 0099EE04
801 t=638500 grTexDownloadMipMap #710 00000000 0031B000 00000003 0099E5FC
802 t=638500 grTexDownloadMipMap info small=4 large=4 aspect=0 format=05
803 t=638500 grTexSource #10884 00000000 0031B000 00000003 0099E5FC
804 t=638500 grTexDownloadMipMap #711 00000000 0031C000 00000003 0099E5FC
805 t=638500 grTexSource #10885 00000000 0031C000 00000003 0099E5FC
806 t=638505 grTexDownloadMipMap #712 00000000 0031D000 00000003 0099E5FC
807 t=638505 grTexSource #10886 00000000 0031D000 00000003 0099E5FC
808 t=638505 grTexDownloadMipMap #713 00000000 0031E000 00000003 0099E5FC
809 t=638505 grTexSource #10887 00000000 0031E000 00000003 0099E5FC
810 t=638505 grTexDownloadMipMap #714 00000000 0031F000 00000003 0099E5FC
811 t=638505 grTexSource #10888 00000000 0031F000 00000003 0099E5FC
812 t=638505 grTexDownloadMipMap #722 00000000 00327000 00000003 0099EF1C
813 t=638505 grTexSource #10900 00000000 00327000 00000003 0099EF1C
814 t=639210 summary periodic swaps=359
815 t=639210   grAlphaBlendFunction 930
816 t=639210   grAlphaCombine 930
817 t=639210   grBufferClear 714
818 t=639210   grBufferSwap 359
819 t=639210   grChromakeyMode 354
820 t=639210   grChromakeyValue 3
821 t=639210   grColorCombine 354
822 t=639210   grColorMask 3
823 t=639210   grConstantColorValue 738
824 t=639210   grCoordinateSpace 3
825 t=639210   grDepthMask 3
826 t=639210   grDitherMode 12726
827 t=639210   grDrawVertexArrayContiguous 11988
828 t=639210   grFinish 2
829 t=639210   grGet 13
830 t=639210   grGetString 4
831 t=639210   grGlideInit 3
832 t=639210   grGlideShutdown 2
833 t=639210   grLoadGammaTable 3
834 t=639210   grSstSelect 3
835 t=639210   grSstWinClose 2
836 t=639210   grSstWinOpen 3
837 t=639210   grTexCombine 4
838 t=639210   grTexDownloadMipMap 790
839 t=639210   grTexDownloadTable 9
840 t=639210   grTexFilterMode 357
841 t=639210   grTexMaxAddress 3
842 t=639215   grTexMinAddress 3
843 t=639215   grTexSource 11988
844 t=639215   grVertexLayout 12
845 t=641445 grTexSource #15509 00000000 00010000 00000003 0099EEB8
846 t=641445 grTexSource #15510 00000000 00020000 00000003 0099EEB8
847 t=641445 grTexSource #15511 00000000 00030000 00000003 0099EEB8
848 t=641445 grTexSource #15512 00000000 00200000 00000003 0099EEB8
849 t=641445 grTexSource #15513 00000000 00040000 00000003 0099EEB8
850 t=641445 grTexSource #15514 00000000 00050000 00000003 0099EEB8
851 t=641445 grTexSource #15515 00000000 00060000 00000003 0099EEB8
852 t=641445 grTexSource #15516 00000000 00204000 00000003 0099EEB8
853 t=641445 grTexSource #15517 00000000 00070000 00000003 0099EEBC
854 t=641445 grTexSource #15518 00000000 00080000 00000003 0099EEBC
855 t=641445 grTexSource #15519 00000000 00090000 00000003 0099EEBC
856 t=641445 grTexSource #15520 00000000 00309000 00000003 0099EEBC
857 t=641445 grTexDownloadMipMap #1011 00000000 001D0000 00000003 0099EE90
858 t=641445 grTexSource #15521 00000000 001D0000 00000003 0099EE90
859 t=641445 grTexDownloadMipMap #1012 00000000 001E0000 00000003 0099EE90
860 t=641445 grTexSource #15522 00000000 001E0000 00000003 0099EE90
861 t=641445 grTexDownloadMipMap #1013 00000000 00130000 00000003 0099EE90
862 t=641445 grTexSource #15523 00000000 00130000 00000003 0099EE90
863 t=641445 grTexDownloadMipMap #1014 00000000 00140000 00000003 0099EE90
864 t=641445 grTexSource #15524 00000000 00140000 00000003 0099EE90
865 t=641445 grTexSource #15525 00000000 00208000 00000003 0099EE8C
866 t=641445 grTexSource #15526 00000000 0030A000 00000003 0099EE8C
867 t=641445 grTexSource #15527 00000000 0030B000 00000003 0099EE0C
868 t=641445 grTexSource #15528 00000000 0030C000 00000003 0099EE0C
869 t=641445 grTexSource #15529 00000000 0030D000 00000003 0099EE0C
870 t=641445 grTexSource #15530 00000000 0030E000 00000003 0099EE0C
871 t=641445 grTexSource #15531 00000000 0030F000 00000003 0099EE0C
872 t=641445 grTexSource #15532 00000000 00310000 00000003 0099EE0C
873 t=641445 grTexSource #15533 00000000 00311000 00000003 0099EE0C
874 t=641445 grTexSource #15534 00000000 00312000 00000003 0099EE0C
875 t=641445 grTexSource #15536 00000000 00313000 00000003 0099EE0C
876 t=641450 grTexSource #15537 00000000 00314000 00000003 0099EE0C
877 t=641450 grTexSource #15539 00000000 00315000 00000003 0099EE0C
878 t=641450 grTexDownloadMipMap #1015 00000000 0020C000 00000003 0099EE8C
879 t=641450 grTexSource #15540 00000000 0020C000 00000003 0099EE8C
880 t=641450 grTexDownloadMipMap #1016 00000000 00328000 00000003 0099EE8C
881 t=641450 grTexSource #15541 00000000 00328000 00000003 0099EE8C
882 t=641450 grTexSource #15543 00000000 00316000 00000003 0099EE0C
883 t=641450 grTexSource #15545 00000000 00317000 00000003 0099EE0C
884 t=641450 grTexSource #15547 00000000 00318000 00000003 0099EE0C
885 t=641450 grTexSource #15550 00000000 00319000 00000003 0099EE0C
886 t=641450 grTexSource #15552 00000000 0031A000 00000003 0099EE0C
887 t=641450 grTexSource #15556 00000000 0031B000 00000003 0099E604
888 t=641450 grTexSource #15557 00000000 0031C000 00000003 0099E604
889 t=641450 grTexSource #15558 00000000 0031D000 00000003 0099E604
890 t=641450 grTexSource #15559 00000000 0031E000 00000003 0099E604
891 t=641450 grTexSource #15560 00000000 0031F000 00000003 0099E604
892 t=641450 grTexSource #15561 00000000 00320000 00000003 0099E604
893 t=641450 grTexSource #15565 00000000 00321000 00000003 0099E604
894 t=641450 grTexSource #15566 00000000 00322000 00000003 0099E604
895 t=641450 grTexSource #15568 00000000 00323000 00000003 0099E604
896 t=641450 grTexSource #15569 00000000 00324000 00000003 0099E604
897 t=641450 grTexSource #15570 00000000 00325000 00000003 0099E604
898 t=641450 grTexSource #15571 00000000 00326000 00000003 0099E604
899 t=641450 grTexSource #15572 00000000 00327000 00000003 0099EF24
900 t=641505 grTexDownloadTable #10 00000002 024A4DB0
901 t=641510 grFinish #3
902 t=641510 grSstWinClose #3 00000001
903 t=641535 grGlideShutdown #3
904 t=641535 summary shutdown swaps=415
905 t=641535   grAlphaBlendFunction 1434
906 t=641535   grAlphaCombine 1434
907 t=641535   grBufferClear 825
908 t=641535   grBufferSwap 415
909 t=641535   grChromakeyMode 410
910 t=641535   grChromakeyValue 3
911 t=641535   grColorCombine 410
912 t=641535   grColorMask 3
913 t=641535   grConstantColorValue 2362
914 t=641535   grCoordinateSpace 3
915 t=641535   grDepthMask 3
916 t=641535   grDitherMode 17934
917 t=641535   grDrawVertexArrayContiguous 15572
918 t=641535   grFinish 3
919 t=641535   grGet 13
920 t=641535   grGetString 4
921 t=641535   grGlideInit 3
922 t=641535   grGlideShutdown 3
923 t=641535   grLoadGammaTable 3
924 t=641535   grSstSelect 3
925 t=641535   grSstWinClose 3
926 t=641535   grSstWinOpen 3
927 t=641535   grTexCombine 4
928 t=641535   grTexDownloadMipMap 1016
929 t=641535   grTexDownloadTable 10
930 t=641535   grTexFilterMode 413
931 t=641535   grTexMaxAddress 3
932 t=641535   grTexMinAddress 3
933 t=641535   grTexSource 15572
934 t=641535   grVertexLayout 12
935 t=641535 summary detach swaps=415
936 t=641535   grAlphaBlendFunction 1434
937 t=641535   grAlphaCombine 1434
938 t=641535   grBufferClear 825
939 t=641566   grBufferSwap 415
940 t=641566   grChromakeyMode 410
941 t=641566   grChromakeyValue 3
942 t=641566   grColorCombine 410
943 t=641566   grColorMask 3
944 t=641566   grConstantColorValue 2362
945 t=641566   grCoordinateSpace 3
946 t=641566   grDepthMask 3
947 t=641566   grDitherMode 17934
948 t=641566   grDrawVertexArrayContiguous 15572
949 t=641566   grFinish 3
950 t=641566   grGet 13
951 t=641566   grGetString 4
952 t=641566   grGlideInit 3
953 t=641566   grGlideShutdown 3
954 t=641566   grLoadGammaTable 3
955 t=641566   grSstSelect 3
956 t=641566   grSstWinClose 3
957 t=641566   grSstWinOpen 3
958 t=641566   grTexCombine 4
959 t=641566   grTexDownloadMipMap 1016
960 t=641566   grTexDownloadTable 10
961 t=641566   grTexFilterMode 413
962 t=641566   grTexMaxAddress 3
963 t=641566   grTexMinAddress 3
964 t=641566   grTexSource 15572
965 t=641566   grVertexLayout 12
