1 pid=FFFE2D41 t=2214845 attach instance=00560000 version=0.13.0 V9XGLIDE build=d36e4b9-dirty exe=C:\V9XGLIDP\V9XGLIDP.EXE
2 pid=FFFE2D41 t=2214845 grGlideInit#1 
3 pid=FFFE2D41 t=2214846 grSstQueryHardware#1 config=0054F9F4 -> voodoo fb=2MiB tmus=1 tmu0=2MiB
4 pid=FFFE2D41 t=2214846 grSstSelect#1 sst=0
5 pid=FFFE2D41 t=2214847 device: window=00000340 ours=1
6 pid=FFFE2D41 t=2215318 device: describe result=0 engine=3 generation=4
7 pid=FFFE2D41 t=2215318 device: target formats=00000002 texture formats=0000001A hw max=1024
8 pid=FFFE2D41 t=2215318 device: open 640x480 buffers=2
9 pid=FFFE2D41 t=2215318 grSstWinOpen#1 hwnd=00000000 res=7 refresh=0 cformat=0 origin=0 colbuf=2 auxbuf=1 -> 1
10 pid=FFFE2D41 t=2215319 grDepthBufferMode#1 mode=00000000
11 pid=FFFE2D41 t=2215319 grRenderBuffer#1 buffer=1
12 pid=FFFE2D41 t=2215319 grClipWindow#1 min=0,0 max=640,480
13 pid=FFFE2D41 t=2215319 grBufferClear#1 color=00FF0000 alpha=00 depth=FFFF
14 pid=FFFE2D41 t=2215460 grLfbLock#1 type=00 buffer=1 wmode=FF origin=0 pipeline=0 info.size=20 -> 00580000 stride=2048
15 pid=FFFE2D41 t=2215460 grLfbUnlock#1 type=00 buffer=1
16 pid=FFFE2D41 t=2215460 grBufferSwap#1 interval=1
17 pid=FFFE2D41 t=2215461 capture frame after swap 1
18 pid=FFFE2D41 t=2215461 grLfbLock#2 type=00 buffer=0 wmode=FF origin=0 pipeline=0 info.size=20 -> 00580000 stride=2048
19 pid=FFFE2D41 t=2215461 grLfbUnlock#2 type=00 buffer=0
20 pid=FFFE2D41 t=2215461 grBufferClear#2 color=0000FF00 alpha=00 depth=FFFF
21 pid=FFFE2D41 t=2215552 grLfbLock#3 type=00 buffer=1 wmode=FF origin=0 pipeline=0 info.size=20 -> 00580000 stride=2048
22 pid=FFFE2D41 t=2215552 grLfbUnlock#3 type=00 buffer=1
23 pid=FFFE2D41 t=2215552 grLfbLock#4 type=00 buffer=0 wmode=FF origin=0 pipeline=0 info.size=20 -> 00580000 stride=2048
24 pid=FFFE2D41 t=2215552 grLfbUnlock#4 type=00 buffer=0
25 pid=FFFE2D41 t=2215552 grColorCombine#1 func=1 factor=0 local=0 other=2 invert=0
26 pid=FFFE2D41 t=2215552 grAlphaCombine#1 func=1 factor=0 local=0 other=2 invert=0
27 pid=FFFE2D41 t=2215552 grAlphaBlendFunction#1 rgb=4,0 alpha=4,0
28 pid=FFFE2D41 t=2215552 grAlphaTestFunction#1 func=00000007
29 pid=FFFE2D41 t=2215552 grCullMode#1 mode=00000000
30 pid=FFFE2D41 t=2215552 grDrawTriangle#1 swap=1
31 pid=FFFE2D41 t=2215552 grDrawTriangle#1   va x=42C80000 y=42C80000 ooz=00000000 oow=3F800000 rgba=437F0000,437F0000,437F0000,437F0000 st0=00000000,00000000,00000000
32 pid=FFFE2D41 t=2215552 grDrawTriangle#1   vb x=43960000 y=42C80000 ooz=00000000 oow=3F800000 rgba=437F0000,437F0000,437F0000,437F0000 st0=00000000,00000000,00000000
33 pid=FFFE2D41 t=2215552 grDrawTriangle#1   vc x=42C80000 y=43960000 ooz=00000000 oow=3F800000 rgba=437F0000,437F0000,437F0000,437F0000 st0=00000000,00000000,00000000
34 pid=FFFE2D41 t=2215552 grLfbLock#5 type=00 buffer=1 wmode=FF origin=0 pipeline=0 info.size=20 -> 00580000 stride=2048
35 pid=FFFE2D41 t=2215552 grLfbUnlock#5 type=00 buffer=1
36 pid=FFFE2D41 t=2215552 grLfbLock#6 type=00 buffer=1 wmode=FF origin=0 pipeline=0 info.size=20 -> 00580000 stride=2048
37 pid=FFFE2D41 t=2215552 grLfbUnlock#6 type=00 buffer=1
38 pid=FFFE2D41 t=2215552 grDepthBufferMode#2 mode=00000002
39 pid=FFFE2D41 t=2215552 grDepthBufferFunction#1 func=00000003
40 pid=FFFE2D41 t=2215552 grDepthMask#1 enable=00000001
41 pid=FFFE2D41 t=2215552 grBufferClear#3 color=00000000 alpha=00 depth=FFFF
42 pid=FFFE2D41 t=2215646 grDrawTriangle#2 swap=1
43 pid=FFFE2D41 t=2215646 grDrawTriangle#2   va x=43960000 y=42C80000 ooz=00000000 oow=3F000000 rgba=00000000,00000000,437F0000,437F0000 st0=00000000,00000000,00000000
44 pid=FFFE2D41 t=2215646 grDrawTriangle#2   vb x=43FA0000 y=42C80000 ooz=00000000 oow=3F000000 rgba=00000000,00000000,437F0000,437F0000 st0=00000000,00000000,00000000
45 pid=FFFE2D41 t=2215646 grDrawTriangle#2   vc x=43960000 y=43960000 ooz=00000000 oow=3F000000 rgba=00000000,00000000,437F0000,437F0000 st0=00000000,00000000,00000000
46 pid=FFFE2D41 t=2215646 grLfbLock#7 type=00 buffer=1 wmode=FF origin=0 pipeline=0 info.size=20 -> 00580000 stride=2048
47 pid=FFFE2D41 t=2215646 grLfbUnlock#7 type=00 buffer=1
48 pid=FFFE2D41 t=2215646 grDrawTriangle#3 swap=1
49 pid=FFFE2D41 t=2215646 grDrawTriangle#3   va x=43960000 y=42C80000 ooz=00000000 oow=3E800000 rgba=437F0000,00000000,00000000,437F0000 st0=00000000,00000000,00000000
50 pid=FFFE2D41 t=2215646 grDrawTriangle#3   vb x=43FA0000 y=42C80000 ooz=00000000 oow=3E800000 rgba=437F0000,00000000,00000000,437F0000 st0=00000000,00000000,00000000
51 pid=FFFE2D41 t=2215646 grDrawTriangle#3   vc x=43960000 y=43960000 ooz=00000000 oow=3E800000 rgba=437F0000,00000000,00000000,437F0000 st0=00000000,00000000,00000000
52 pid=FFFE2D41 t=2215646 grLfbLock#8 type=00 buffer=1 wmode=FF origin=0 pipeline=0 info.size=20 -> 00580000 stride=2048
53 pid=FFFE2D41 t=2215646 grLfbUnlock#8 type=00 buffer=1
54 pid=FFFE2D41 t=2215646 grDrawTriangle#4 swap=1
55 pid=FFFE2D41 t=2215646 grDrawTriangle#4   va x=43960000 y=42C80000 ooz=00000000 oow=3F800000 rgba=437F0000,00000000,00000000,437F0000 st0=00000000,00000000,00000000
56 pid=FFFE2D41 t=2215646 grDrawTriangle#4   vb x=43FA0000 y=42C80000 ooz=00000000 oow=3F800000 rgba=437F0000,00000000,00000000,437F0000 st0=00000000,00000000,00000000
57 pid=FFFE2D41 t=2215646 grDrawTriangle#4   vc x=43960000 y=43960000 ooz=00000000 oow=3F800000 rgba=437F0000,00000000,00000000,437F0000 st0=00000000,00000000,00000000
58 pid=FFFE2D41 t=2215646 grLfbLock#9 type=00 buffer=1 wmode=FF origin=0 pipeline=0 info.size=20 -> 00580000 stride=2048
59 pid=FFFE2D41 t=2215646 grLfbUnlock#9 type=00 buffer=1
60 pid=FFFE2D41 t=2215646 grDepthBufferMode#3 mode=00000000
61 pid=FFFE2D41 t=2215646 grClipWindow#2 min=0,0 max=50,50
62 pid=FFFE2D41 t=2215646 grDrawTriangle#5 swap=1
63 pid=FFFE2D41 t=2215646 grDrawTriangle#5   va x=00000000 y=00000000 ooz=00000000 oow=3F800000 rgba=437F0000,437F0000,437F0000,437F0000 st0=00000000,00000000,00000000
64 pid=FFFE2D41 t=2215646 grDrawTriangle#5   vb x=441FC000 y=00000000 ooz=00000000 oow=3F800000 rgba=437F0000,437F0000,437F0000,437F0000 st0=00000000,00000000,00000000
65 pid=FFFE2D41 t=2215646 grDrawTriangle#5   vc x=00000000 y=43EF8000 ooz=00000000 oow=3F800000 rgba=437F0000,437F0000,437F0000,437F0000 st0=00000000,00000000,00000000
66 pid=FFFE2D41 t=2215646 grLfbLock#10 type=00 buffer=1 wmode=FF origin=0 pipeline=0 info.size=20 -> 00580000 stride=2048
67 pid=FFFE2D41 t=2215646 grLfbUnlock#10 type=00 buffer=1
68 pid=FFFE2D41 t=2215646 grLfbLock#11 type=00 buffer=1 wmode=FF origin=0 pipeline=0 info.size=20 -> 00580000 stride=2048
69 pid=FFFE2D41 t=2215646 grLfbUnlock#11 type=00 buffer=1
70 pid=FFFE2D41 t=2215646 grClipWindow#3 min=0,0 max=640,480
71 pid=FFFE2D41 t=2215646 grDrawLine#1 swap=1
72 pid=FFFE2D41 t=2215646 grDrawLine#1   va x=41200000 y=43C80000 ooz=00000000 oow=3F800000 rgba=437F0000,437F0000,437F0000,437F0000 st0=00000000,00000000,00000000
73 pid=FFFE2D41 t=2215646 grDrawLine#1   vb x=43480000 y=43C80000 ooz=00000000 oow=3F800000 rgba=437F0000,437F0000,437F0000,437F0000 st0=00000000,00000000,00000000
74 pid=FFFE2D41 t=2215646 grLfbLock#12 type=00 buffer=1 wmode=FF origin=0 pipeline=0 info.size=20 -> 00580000 stride=2048
75 pid=FFFE2D41 t=2215646 grLfbUnlock#12 type=00 buffer=1
76 pid=FFFE2D41 t=2215646 grDrawTriangle#6 swap=1
77 pid=FFFE2D41 t=2215646 grDrawTriangle#6   va x=49401900 y=494015E0 ooz=00000000 oow=3F800000 rgba=437F0000,437F0000,437F0000,437F0000 st0=00000000,00000000,00000000
78 pid=FFFE2D41 t=2215646 grDrawTriangle#6   vb x=49401F40 y=494015E0 ooz=00000000 oow=3F800000 rgba=437F0000,437F0000,437F0000,437F0000 st0=00000000,00000000,00000000
79 pid=FFFE2D41 t=2215651 grDrawTriangle#6   vc x=49401900 y=49401C20 ooz=00000000 oow=3F800000 rgba=437F0000,437F0000,437F0000,437F0000 st0=00000000,00000000,00000000
80 pid=FFFE2D41 t=2215651 grLfbLock#13 type=00 buffer=1 wmode=FF origin=0 pipeline=0 info.size=20 -> 00580000 stride=2048
81 pid=FFFE2D41 t=2215651 grLfbUnlock#13 type=00 buffer=1
82 pid=FFFE2D41 t=2215651 grColorCombine#2 func=3 factor=1 local=0 other=1 invert=0
83 pid=FFFE2D41 t=2215651 grAlphaCombine#2 func=3 factor=1 local=0 other=1 invert=0
84 pid=FFFE2D41 t=2215651 grTexCombineFunction#1 tmu=0 func=1
85 pid=FFFE2D41 t=2215651 grTexFilterMode#1 tmu=0 min=0 mag=0
86 pid=FFFE2D41 t=2215651 grTexClampMode#1 tmu=0 s=1 t=1
87 pid=FFFE2D41 t=2215651 grTexDownloadMipMap#1 tmu=0 addr=00000000 evenodd=3 lod=5..5 aspect=3 format=10 data=0054FAF4
88 pid=FFFE2D41 t=2215651 grTexSource#1 tmu=0 addr=00000000 evenodd=3 lod=5..5 aspect=3 format=10
89 pid=FFFE2D41 t=2215670 grDrawTriangle#7 swap=1
90 pid=FFFE2D41 t=2215670 grDrawTriangle#7   va x=42C80000 y=42C80000 ooz=00000000 oow=3F800000 rgba=437F0000,437F0000,437F0000,437F0000 st0=00000000,00000000,00000000
91 pid=FFFE2D41 t=2215670 grDrawTriangle#7   vb x=43240000 y=42C80000 ooz=00000000 oow=3F800000 rgba=437F0000,437F0000,437F0000,437F0000 st0=43800000,00000000,00000000
92 pid=FFFE2D41 t=2215670 grDrawTriangle#7   vc x=42C80000 y=43240000 ooz=00000000 oow=3F800000 rgba=437F0000,437F0000,437F0000,437F0000 st0=00000000,43800000,00000000
93 pid=FFFE2D41 t=2215670 grDrawTriangle#8 swap=1
94 pid=FFFE2D41 t=2215670 grDrawTriangle#8   va x=43240000 y=42C80000 ooz=00000000 oow=3F800000 rgba=437F0000,437F0000,437F0000,437F0000 st0=43800000,00000000,00000000
95 pid=FFFE2D41 t=2215670 grDrawTriangle#8   vb x=43240000 y=43240000 ooz=00000000 oow=3F800000 rgba=437F0000,437F0000,437F0000,437F0000 st0=43800000,43800000,00000000
96 pid=FFFE2D41 t=2215670 grDrawTriangle#8   vc x=42C80000 y=43240000 ooz=00000000 oow=3F800000 rgba=437F0000,437F0000,437F0000,437F0000 st0=00000000,43800000,00000000
97 pid=FFFE2D41 t=2215670 grLfbLock#14 type=00 buffer=1 wmode=FF origin=0 pipeline=0 info.size=20 -> 00580000 stride=2048
98 pid=FFFE2D41 t=2215670 grLfbUnlock#14 type=00 buffer=1
99 pid=FFFE2D41 t=2215670 grTexDownloadTable#1 tmu=0 type=2 sum=C000003F first=FF000000 FF00FF00 FF000000 FF000000
100 pid=FFFE2D41 t=2215670 grTexDownloadMipMap#2 tmu=0 addr=00001000 evenodd=3 lod=5..5 aspect=3 format=5 data=0054FD2C
101 pid=FFFE2D41 t=2215670 grTexSource#2 tmu=0 addr=00001000 evenodd=3 lod=5..5 aspect=3 format=5
102 pid=FFFE2D41 t=2215670 grDrawTriangle#9 swap=1
103 pid=FFFE2D41 t=2215670 grDrawTriangle#9   va x=43480000 y=42C80000 ooz=00000000 oow=3F800000 rgba=437F0000,437F0000,437F0000,437F0000 st0=00000000,00000000,00000000
104 pid=FFFE2D41 t=2215670 grDrawTriangle#9   vb x=43840000 y=42C80000 ooz=00000000 oow=3F800000 rgba=437F0000,437F0000,437F0000,437F0000 st0=43800000,00000000,00000000
105 pid=FFFE2D41 t=2215670 grDrawTriangle#9   vc x=43480000 y=43240000 ooz=00000000 oow=3F800000 rgba=437F0000,437F0000,437F0000,437F0000 st0=00000000,43800000,00000000
106 pid=FFFE2D41 t=2215670 grDrawTriangle#10 swap=1
107 pid=FFFE2D41 t=2215670 grDrawTriangle#10   va x=43840000 y=42C80000 ooz=00000000 oow=3F800000 rgba=437F0000,437F0000,437F0000,437F0000 st0=43800000,00000000,00000000
108 pid=FFFE2D41 t=2215670 grDrawTriangle#10   vb x=43840000 y=43240000 ooz=00000000 oow=3F800000 rgba=437F0000,437F0000,437F0000,437F0000 st0=43800000,43800000,00000000
109 pid=FFFE2D41 t=2215670 grDrawTriangle#10   vc x=43480000 y=43240000 ooz=00000000 oow=3F800000 rgba=437F0000,437F0000,437F0000,437F0000 st0=00000000,43800000,00000000
110 pid=FFFE2D41 t=2215671 grLfbLock#15 type=00 buffer=1 wmode=FF origin=0 pipeline=0 info.size=20 -> 00580000 stride=2048
111 pid=FFFE2D41 t=2215671 grLfbUnlock#15 type=00 buffer=1
112 pid=FFFE2D41 t=2215672 grTexDownloadTable#2 tmu=0 type=2 sum=3FC00000 first=FF000000 FF0000FF FF000000 FF000000
113 pid=FFFE2D41 t=2215672 grDrawTriangle#11 swap=1
114 pid=FFFE2D41 t=2215672 grDrawTriangle#11   va x=43480000 y=42C80000 ooz=00000000 oow=3F800000 rgba=437F0000,437F0000,437F0000,437F0000 st0=00000000,00000000,00000000
115 pid=FFFE2D41 t=2215672 grDrawTriangle#11   vb x=43840000 y=42C80000 ooz=00000000 oow=3F800000 rgba=437F0000,437F0000,437F0000,437F0000 st0=43800000,00000000,00000000
116 pid=FFFE2D41 t=2215672 grDrawTriangle#11   vc x=43480000 y=43240000 ooz=00000000 oow=3F800000 rgba=437F0000,437F0000,437F0000,437F0000 st0=00000000,43800000,00000000
117 pid=FFFE2D41 t=2215672 grDrawTriangle#12 swap=1
118 pid=FFFE2D41 t=2215672 grDrawTriangle#12   va x=43840000 y=42C80000 ooz=00000000 oow=3F800000 rgba=437F0000,437F0000,437F0000,437F0000 st0=43800000,00000000,00000000
119 pid=FFFE2D41 t=2215672 grDrawTriangle#12   vb x=43840000 y=43240000 ooz=00000000 oow=3F800000 rgba=437F0000,437F0000,437F0000,437F0000 st0=43800000,43800000,00000000
120 pid=FFFE2D41 t=2215672 grDrawTriangle#12   vc x=43480000 y=43240000 ooz=00000000 oow=3F800000 rgba=437F0000,437F0000,437F0000,437F0000 st0=00000000,43800000,00000000
121 pid=FFFE2D41 t=2215672 grLfbLock#16 type=00 buffer=1 wmode=FF origin=0 pipeline=0 info.size=20 -> 00580000 stride=2048
122 pid=FFFE2D41 t=2215672 grLfbUnlock#16 type=00 buffer=1
123 pid=FFFE2D41 t=2215672 grTexDownloadMipMap#3 tmu=0 addr=00002000 evenodd=3 lod=5..5 aspect=3 format=10 data=0054FB74
124 pid=FFFE2D41 t=2215672 grTexSource#3 tmu=0 addr=00002000 evenodd=3 lod=5..5 aspect=3 format=10
125 pid=FFFE2D41 t=2215672 grChromakeyValue#1 color=0000FF00
126 pid=FFFE2D41 t=2215672 grChromakeyMode#1 mode=00000001
127 pid=FFFE2D41 t=2215672 grDrawTriangle#13 swap=1
128 pid=FFFE2D41 t=2215672 grDrawTriangle#13   va x=42C80000 y=42C80000 ooz=00000000 oow=3F800000 rgba=437F0000,437F0000,437F0000,437F0000 st0=00000000,00000000,00000000
129 pid=FFFE2D41 t=2215672 grDrawTriangle#13   vb x=43240000 y=42C80000 ooz=00000000 oow=3F800000 rgba=437F0000,437F0000,437F0000,437F0000 st0=43800000,00000000,00000000
130 pid=FFFE2D41 t=2215672 grDrawTriangle#13   vc x=42C80000 y=43240000 ooz=00000000 oow=3F800000 rgba=437F0000,437F0000,437F0000,437F0000 st0=00000000,43800000,00000000
131 pid=FFFE2D41 t=2215672 grDrawTriangle#14 swap=1
132 pid=FFFE2D41 t=2215672 grDrawTriangle#14   va x=43240000 y=42C80000 ooz=00000000 oow=3F800000 rgba=437F0000,437F0000,437F0000,437F0000 st0=43800000,00000000,00000000
133 pid=FFFE2D41 t=2215672 grDrawTriangle#14   vb x=43240000 y=43240000 ooz=00000000 oow=3F800000 rgba=437F0000,437F0000,437F0000,437F0000 st0=43800000,43800000,00000000
134 pid=FFFE2D41 t=2215672 grDrawTriangle#14   vc x=42C80000 y=43240000 ooz=00000000 oow=3F800000 rgba=437F0000,437F0000,437F0000,437F0000 st0=00000000,43800000,00000000
135 pid=FFFE2D41 t=2215672 grLfbLock#17 type=00 buffer=1 wmode=FF origin=0 pipeline=0 info.size=20 -> 00580000 stride=2048
136 pid=FFFE2D41 t=2215672 grLfbUnlock#17 type=00 buffer=1
137 pid=FFFE2D41 t=2215672 grChromakeyMode#2 mode=00000000
138 pid=FFFE2D41 t=2215672 grDrawTriangle#15 swap=1
139 pid=FFFE2D41 t=2215672 grDrawTriangle#15   va x=42C80000 y=42C80000 ooz=00000000 oow=3F800000 rgba=437F0000,437F0000,437F0000,437F0000 st0=00000000,00000000,00000000
140 pid=FFFE2D41 t=2215672 grDrawTriangle#15   vb x=43240000 y=42C80000 ooz=00000000 oow=3F800000 rgba=437F0000,437F0000,437F0000,437F0000 st0=43800000,00000000,00000000
141 pid=FFFE2D41 t=2215672 grDrawTriangle#15   vc x=42C80000 y=43240000 ooz=00000000 oow=3F800000 rgba=437F0000,437F0000,437F0000,437F0000 st0=00000000,43800000,00000000
142 pid=FFFE2D41 t=2215672 grDrawTriangle#16 swap=1
143 pid=FFFE2D41 t=2215672 grDrawTriangle#16   va x=43240000 y=42C80000 ooz=00000000 oow=3F800000 rgba=437F0000,437F0000,437F0000,437F0000 st0=43800000,00000000,00000000
144 pid=FFFE2D41 t=2215672 grDrawTriangle#16   vb x=43240000 y=43240000 ooz=00000000 oow=3F800000 rgba=437F0000,437F0000,437F0000,437F0000 st0=43800000,43800000,00000000
145 pid=FFFE2D41 t=2215672 grDrawTriangle#16   vc x=42C80000 y=43240000 ooz=00000000 oow=3F800000 rgba=437F0000,437F0000,437F0000,437F0000 st0=00000000,43800000,00000000
146 pid=FFFE2D41 t=2215672 grLfbLock#18 type=00 buffer=1 wmode=FF origin=0 pipeline=0 info.size=20 -> 00580000 stride=2048
147 pid=FFFE2D41 t=2215672 grLfbUnlock#18 type=00 buffer=1
148 pid=FFFE2D41 t=2215672 grColorCombine#3 func=1 factor=0 local=0 other=2 invert=0
149 pid=FFFE2D41 t=2215672 grAlphaCombine#3 func=1 factor=0 local=0 other=2 invert=0
150 pid=FFFE2D41 t=2215672 grAlphaBlendFunction#2 rgb=1,5 alpha=0,0
151 pid=FFFE2D41 t=2215672 grDrawTriangle#17 swap=1
152 pid=FFFE2D41 t=2215672 grDrawTriangle#17   va x=44098000 y=43960000 ooz=00000000 oow=3F800000 rgba=437F0000,437F0000,437F0000,43000000 st0=00000000,00000000,00000000
153 pid=FFFE2D41 t=2215672 grDrawTriangle#17   vb x=44198000 y=43960000 ooz=00000000 oow=3F800000 rgba=437F0000,437F0000,437F0000,43000000 st0=43800000,00000000,00000000
154 pid=FFFE2D41 t=2215672 grDrawTriangle#17   vc x=44098000 y=43B60000 ooz=00000000 oow=3F800000 rgba=437F0000,437F0000,437F0000,43000000 st0=00000000,43800000,00000000
155 pid=FFFE2D41 t=2215672 grDrawTriangle#18 swap=1
156 pid=FFFE2D41 t=2215672 grDrawTriangle#18   va x=44198000 y=43960000 ooz=00000000 oow=3F800000 rgba=437F0000,437F0000,437F0000,43000000 st0=43800000,00000000,00000000
157 pid=FFFE2D41 t=2215672 grDrawTriangle#18   vb x=44198000 y=43B60000 ooz=00000000 oow=3F800000 rgba=437F0000,437F0000,437F0000,43000000 st0=43800000,43800000,00000000
158 pid=FFFE2D41 t=2215672 grDrawTriangle#18   vc x=44098000 y=43B60000 ooz=00000000 oow=3F800000 rgba=437F0000,437F0000,437F0000,43000000 st0=00000000,43800000,00000000
159 pid=FFFE2D41 t=2215672 grLfbLock#19 type=00 buffer=1 wmode=FF origin=0 pipeline=0 info.size=20 -> 00580000 stride=2048
160 pid=FFFE2D41 t=2215672 grLfbUnlock#19 type=00 buffer=1
161 pid=FFFE2D41 t=2215672 grAlphaBlendFunction#3 rgb=4,0 alpha=4,0
162 pid=FFFE2D41 t=2215672 grFogTable#1 0-31 FFFFFFFF FFFFFFFF FFFFFFFF FFFFFFFF FFFFFFFF FFFFFFFF FFFFFFFF FFFFFFFF
163 pid=FFFE2D41 t=2215672 grFogTable#1 32-63 FFFFFFFF FFFFFFFF FFFFFFFF FFFFFFFF FFFFFFFF FFFFFFFF FFFFFFFF FFFFFFFF
164 pid=FFFE2D41 t=2215672 grFogColorValue#1 color=000000FF
165 pid=FFFE2D41 t=2215672 grFogMode#1 mode=00000002
166 pid=FFFE2D41 t=2215672 grDrawTriangle#19 swap=1
167 pid=FFFE2D41 t=2215672 grDrawTriangle#19   va x=44098000 y=43BE0000 ooz=00000000 oow=3F000000 rgba=437F0000,437F0000,437F0000,437F0000 st0=00000000,00000000,00000000
168 pid=FFFE2D41 t=2215672 grDrawTriangle#19   vb x=44198000 y=43BE0000 ooz=00000000 oow=3F000000 rgba=437F0000,437F0000,437F0000,437F0000 st0=43000000,00000000,00000000
169 pid=FFFE2D41 t=2215672 grDrawTriangle#19   vc x=44098000 y=43DE0000 ooz=00000000 oow=3F000000 rgba=437F0000,437F0000,437F0000,437F0000 st0=00000000,43000000,00000000
170 pid=FFFE2D41 t=2215672 grDrawTriangle#20 swap=1
171 pid=FFFE2D41 t=2215672 grDrawTriangle#20   va x=44198000 y=43BE0000 ooz=00000000 oow=3F000000 rgba=437F0000,437F0000,437F0000,437F0000 st0=43000000,00000000,00000000
172 pid=FFFE2D41 t=2215672 grDrawTriangle#20   vb x=44198000 y=43DE0000 ooz=00000000 oow=3F000000 rgba=437F0000,437F0000,437F0000,437F0000 st0=43000000,43000000,00000000
173 pid=FFFE2D41 t=2215672 grDrawTriangle#20   vc x=44098000 y=43DE0000 ooz=00000000 oow=3F000000 rgba=437F0000,437F0000,437F0000,437F0000 st0=00000000,43000000,00000000
174 pid=FFFE2D41 t=2215676 grLfbLock#20 type=00 buffer=1 wmode=FF origin=0 pipeline=0 info.size=20 -> 00580000 stride=2048
175 pid=FFFE2D41 t=2215676 grLfbUnlock#20 type=00 buffer=1
176 pid=FFFE2D41 t=2215676 grFogMode#2 mode=00000000
177 pid=FFFE2D41 t=2215676 grBufferSwap#2 interval=1
178 pid=FFFE2D41 t=2215676 capture frame after swap 2
179 pid=FFFE2D41 t=2217676 grSstWinClose#1 
180 pid=FFFE2D41 t=2217676 census winclose swaps=2
181 pid=FFFE2D41 t=2217676 census   draws: drawn=22 refused=0 culled=0 skipped-textured=0
182 pid=FFFE2D41 t=2217676 census   draws: fog-dropped=0 uploads=5
183 pid=FFFE2D41 t=2217676 census   grAlphaBlendFunction calls=3 lines=3
184 pid=FFFE2D41 t=2217676 census   grAlphaCombine calls=3 lines=3
185 pid=FFFE2D41 t=2217676 census   grAlphaTestFunction calls=1 lines=1
186 pid=FFFE2D41 t=2217676 census   grBufferClear calls=3 lines=3
187 pid=FFFE2D41 t=2217676 census   grBufferSwap calls=2 lines=2
188 pid=FFFE2D41 t=2217676 census   grChromakeyMode calls=2 lines=2
189 pid=FFFE2D41 t=2217676 census   grChromakeyValue calls=1 lines=1
190 pid=FFFE2D41 t=2217676 census   grClipWindow calls=3 lines=3
191 pid=FFFE2D41 t=2217676 census   grColorCombine calls=3 lines=3
192 pid=FFFE2D41 t=2217676 census   grCullMode calls=1 lines=1
193 pid=FFFE2D41 t=2217676 census   grDepthBufferFunction calls=1 lines=1
194 pid=FFFE2D41 t=2217676 census   grDepthBufferMode calls=3 lines=3
195 pid=FFFE2D41 t=2217676 census   grDepthMask calls=1 lines=1
196 pid=FFFE2D41 t=2217676 census   grDrawLine calls=1 lines=3
197 pid=FFFE2D41 t=2217676 census   grDrawTriangle calls=20 lines=80
198 pid=FFFE2D41 t=2217676 census   grFogColorValue calls=1 lines=1
199 pid=FFFE2D41 t=2217676 census   grFogMode calls=2 lines=2
200 pid=FFFE2D41 t=2217676 census   grFogTable calls=1 lines=2
201 pid=FFFE2D41 t=2217676 census   grGlideInit calls=1 lines=1
202 pid=FFFE2D41 t=2217676 census   grLfbLock calls=20 lines=20
203 pid=FFFE2D41 t=2217676 census   grLfbUnlock calls=20 lines=20
204 pid=FFFE2D41 t=2217676 census   grRenderBuffer calls=1 lines=1
205 pid=FFFE2D41 t=2217676 census   grSstQueryHardware calls=1 lines=1
206 pid=FFFE2D41 t=2217676 census   grSstSelect calls=1 lines=1
207 pid=FFFE2D41 t=2217676 census   grSstWinClose calls=1 lines=1
208 pid=FFFE2D41 t=2217676 census   grSstWinOpen calls=1 lines=1
209 pid=FFFE2D41 t=2217676 census   grTexClampMode calls=1 lines=1
210 pid=FFFE2D41 t=2217676 census   grTexCombineFunction calls=1 lines=1
211 pid=FFFE2D41 t=2217676 census   grTexDownloadMipMap calls=3 lines=3
212 pid=FFFE2D41 t=2217676 census   grTexDownloadTable calls=2 lines=2
213 pid=FFFE2D41 t=2217676 census   grTexFilterMode calls=1 lines=1
214 pid=FFFE2D41 t=2217676 census   grTexSource calls=3 lines=3
215 pid=FFFE2D41 t=2218132 device: closed
216 pid=FFFE2D41 t=2218152 grGlideShutdown#1 
217 pid=FFFE2D41 t=2218152 census shutdown swaps=2
218 pid=FFFE2D41 t=2218152 census   draws: drawn=22 refused=0 culled=0 skipped-textured=0
219 pid=FFFE2D41 t=2218152 census   draws: fog-dropped=0 uploads=5
220 pid=FFFE2D41 t=2218152 census   grAlphaBlendFunction calls=3 lines=3
221 pid=FFFE2D41 t=2218152 census   grAlphaCombine calls=3 lines=3
222 pid=FFFE2D41 t=2218152 census   grAlphaTestFunction calls=1 lines=1
223 pid=FFFE2D41 t=2218152 census   grBufferClear calls=3 lines=3
224 pid=FFFE2D41 t=2218152 census   grBufferSwap calls=2 lines=2
225 pid=FFFE2D41 t=2218152 census   grChromakeyMode calls=2 lines=2
226 pid=FFFE2D41 t=2218152 census   grChromakeyValue calls=1 lines=1
227 pid=FFFE2D41 t=2218152 census   grClipWindow calls=3 lines=3
228 pid=FFFE2D41 t=2218152 census   grColorCombine calls=3 lines=3
229 pid=FFFE2D41 t=2218152 census   grCullMode calls=1 lines=1
230 pid=FFFE2D41 t=2218152 census   grDepthBufferFunction calls=1 lines=1
231 pid=FFFE2D41 t=2218152 census   grDepthBufferMode calls=3 lines=3
232 pid=FFFE2D41 t=2218152 census   grDepthMask calls=1 lines=1
233 pid=FFFE2D41 t=2218152 census   grDrawLine calls=1 lines=3
234 pid=FFFE2D41 t=2218152 census   grDrawTriangle calls=20 lines=80
235 pid=FFFE2D41 t=2218152 census   grFogColorValue calls=1 lines=1
236 pid=FFFE2D41 t=2218152 census   grFogMode calls=2 lines=2
237 pid=FFFE2D41 t=2218152 census   grFogTable calls=1 lines=2
238 pid=FFFE2D41 t=2218152 census   grGlideInit calls=1 lines=1
239 pid=FFFE2D41 t=2218152 census   grGlideShutdown calls=1 lines=1
240 pid=FFFE2D41 t=2218152 census   grLfbLock calls=20 lines=20
241 pid=FFFE2D41 t=2218152 census   grLfbUnlock calls=20 lines=20
242 pid=FFFE2D41 t=2218152 census   grRenderBuffer calls=1 lines=1
243 pid=FFFE2D41 t=2218152 census   grSstQueryHardware calls=1 lines=1
244 pid=FFFE2D41 t=2218152 census   grSstSelect calls=1 lines=1
245 pid=FFFE2D41 t=2218152 census   grSstWinClose calls=1 lines=1
246 pid=FFFE2D41 t=2218152 census   grSstWinOpen calls=1 lines=1
247 pid=FFFE2D41 t=2218152 census   grTexClampMode calls=1 lines=1
248 pid=FFFE2D41 t=2218152 census   grTexCombineFunction calls=1 lines=1
249 pid=FFFE2D41 t=2218152 census   grTexDownloadMipMap calls=3 lines=3
250 pid=FFFE2D41 t=2218152 census   grTexDownloadTable calls=2 lines=2
251 pid=FFFE2D41 t=2218152 census   grTexFilterMode calls=1 lines=1
252 pid=FFFE2D41 t=2218152 census   grTexSource calls=3 lines=3
253 pid=FFFE2D41 t=2218154 census detach swaps=2
254 pid=FFFE2D41 t=2218154 census   draws: drawn=22 refused=0 culled=0 skipped-textured=0
255 pid=FFFE2D41 t=2218154 census   draws: fog-dropped=0 uploads=5
256 pid=FFFE2D41 t=2218154 census   grAlphaBlendFunction calls=3 lines=3
257 pid=FFFE2D41 t=2218154 census   grAlphaCombine calls=3 lines=3
258 pid=FFFE2D41 t=2218154 census   grAlphaTestFunction calls=1 lines=1
259 pid=FFFE2D41 t=2218154 census   grBufferClear calls=3 lines=3
260 pid=FFFE2D41 t=2218154 census   grBufferSwap calls=2 lines=2
261 pid=FFFE2D41 t=2218154 census   grChromakeyMode calls=2 lines=2
262 pid=FFFE2D41 t=2218154 census   grChromakeyValue calls=1 lines=1
263 pid=FFFE2D41 t=2218154 census   grClipWindow calls=3 lines=3
264 pid=FFFE2D41 t=2218154 census   grColorCombine calls=3 lines=3
265 pid=FFFE2D41 t=2218154 census   grCullMode calls=1 lines=1
266 pid=FFFE2D41 t=2218154 census   grDepthBufferFunction calls=1 lines=1
267 pid=FFFE2D41 t=2218154 census   grDepthBufferMode calls=3 lines=3
268 pid=FFFE2D41 t=2218154 census   grDepthMask calls=1 lines=1
269 pid=FFFE2D41 t=2218154 census   grDrawLine calls=1 lines=3
270 pid=FFFE2D41 t=2218154 census   grDrawTriangle calls=20 lines=80
271 pid=FFFE2D41 t=2218154 census   grFogColorValue calls=1 lines=1
272 pid=FFFE2D41 t=2218154 census   grFogMode calls=2 lines=2
273 pid=FFFE2D41 t=2218154 census   grFogTable calls=1 lines=2
274 pid=FFFE2D41 t=2218154 census   grGlideInit calls=1 lines=1
275 pid=FFFE2D41 t=2218154 census   grGlideShutdown calls=1 lines=1
276 pid=FFFE2D41 t=2218154 census   grLfbLock calls=20 lines=20
277 pid=FFFE2D41 t=2218154 census   grLfbUnlock calls=20 lines=20
278 pid=FFFE2D41 t=2218154 census   grRenderBuffer calls=1 lines=1
279 pid=FFFE2D41 t=2218154 census   grSstQueryHardware calls=1 lines=1
280 pid=FFFE2D41 t=2218154 census   grSstSelect calls=1 lines=1
281 pid=FFFE2D41 t=2218154 census   grSstWinClose calls=1 lines=1
282 pid=FFFE2D41 t=2218154 census   grSstWinOpen calls=1 lines=1
283 pid=FFFE2D41 t=2218154 census   grTexClampMode calls=1 lines=1
284 pid=FFFE2D41 t=2218154 census   grTexCombineFunction calls=1 lines=1
285 pid=FFFE2D41 t=2218154 census   grTexDownloadMipMap calls=3 lines=3
286 pid=FFFE2D41 t=2218154 census   grTexDownloadTable calls=2 lines=2
287 pid=FFFE2D41 t=2218154 census   grTexFilterMode calls=1 lines=1
288 pid=FFFE2D41 t=2218154 census   grTexSource calls=3 lines=3
