Using secondary sound buffer
WON initialized.
Server module initialized.
World module initialized.
]9X_gwgl3_RUN1
]timedemo mwd5
Playing demo from C:\SIERRA\HALF-LIFE/valve/mwd5.dem.
Couldn't open file overviews/c4a1b.txt. Using default values for overiew mode.
Couldn't open file overviews/c4a1b.txt. Using default values for overiew mode.
393 frames 59.149 seconds 6.644 fps
No demos listed with startdemos
]echo V9X_gwgl3_RUN2
V9X_gwgl3_RUN2 
]timedemo mwd5
Playing demo from C:\SIERRA\HALF-LIFE/valve/mwd5.dem.
Couldn't open file overviews/c4a1b.txt. Using default values for overiew mode.
393 frames 55.966 seconds 7.022 fps
]echo V9X_gwgl3_RUN3
V9X_gwgl3_RUN3 
]timedemo mwd5
Playing demo from C:\SIERRA\HALF-LIFE/valve/mwd5.dem.
Couldn't open file overviews/c4a1b.txt. Using default values for overiew mode.
393 frames 56.001 seconds 7.018 fps
]quit
World module shutdown.
WON shutdown.
Server module shutdown.
