Using secondary sound buffer
WON initialized.
Server module initialized.
World module initialized.
]V9X_gwgl4_RUN1
]timedemo mwd5
Playing demo from C:\SIERRA\HALF-LIFE/valve/mwd5.dem.
Couldn't open file overviews/c4a1b.txt. Using default values for overiew mode.
Couldn't open file overviews/c4a1b.txt. Using default values for overiew mode.
393 frames 63.608 seconds 6.178 fps
No demos listed with startdemos
]echo V9X_gwgl4_RUN2
V9X_gwgl4_RUN2 
]timedemo mwd5
Playing demo from C:\SIERRA\HALF-LIFE/valve/mwd5.dem.
Couldn't open file overviews/c4a1b.txt. Using default values for overiew mode.
393 frames 56.135 seconds 7.001 fps
]echo V9X_gwgl4_RUN3
V9X_gwgl4_RUN3 
]timedemo mwd5
Playing demo from C:\SIERRA\HALF-LIFE/valve/mwd5.dem.
Couldn't open file overviews/c4a1b.txt. Using default values for overiew mode.
393 frames 56.248 seconds 6.987 fps
]quit
World module shutdown.
WON shutdown.
Server module shutdown.
