0000C2C8 GDI D7B70EE0 00000028
0000C309 GDI EFD60CC0 00000018
0000C30B GDI 406B2F00 00000018
0000C30C GDI EFD60CC1 00000048
0000C30E GDI B1122B40 00000030
0000C30F GDI EFD60CC2 0000000C
0000C31C GDI 0BA584E1 0000001C
0000C327 GDI DDF41230 00000018
0000C328 GDI 2E04FFA0 00000000
0000C32A GDI 80863800 00000010
0000C32B GDI 93869880 000003E4
0000C373 GDI 7DE41F80 00000074
0000C378 GDI FFAA7540 0000000C
0000C3A2 GDI 3B8A0466 00000028
0000C728 GDI D7B70EE0 00000028
0000C729 GDI EFD60CC0 00000018
0000C72B GDI 406B2F00 00000018
0000C72C GDI EFD60CC1 00000048
0000C72D GDI B1122B40 00000030
0000C746 GDI EFD60CC2 0000000C
0000C752 GDI 0BA584E1 0000001C
0000C754 GDI DDF41230 00000018
0000C755 GDI 2E04FFA0 00000000
0000C756 GDI 80863800 00000010
0000C762 GDI 93869880 000003E4
0000C765 GDI 7DE41F80 00000074
0000C769 GDI FFAA7540 0000000C
0000C76A GDI 3B8A0466 00000028
0000CF24 GDI D7B70EE0 00000028
0000CF25 GDI EFD60CC0 00000018
0000CF27 GDI 406B2F00 00000018
0000CF28 GDI EFD60CC1 00000048
0000CF29 GDI B1122B40 00000030
0000CF43 GDI EFD60CC2 0000000C
0000CF50 GDI 0BA584E1 0000001C
0000CF51 GDI DDF41230 00000018
0000CF53 GDI 2E04FFA0 00000000
0000CF54 GDI 80863800 00000010
0000CF5F GDI 93869880 000003E4
0000CF62 GDI 7DE41F80 00000074
0000CF67 GDI FFAA7540 0000000C
0000CF68 GDI 3B8A0466 00000028
0001D1CB GDI D7B70EE0 00000028
0001D1CC GDI EFD60CC0 00000018
0001D1CE GDI 406B2F00 00000018
0001D1CF GDI EFD60CC1 00000048
0001D1D0 GDI B1122B40 00000030
0001D1DF GDI EFD60CC2 0000000C
0001D1E0 GDI 0BA584E1 0000001C
0001D1E1 GDI DDF41230 00000018
0001D1E2 GDI 2E04FFA0 00000000
0001D1E9 GDI 80863800 00000010
0001D200 GDI 93869880 000003E4
0001D204 GDI 7DE41F80 00000074
0001D207 GDI FFAA7540 0000000C
0001D208 GDI 3B8A0466 00000028
0001D4C6 GDI D7B70EE0 00000028
0001D4C8 GDI EFD60CC0 00000018
0001D4CA GDI 406B2F00 00000018
0001D4CB GDI EFD60CC1 00000048
0001D4CD GDI B1122B40 00000030
0001D4DF GDI EFD60CC2 0000000C
0001D4F8 GDI 0BA584E1 0000001C
0001D4F9 GDI DDF41230 00000018
0001D4FB GDI 2E04FFA0 00000000
0001D4FC GDI 80863800 00000010
0001D517 GDI 93869880 000003E4
0001D524 GDI 7DE41F80 00000074
0001D536 GDI FFAA7540 0000000C
0001D538 GDI 3B8A0466 00000028
0001D7F3 GDI D7B70EE0 00000028
0001D7F5 GDI EFD60CC0 00000018
0001D7F6 GDI 406B2F00 00000018
0001D7F7 GDI EFD60CC1 00000048
0001D7F9 GDI B1122B40 00000030
0001D809 GDI EFD60CC2 0000000C
0001D80B GDI 0BA584E1 0000001C
0001D80C GDI DDF41230 00000018
0001D80D GDI 2E04FFA0 00000000
0001D813 GDI 80863800 00000010
0001D824 GDI 93869880 000003E4
0001D826 GDI 7DE41F80 00000074
0001D82B GDI FFAA7540 0000000C
0001D82C GDI 3B8A0466 00000028
0002BCDA GDI D7B70EE0 00000028
0002BCDB GDI EFD60CC0 00000018
0002BCDD GDI 406B2F00 00000018
0002BCDE GDI EFD60CC1 00000048
0002BCDF GDI B1122B40 00000030
0002BCEF GDI EFD60CC2 0000000C
0002BCF0 GDI 0BA584E1 0000001C
0002BCF1 GDI DDF41230 00000018
0002BCF3 GDI 2E04FFA0 00000000
0002BCF9 GDI 80863800 00000010
0002BD09 GDI 93869880 000003E4
0002BD0E GDI 7DE41F80 00000074
0002BD11 GDI FFAA7540 0000000C
0002BD12 GDI 3B8A0466 00000028
0002C501 GDI 7DE41F80 00000074
0002C50F GDI FFAA7540 0000000C
0002C511 GDI 3B8A0466 00000028
0002C567 DD cancreate 00006218 00000000
0002C6DC DD create 00000002 00006218
0002C900 CTX create FFFC4475 00000000
0002C980 DD cancreate 00005000 00000000
0002C984 DD create 00000001 00005000
0002C985 DD lock 00000041 00000000
0002C98A DP2 enter 00000008 000003C4
0002C98C DP2 exit 00000000 00000007
0002C992 CLR2 enter 00000001 00000001
0002C993 CLR2 drained 00000000 00000000
0002CACE CLR2 exit 00000000 00000000
0002CB28 DP2 enter 0000000C 00000078
0002CB2A DP2 exit 00000000 00000007
0002CB2C CLR2 enter 00000001 00000001
0002CB2E CLR2 drained 00000000 00000000
0002CC6D CLR2 exit 00000000 00000000
0002CC70 DP2 enter 0000000C 00000078
0002CC71 DP2 exit 00000000 00000007
0002CC79 CLR2 enter 00000001 00000001
0002CC86 CLR2 drained 00000000 00000000
0002CDBD CLR2 exit 00000000 00000000
0002CDC0 DP2 enter 0000000C 00000078
0002CDC1 DP2 exit 00000000 00000007
0002CDC7 CLR2 enter 00000001 00000001
0002CDC9 CLR2 drained 00000000 00000000
0002CF15 CLR2 exit 00000000 00000000
0002CF18 DP2 enter 0000000C 00000078
0002CF19 DP2 exit 00000000 00000007
0002CF26 CLR2 enter 00000001 00000001
0002CF2C CLR2 drained 00000000 00000000
0002D069 CLR2 exit 00000000 00000000
0002D06C DP2 enter 0000000C 00000078
0002D06D DP2 exit 00000000 00000007
0002D073 CLR2 enter 00000001 00000001
0002D075 CLR2 drained 00000000 00000000
0002D1BC CLR2 exit 00000000 00000000
0002D1C0 DP2 enter 0000000C 00000078
0002D1C2 DP2 exit 00000000 00000007
0002D1D3 CLR2 enter 00000001 00000001
0002D1D4 CLR2 drained 00000000 00000000
0002D30E CLR2 exit 00000000 00000000
0002D311 DP2 enter 0000000C 00000078
0002D312 DP2 exit 00000000 00000007
0002D320 CLR2 enter 00000001 00000001
0002D32B CLR2 drained 00000000 00000000
0002D464 CLR2 exit 00000000 00000000
0002D467 DP2 enter 0000000C 00000078
0002D468 DP2 exit 00000000 00000007
0002D46D CLR2 enter 00000001 00000001
0002D46F CLR2 drained 00000000 00000000
0002D5B6 CLR2 exit 00000000 00000000
0002D5B9 DP2 enter 0000000C 00000078
0002D5BB DP2 exit 00000000 00000007
0002D5CD CLR2 enter 00000001 00000001
0002D5D1 CLR2 drained 00000000 00000000
0002D704 CLR2 exit 00000000 00000000
0002D707 DP2 enter 0000000C 00000078
0002D709 DP2 exit 00000000 00000007
0002D71A CLR2 enter 00000001 00000001
0002D71E CLR2 drained 00000000 00000000
0002D851 CLR2 exit 00000000 00000000
0002D8A9 DP2 enter 0000000C 00000078
0002D8AA DP2 exit 00000000 00000007
0002D8CD CLR2 enter 00000001 00000001
0002D9A5 CLR2 drained 00000000 00000000
0002DAD9 CLR2 exit 00000000 00000000
0002DADD DP2 enter 0000000C 00000078
0002DADE DP2 exit 00000000 00000007
0002DAE2 CLR2 enter 00000001 00000001
0002DAF1 CLR2 drained 00000000 00000000
0002DD24 CLR2 exit 00000000 00000000
0002DD27 DP2 enter 0000000C 00000078
0002DD29 DP2 exit 00000000 00000007
0002DD3A CLR2 enter 00000001 00000001
0002DD3E CLR2 drained 00000000 00000000
0002DE7B CLR2 exit 00000000 00000000
0002DE7E DP2 enter 0000000C 00000078
0002DE7F DP2 exit 00000000 00000007
0002DE88 CLR2 enter 00000001 00000001
0002DE89 CLR2 drained 00000000 00000000
0002DFC7 CLR2 exit 00000000 00000000
0002DFCB DP2 enter 0000000C 00000078
0002DFCC DP2 exit 00000000 00000007
0002DFD6 CLR2 enter 00000001 00000001
0002DFD7 CLR2 drained 00000000 00000000
0002E114 CLR2 exit 00000000 00000000
0002E117 DP2 enter 0000000C 00000078
0002E119 DP2 exit 00000000 00000007
0002E124 CLR2 enter 00000001 00000001
0002E125 CLR2 drained 00000000 00000000
0002E26B CLR2 exit 00000000 00000000
0002E26E DP2 enter 0000000C 00000078
0002E26F DP2 exit 00000000 00000007
0002E282 CLR2 enter 00000001 00000001
0002E28A CLR2 drained 00000000 00000000
0002E3C2 CLR2 exit 00000000 00000000
0002E3C5 DP2 enter 0000000C 00000078
0002E3C6 DP2 exit 00000000 00000007
0002E3D0 CLR2 enter 00000001 00000001
0002E3D1 CLR2 drained 00000000 00000000
0002E50C CLR2 exit 00000000 00000000
0002E50F DP2 enter 0000000C 00000078
0002E511 DP2 exit 00000000 00000007
0002E51E CLR2 enter 00000001 00000001
0002E51F CLR2 drained 00000000 00000000
0002E661 CLR2 exit 00000000 00000000
0002E664 DP2 enter 0000000C 00000078
0002E666 DP2 exit 00000000 00000007
0002E66B CLR2 enter 00000001 00000001
0002E66D CLR2 drained 00000000 00000000
0002E7A5 CLR2 exit 00000000 00000000
0002E7A8 DP2 enter 0000000C 00000078
0002E7AA DP2 exit 00000000 00000007
0002E7B9 CLR2 enter 00000001 00000001
0002E7C0 CLR2 drained 00000000 00000000
0002E8F3 CLR2 exit 00000000 00000000
0002E94B DP2 enter 0000000C 00000078
0002E94D DP2 exit 00000000 00000007
0002E978 CLR2 enter 00000001 00000001
0002EA3E CLR2 drained 00000000 00000000
0002EB71 CLR2 exit 00000000 00000000
0002EB74 DP2 enter 0000000C 00000078
0002EB76 DP2 exit 00000000 00000007
0002EB81 CLR2 enter 00000001 00000001
0002EB8F CLR2 drained 00000000 00000000
0002EDBB CLR2 exit 00000000 00000000
0002EDBE DP2 enter 0000000C 00000078
0002EDBF DP2 exit 00000000 00000007
0002EDC9 CLR2 enter 00000001 00000001
0002EDD7 CLR2 drained 00000000 00000000
0002EF0F CLR2 exit 00000000 00000000
0002EF12 DP2 enter 0000000C 00000078
0002EF13 DP2 exit 00000000 00000007
0002EF17 CLR2 enter 00000001 00000001
0002EF18 CLR2 drained 00000000 00000000
0002F054 CLR2 exit 00000000 00000000
0002F057 DP2 enter 0000000C 00000078
0002F059 DP2 exit 00000000 00000007
0002F065 CLR2 enter 00000001 00000001
0002F066 CLR2 drained 00000000 00000000
0002F1A4 CLR2 exit 00000000 00000000
0002F1A8 DP2 enter 0000000C 00000078
0002F1AA DP2 exit 00000000 00000007
0002F1B4 DP2 enter 0000000C 0000000C
0002F1CB DP2 exit 00000000 00000001
0002F8E3 GDI 7DE41F80 00000074
0002F8E5 GDI FFAA7540 0000000C
0002F8E7 GDI 3B8A0466 00000028
000395CA GDI D7B70EE0 00000028
000395CC GDI EFD60CC0 00000018
000395CD GDI 406B2F00 00000018
000395CE GDI EFD60CC1 00000048
000395D0 GDI B1122B40 00000030
000395E7 GDI EFD60CC2 0000000C
000395E8 GDI 0BA584E1 0000001C
000395E9 GDI DDF41230 00000018
000395EA GDI 2E04FFA0 00000000
000395F1 GDI 80863800 00000010
000395FE GDI 93869880 000003E4
00039602 GDI 7DE41F80 00000074
00039605 GDI FFAA7540 0000000C
00039608 GDI 3B8A0466 00000028
00039D49 GDI 7DE41F80 00000074
00039D4C GDI FFAA7540 0000000C
00039D4D GDI 3B8A0466 00000028
0003A447 GDI 7DE41F80 00000074
0003A57E GDI FFAA7540 0000000C
0003A580 GDI 3B8A0466 00000028
