Using secondary sound buffer
WON initialized.
Server module initialized.
World module initialized.
]ho V9X_gwgl5_RUN1
]timedemo mwd5
Playing demo from C:\SIERRA\HALF-LIFE/valve/mwd5.dem.
Couldn't open file overviews/c4a1b.txt. Using default values for overiew mode.
Couldn't open file overviews/c4a1b.txt. Using default values for overiew mode.
393 frames 63.101 seconds 6.228 fps
No demos listed with startdemos
]echo V9X_gwgl5_RUN2
V9X_gwgl5_RUN2 
]timedemo mwd5
Playing demo from C:\SIERRA\HALF-LIFE/valve/mwd5.dem.
Couldn't open file overviews/c4a1b.txt. Using default values for overiew mode.
393 frames 55.722 seconds 7.053 fps
]echo V9X_gwgl5_RUN3
V9X_gwgl5_RUN3 
]timedemo mwd5
Playing demo from C:\SIERRA\HALF-LIFE/valve/mwd5.dem.
Couldn't open file overviews/c4a1b.txt. Using default values for overiew mode.
393 frames 55.839 seconds 7.038 fps
]quit
World module shutdown.
WON shutdown.
Server module shutdown.
