1 pid=FFFD177F attach instance=09260000 tls=21 version=0.12.1 V9XGL build=927927b-dirty exe=C:\SIERRA\HALF-LIFE\HL.EXE
2 pid=FFFD177F DrvValidateVersion version=1
3 pid=FFFD177F DrvSetCallbackProcs count=3 procs=78B23978
4 pid=FFFD177F describe result=0 engine=4 formats=00000002
5 pid=FFFD177F DrvDescribePixelFormat index=1 bytes=0 -> count=1
6 pid=FFFD177F DrvDescribePixelFormat index=1 bytes=40 -> count=1
7 pid=FFFD177F DrvDescribePixelFormat index=1 bytes=0 -> count=1
8 pid=FFFD177F DrvDescribePixelFormat index=1 bytes=0 -> count=1
9 pid=FFFD177F DrvDescribePixelFormat index=1 bytes=0 -> count=1
10 pid=FFFD177F DrvDescribePixelFormat index=1 bytes=0 -> count=1
11 pid=FFFD177F DrvDescribePixelFormat index=1 bytes=0 -> count=1
12 pid=FFFD177F DrvDescribePixelFormat index=1 bytes=0 -> count=1
13 pid=FFFD177F DrvDescribePixelFormat index=1 bytes=0 -> count=1
14 pid=FFFD177F DrvDescribePixelFormat index=1 bytes=0 -> count=1
15 pid=FFFD177F DrvDescribePixelFormat index=1 bytes=0 -> count=1
16 pid=FFFD177F DrvDescribePixelFormat index=1 bytes=0 -> count=1
17 pid=FFFD177F DrvDescribePixelFormat index=1 bytes=0 -> count=1
18 pid=FFFD177F DrvDescribePixelFormat index=1 bytes=0 -> count=1
19 pid=FFFD177F DrvDescribePixelFormat index=1 bytes=0 -> count=1
20 pid=FFFD177F DrvDescribePixelFormat index=1 bytes=0 -> count=1
21 pid=FFFD177F DrvDescribePixelFormat index=1 bytes=0 -> count=1
22 pid=FFFD177F DrvDescribePixelFormat index=1 bytes=0 -> count=1
23 pid=FFFD177F DrvDescribePixelFormat index=1 bytes=0 -> count=1
24 pid=FFFD177F DrvDescribePixelFormat index=1 bytes=0 -> count=1
25 pid=FFFD177F DrvDescribePixelFormat index=1 bytes=0 -> count=1
26 pid=FFFD177F DrvDescribePixelFormat index=1 bytes=0 -> count=1
27 pid=FFFD177F DrvDescribePixelFormat index=1 bytes=0 -> count=1
28 pid=FFFD177F DrvDescribePixelFormat index=1 bytes=0 -> count=1
29 pid=FFFD177F DrvDescribePixelFormat index=1 bytes=0 -> count=1
30 pid=FFFD177F DrvDescribePixelFormat index=1 bytes=0 -> count=1
31 pid=FFFD177F DrvDescribePixelFormat index=1 bytes=0 -> count=1
32 pid=FFFD177F DrvSetPixelFormat hdc=00000E4E index=1
33 pid=FFFD177F DrvDescribePixelFormat index=1 bytes=0 -> count=1
34 pid=FFFD177F DrvDescribePixelFormat index=1 bytes=40 -> count=1
35 pid=FFFD177F DrvDescribePixelFormat index=1 bytes=0 -> count=1
36 pid=FFFD177F DrvDescribePixelFormat index=1 bytes=40 -> count=1
37 pid=FFFD177F DrvCreateLayerContext hdc=00000E4E layer=0 -> 1
38 pid=FFFD177F drawable window=000002C8 400x300
39 pid=FFFD177F DrvSetContext hdc=00000E4E context=1 -> 1
40 pid=FFFD177F DrvGetProcAddress name=glMTexCoord2fSGIS -> entry
41 pid=FFFD177F DrvGetProcAddress name=glSelectTextureSGIS -> entry
42 pid=FFFD177F sgis first glSelectTextureSGIS target=835E
43 pid=FFFD177F state tex=2 size=01000080 tex=01010100 blend=00050601 depth=00020101 colour=FFFFFFFF mask=7 scissor=0,0,400,300 fog=0 tex1=0/00000000 env1=000000
44 pid=FFFD177F time interval-ms=436430 swaps=0 present-ms=0 draw-ms=15450142 upload-ms=6
45 pid=FFFD177F tsc frames=0 wall-ms=436430 vertex-ms=211001 flush-in-vertex-ms=0 flush-other-ms=16515485 bind-ms=21995 iface-ms=182641 beginend-ms=158636 swap-ms=0 vertices=8 flushes=1 draws=1 sink-ms=142856 sink-prep-ms=136542 sinks=2
46 pid=FFFD177F sink begin-ms=15118 flush-ms=0 copy-ms=8490 prep-texture-ms=129438 prep-state-ms=2959 prep-same-ms=3397
47 pid=FFFD177F hwno hwtex-ms=15654048 iface-cpu-ms=0 not-cpu=0 square-side=0 too-big=0 format=0 no-object=0 no-record=0 table-full=0 unusable=0 backoff=0 make-failed=0 square-alloc=0 upload=0
48 pid=FFFD177F prim transform-ms=6427 inside-ms=8144 window-ms=16476 assemble-ms=15769 history-ms=1533 fast=4 clipped=0 culled=0
49 pid=FFFD177F entry texsub-ms=0/0 teximage-ms=139192079/141 bind-ms=651902/31 param-ms=83621/61 env-ms=7920/4 other-ms=0/0 tex-flush-ms=55890/0 select-ms=323271/1 mtexcoord-ms=0/0 enable-ms=21358/19
50 pid=FFFD177F paths batches/triangles untextured=0/0 hw=1/2 cpu=0/0 cpu-nonsquare=0/0 hw-refused=0/0 two-units=0/0
51 pid=FFFD177F counters hwtex live=1 creates=1 create-failed=0 evictions=0 uploads=1 partial=0 upload-kb=64 squared=0 alpha-dropped=1 stubs=0 failed r4=0 r7=0 r8=0 other=0
52 pid=FFFD177F state tex=3 size=01000080 tex=01040202 blend=00050601 depth=00020101 colour=FFFFB233 mask=7 scissor=0,0,400,300 fog=0 tex1=0/00000000 env1=000000
53 pid=FFFD177F sgis first glMTexCoord2fSGIS target=835E
54 pid=FFFD177F state tex=62 size=01000080 tex=01010200 blend=00050600 depth=01040102 colour=FFFFFFFF mask=7 scissor=0,0,400,300 fog=0 tex1=513/01010200 env1=000000
55 pid=FFFD177F state tex=75 size=00800080 tex=01010200 blend=00050600 depth=01040102 colour=FFFFFFFF mask=7 scissor=0,0,400,300 fog=0 tex1=514/01010200 env1=000000
56 pid=FFFD177F state tex=5802 size=01000100 tex=01010200 blend=00050600 depth=01040101 colour=FFFFFFFF mask=7 scissor=0,0,400,300 fog=0 tex1=512/00000000 env1=000000
57 pid=FFFD177F state tex=5803 size=01000100 tex=01010200 blend=00050600 depth=01040101 colour=FFFFFFFF mask=7 scissor=0,0,400,300 fog=0 tex1=512/00000000 env1=000000
58 pid=FFFD177F state tex=5805 size=01000100 tex=01010200 blend=00050600 depth=01040101 colour=FFFFFFFF mask=7 scissor=0,0,400,300 fog=0 tex1=512/00000000 env1=000000
59 pid=FFFD177F state tex=59 size=00800080 tex=01010200 blend=00050600 depth=01040102 colour=FFFFFFFF mask=7 scissor=0,0,400,300 fog=0 tex1=512/00000000 env1=000000
60 pid=FFFD177F state tex=579 size=00200080 tex=01010200 blend=00050600 depth=01040101 colour=005D4A13 mask=7 scissor=0,0,400,300 fog=0 tex1=518/00000000 env1=000000
61 pid=FFFD177F state tex=582 size=00200040 tex=01010200 blend=00050600 depth=01040101 colour=0093BCBC mask=7 scissor=0,0,400,300 fog=0 tex1=518/00000000 env1=000000
62 pid=FFFD177F state tex=585 size=00400040 tex=01010200 blend=00050600 depth=01040101 colour=009EC9C9 mask=7 scissor=0,0,400,300 fog=0 tex1=518/00000000 env1=000000
63 pid=FFFD177F state tex=586 size=00800040 tex=01010200 blend=00050600 depth=01040101 colour=00C7FEFE mask=7 scissor=0,0,400,300 fog=0 tex1=518/00000000 env1=000000
64 pid=FFFD177F state tex=587 size=00400040 tex=01010200 blend=00050600 depth=01040101 colour=009CC7C7 mask=7 scissor=0,0,400,300 fog=0 tex1=518/00000000 env1=000000
65 pid=FFFD177F state tex=588 size=00200020 tex=01010200 blend=00050600 depth=01040101 colour=009AC4C4 mask=7 scissor=0,0,400,300 fog=0 tex1=518/00000000 env1=000000
66 pid=FFFD177F state tex=590 size=00080040 tex=01010200 blend=00050600 depth=01040101 colour=009EC9C9 mask=7 scissor=0,0,400,300 fog=0 tex1=518/00000000 env1=000000
67 pid=FFFD177F state tex=591 size=00200040 tex=01010200 blend=00050600 depth=01040101 colour=00C5FBFB mask=7 scissor=0,0,400,300 fog=0 tex1=518/00000000 env1=000000
68 pid=FFFD177F state tex=592 size=00200020 tex=01010200 blend=00050600 depth=01040101 colour=009ECACA mask=7 scissor=0,0,400,300 fog=0 tex1=518/00000000 env1=000000
69 pid=FFFD177F state tex=593 size=00200020 tex=01010200 blend=00050600 depth=01040101 colour=0081A4A4 mask=7 scissor=0,0,400,300 fog=0 tex1=518/00000000 env1=000000
70 pid=FFFD177F state tex=448 size=00200020 tex=01010200 blend=01020201 depth=00040002 colour=FF1F1502 mask=7 scissor=0,0,400,300 fog=0 tex1=519/00000000 env1=000000
71 pid=FFFD177F state tex=47 size=00800080 tex=01010200 blend=01020201 depth=00040001 colour=FF643E00 mask=7 scissor=0,0,400,300 fog=0 tex1=519/00000000 env1=000000
72 pid=FFFD177F state tex=47 size=00000000 tex=00000000 blend=01050201 depth=00040100 colour=64FFA000 mask=7 scissor=0,0,400,300 fog=0 tex1=519/00000000 env1=000000
73 pid=FFFD177F state tex=2 size=01000080 tex=01010100 blend=00020201 depth=00040101 colour=FFFFFFFF mask=7 scissor=0,0,400,300 fog=0 tex1=519/00000000 env1=000000
74 pid=FFFD177F state tex=3 size=01000080 tex=01040202 blend=00020201 depth=00040101 colour=FFFF9B32 mask=7 scissor=0,0,400,300 fog=0 tex1=519/00000000 env1=000000
75 pid=FFFD177F state tex=244 size=00400040 tex=01010200 blend=00050600 depth=01040101 colour=FF1D2214 mask=7 scissor=0,0,400,300 fog=0 tex1=519/00000000 env1=000000
76 pid=FFFD177F state tex=245 size=00400040 tex=01010200 blend=00050600 depth=01040101 colour=FF171C10 mask=7 scissor=0,0,400,300 fog=0 tex1=519/00000000 env1=000000
77 pid=FFFD177F state tex=246 size=00200020 tex=01010200 blend=00050600 depth=01040101 colour=FF1D2214 mask=7 scissor=0,0,400,300 fog=0 tex1=519/00000000 env1=000000
78 pid=FFFD177F state tex=247 size=00200020 tex=01010200 blend=00050600 depth=01040101 colour=FF171C10 mask=7 scissor=0,0,400,300 fog=0 tex1=519/00000000 env1=000000
79 pid=FFFD177F state tex=248 size=00400040 tex=01010200 blend=00050600 depth=01040101 colour=FF171C10 mask=7 scissor=0,0,400,300 fog=0 tex1=519/00000000 env1=000000
80 pid=FFFD177F state tex=249 size=00200020 tex=01010200 blend=00050600 depth=01040101 colour=FF1D2214 mask=7 scissor=0,0,400,300 fog=0 tex1=519/00000000 env1=000000
81 pid=FFFD177F state tex=250 size=00800010 tex=01010200 blend=00050600 depth=01040101 colour=FF191E12 mask=7 scissor=0,0,400,300 fog=0 tex1=519/00000000 env1=000000
82 pid=FFFD177F state tex=251 size=00100020 tex=01010200 blend=00050600 depth=01040101 colour=FF191E12 mask=7 scissor=0,0,400,300 fog=0 tex1=519/00000000 env1=000000
83 pid=FFFD177F state tex=252 size=00200040 tex=01010200 blend=00050600 depth=01040101 colour=FF1B2113 mask=7 scissor=0,0,400,300 fog=0 tex1=519/00000000 env1=000000
84 pid=FFFD177F state tex=253 size=00100020 tex=01010200 blend=00050600 depth=01040101 colour=FF191D11 mask=7 scissor=0,0,400,300 fog=0 tex1=519/00000000 env1=000000
85 pid=FFFD177F state tex=254 size=00400040 tex=01010200 blend=00050600 depth=01040101 colour=FF171C10 mask=7 scissor=0,0,400,300 fog=0 tex1=519/00000000 env1=000000
86 pid=FFFD177F state tex=255 size=00800040 tex=01010200 blend=00050600 depth=01040101 colour=FF171C10 mask=7 scissor=0,0,400,300 fog=0 tex1=519/00000000 env1=000000
87 pid=FFFD177F state tex=256 size=00400040 tex=01010200 blend=00050600 depth=01040101 colour=FF161A0F mask=7 scissor=0,0,400,300 fog=0 tex1=519/00000000 env1=000000
88 pid=FFFD177F state tex=257 size=00200010 tex=01010200 blend=00050600 depth=01040101 colour=FF161A0F mask=7 scissor=0,0,400,300 fog=0 tex1=519/00000000 env1=000000
89 pid=FFFD177F state tex=258 size=00400010 tex=01010200 blend=00050600 depth=01040101 colour=FF171C10 mask=7 scissor=0,0,400,300 fog=0 tex1=519/00000000 env1=000000
90 pid=FFFD177F state tex=260 size=00400010 tex=01010200 blend=00050600 depth=01040101 colour=FF1C2214 mask=7 scissor=0,0,400,300 fog=0 tex1=519/00000000 env1=000000
91 pid=FFFD177F state tex=262 size=00400040 tex=01010200 blend=00050600 depth=01040101 colour=FF171C10 mask=7 scissor=0,0,400,300 fog=0 tex1=519/00000000 env1=000000
92 pid=FFFD177F state tex=263 size=00080008 tex=01010200 blend=00050600 depth=01040101 colour=FF1D2214 mask=7 scissor=0,0,400,300 fog=0 tex1=519/00000000 env1=000000
93 pid=FFFD177F state tex=264 size=00400040 tex=01010200 blend=00050600 depth=01040101 colour=FF1D2214 mask=7 scissor=0,0,400,300 fog=0 tex1=519/00000000 env1=000000
94 pid=FFFD177F state tex=244 size=00400040 tex=01010200 blend=00020200 depth=01040101 colour=FF1D2214 mask=7 scissor=0,0,400,300 fog=0 tex1=519/00000000 env1=000000
95 pid=FFFD177F state tex=245 size=00400040 tex=01010200 blend=00020200 depth=01040101 colour=FF171C10 mask=7 scissor=0,0,400,300 fog=0 tex1=519/00000000 env1=000000
96 pid=FFFD177F state tex=246 size=00200020 tex=01010200 blend=00020200 depth=01040101 colour=FF1D2214 mask=7 scissor=0,0,400,300 fog=0 tex1=519/00000000 env1=000000
97 pid=FFFD177F state tex=247 size=00200020 tex=01010200 blend=00020200 depth=01040101 colour=FF171C10 mask=7 scissor=0,0,400,300 fog=0 tex1=519/00000000 env1=000000
98 pid=FFFD177F state tex=248 size=00400040 tex=01010200 blend=00020200 depth=01040101 colour=FF171C10 mask=7 scissor=0,0,400,300 fog=0 tex1=519/00000000 env1=000000
99 pid=FFFD177F state tex=249 size=00200020 tex=01010200 blend=00020200 depth=01040101 colour=FF1D2214 mask=7 scissor=0,0,400,300 fog=0 tex1=519/00000000 env1=000000
100 pid=FFFD177F time interval-ms=10005 swaps=171 present-ms=271 draw-ms=2094 upload-ms=362
101 pid=FFFD177F tsc frames=171 wall-ms=10005 vertex-ms=1191 flush-in-vertex-ms=11 flush-other-ms=2600 bind-ms=37 iface-ms=2094 beginend-ms=2954 swap-ms=271 vertices=844077 flushes=12731 draws=12731 sink-ms=2823 sink-prep-ms=273 sinks=68001
102 pid=FFFD177F sink begin-ms=127 flush-ms=2492 copy-ms=37 prep-texture-ms=205 prep-state-ms=27 prep-same-ms=35
103 pid=FFFD177F hwno hwtex-ms=438 iface-cpu-ms=0 not-cpu=162 square-side=0 too-big=0 format=0 no-object=0 no-record=0 table-full=0 unusable=0 backoff=0 make-failed=0 square-alloc=0 upload=0
104 pid=FFFD177F prim transform-ms=159 inside-ms=123 window-ms=147 assemble-ms=555 history-ms=58 fast=149460 clipped=304572 culled=72883
105 pid=FFFD177F entry texsub-ms=184/389 teximage-ms=638/1664 bind-ms=143/22199 param-ms=1/1207 env-ms=10/64312 other-ms=0/0 tex-flush-ms=121/329 select-ms=8/56526 mtexcoord-ms=28/247780 enable-ms=10/58724
106 pid=FFFD177F paths batches/triangles untextured=162/324 hw=12570/185482 cpu=0/0 cpu-nonsquare=0/0 hw-refused=0/0 two-units=5411/53616
107 pid=FFFD177F counters hwtex live=163 creates=163 create-failed=0 evictions=0 uploads=490 partial=327 upload-kb=1988 squared=0 alpha-dropped=637 stubs=0 failed r4=0 r7=0 r8=0 other=0
108 pid=FFFD177F time interval-ms=10000 swaps=145 present-ms=230 draw-ms=2913 upload-ms=90
109 pid=FFFD177F tsc frames=145 wall-ms=10000 vertex-ms=1897 flush-in-vertex-ms=105 flush-other-ms=3167 bind-ms=46 iface-ms=2913 beginend-ms=4047 swap-ms=230 vertices=1372308 flushes=27447 draws=27447 sink-ms=3931 sink-prep-ms=580 sinks=125752
110 pid=FFFD177F sink begin-ms=199 flush-ms=3240 copy-ms=71 prep-texture-ms=452 prep-state-ms=50 prep-same-ms=69
111 pid=FFFD177F hwno hwtex-ms=246 iface-cpu-ms=0 not-cpu=145 square-side=0 too-big=0 format=0 no-object=0 no-record=0 table-full=0 unusable=0 backoff=0 make-failed=0 square-alloc=0 upload=0
112 pid=FFFD177F prim transform-ms=262 inside-ms=208 window-ms=294 assemble-ms=801 history-ms=94 fast=319993 clipped=358085 culled=175528
113 pid=FFFD177F entry texsub-ms=81/114 teximage-ms=0/0 bind-ms=152/38583 param-ms=0/0 env-ms=19/124750 other-ms=0/0 tex-flush-ms=39/111 select-ms=17/115182 mtexcoord-ms=55/496816 enable-ms=13/83421
114 pid=FFFD177F paths batches/triangles untextured=307/614 hw=39872/542550 cpu=0/0 cpu-nonsquare=0/0 hw-refused=0/0 two-units=17508/170364
115 pid=FFFD177F counters hwtex live=205 creates=205 create-failed=0 evictions=0 uploads=643 partial=438 upload-kb=2406 squared=94 alpha-dropped=1461 stubs=0 failed r4=0 r7=0 r8=0 other=0
116 pid=FFFD177F time interval-ms=10000 swaps=432 present-ms=670 draw-ms=3071 upload-ms=135
117 pid=FFFD177F tsc frames=432 wall-ms=10000 vertex-ms=1573 flush-in-vertex-ms=55 flush-other-ms=3301 bind-ms=28 iface-ms=3071 beginend-ms=3975 swap-ms=671 vertices=1191827 flushes=17176 draws=17176 sink-ms=3797 sink-prep-ms=489 sinks=194537
118 pid=FFFD177F sink begin-ms=205 flush-ms=3180 copy-ms=70 prep-texture-ms=312 prep-state-ms=76 prep-same-ms=86
119 pid=FFFD177F hwno hwtex-ms=212 iface-cpu-ms=0 not-cpu=81 square-side=0 too-big=0 format=0 no-object=0 no-record=0 table-full=0 unusable=0 backoff=0 make-failed=0 square-alloc=0 upload=0
120 pid=FFFD177F prim transform-ms=231 inside-ms=195 window-ms=275 assemble-ms=580 history-ms=84 fast=421897 clipped=171159 culled=81495
121 pid=FFFD177F entry texsub-ms=176/532 teximage-ms=0/0 bind-ms=74/18307 param-ms=0/352 env-ms=27/186141 other-ms=0/0 tex-flush-ms=97/509 select-ms=7/48597 mtexcoord-ms=24/212122 enable-ms=98/585975
122 pid=FFFD177F paths batches/triangles untextured=388/776 hw=56967/983839 cpu=0/0 cpu-nonsquare=0/0 hw-refused=0/0 two-units=22898/220834
123 pid=FFFD177F counters hwtex live=214 creates=214 create-failed=0 evictions=0 uploads=1165 partial=951 upload-kb=2442 squared=119 alpha-dropped=2221 stubs=0 failed r4=0 r7=0 r8=0 other=0
124 pid=FFFD177F time interval-ms=10000 swaps=697 present-ms=1119 draw-ms=3384 upload-ms=0
125 pid=FFFD177F tsc frames=697 wall-ms=10000 vertex-ms=1308 flush-in-vertex-ms=0 flush-other-ms=3478 bind-ms=62 iface-ms=3384 beginend-ms=4207 swap-ms=1119 vertices=1065016 flushes=9061 draws=9061 sink-ms=3939 sink-prep-ms=490 sinks=266254
126 pid=FFFD177F sink begin-ms=236 flush-ms=3300 copy-ms=72 prep-texture-ms=257 prep-state-ms=104 prep-same-ms=107
127 pid=FFFD177F hwno hwtex-ms=7 iface-cpu-ms=0 not-cpu=0 square-side=0 too-big=0 format=0 no-object=0 no-record=0 table-full=0 unusable=0 backoff=0 make-failed=0 square-alloc=0 upload=0
128 pid=FFFD177F prim transform-ms=214 inside-ms=209 window-ms=266 assemble-ms=362 history-ms=77 fast=532508 clipped=0 culled=0
129 pid=FFFD177F entry texsub-ms=0/0 teximage-ms=0/0 bind-ms=1/2091 param-ms=0/697 env-ms=38/266254 other-ms=0/0 tex-flush-ms=0/0 select-ms=0/0 mtexcoord-ms=0/0 enable-ms=182/1085229
130 pid=FFFD177F paths batches/triangles untextured=388/776 hw=66028/1516347 cpu=0/0 cpu-nonsquare=0/0 hw-refused=0/0 two-units=22898/220834
131 pid=FFFD177F counters hwtex live=214 creates=214 create-failed=0 evictions=0 uploads=1165 partial=951 upload-kb=2442 squared=119 alpha-dropped=2918 stubs=0 failed r4=0 r7=0 r8=0 other=0
132 pid=FFFD177F time interval-ms=10000 swaps=528 present-ms=817 draw-ms=2948 upload-ms=106
133 pid=FFFD177F tsc frames=528 wall-ms=10000 vertex-ms=1185 flush-in-vertex-ms=0 flush-other-ms=3125 bind-ms=25 iface-ms=2948 beginend-ms=3710 swap-ms=818 vertices=934936 flushes=9576 draws=9576 sink-ms=3503 sink-prep-ms=384 sinks=204360
134 pid=FFFD177F sink begin-ms=181 flush-ms=2998 copy-ms=61 prep-texture-ms=203 prep-state-ms=81 prep-same-ms=84
135 pid=FFFD177F hwno hwtex-ms=127 iface-cpu-ms=0 not-cpu=51 square-side=0 too-big=0 format=0 no-object=0 no-record=0 table-full=0 unusable=0 backoff=0 make-failed=0 square-alloc=0 upload=0
136 pid=FFFD177F prim transform-ms=187 inside-ms=162 window-ms=225 assemble-ms=385 history-ms=67 fast=411430 clipped=58793 culled=20565
137 pid=FFFD177F entry texsub-ms=31/48 teximage-ms=124/15 bind-ms=19/6231 param-ms=0/515 env-ms=29/200795 other-ms=0/0 tex-flush-ms=22/24 select-ms=2/13869 mtexcoord-ms=7/61452 enable-ms=132/769592
138 pid=FFFD177F paths batches/triangles untextured=439/878 hw=75553/1940068 cpu=0/0 cpu-nonsquare=0/0 hw-refused=0/0 two-units=24137/233229
139 pid=FFFD177F counters hwtex live=214 creates=214 create-failed=0 evictions=0 uploads=1199 partial=975 upload-kb=3146 squared=119 alpha-dropped=3606 stubs=0 failed r4=0 r7=0 r8=0 other=0
140 pid=FFFD177F time interval-ms=10010 swaps=186 present-ms=295 draw-ms=2708 upload-ms=161
141 pid=FFFD177F tsc frames=186 wall-ms=10010 vertex-ms=1736 flush-in-vertex-ms=34 flush-other-ms=3043 bind-ms=41 iface-ms=2708 beginend-ms=3706 swap-ms=295 vertices=1264962 flushes=21148 draws=21148 sink-ms=3534 sink-prep-ms=457 sinks=101244
142 pid=FFFD177F sink begin-ms=186 flush-ms=2987 copy-ms=57 prep-texture-ms=354 prep-state-ms=40 prep-same-ms=55
143 pid=FFFD177F hwno hwtex-ms=276 iface-cpu-ms=0 not-cpu=186 square-side=0 too-big=0 format=0 no-object=0 no-record=0 table-full=0 unusable=0 backoff=0 make-failed=0 square-alloc=0 upload=0
144 pid=FFFD177F prim transform-ms=238 inside-ms=184 window-ms=230 assemble-ms=777 history-ms=87 fast=237560 clipped=432018 culled=122084
145 pid=FFFD177F entry texsub-ms=157/377 teximage-ms=0/0 bind-ms=141/34810 param-ms=0/0 env-ms=16/103701 other-ms=0/0 tex-flush-ms=93/330 select-ms=14/95082 mtexcoord-ms=46/413584 enable-ms=12/74706
146 pid=FFFD177F paths batches/triangles untextured=625/1250 hw=96515/2218786 cpu=0/0 cpu-nonsquare=0/0 hw-refused=0/0 two-units=33945/327929
147 pid=FFFD177F counters hwtex live=214 creates=214 create-failed=0 evictions=0 uploads=1538 partial=1311 upload-kb=3434 squared=147 alpha-dropped=4392 stubs=0 failed r4=0 r7=0 r8=0 other=0
148 pid=FFFD177F time interval-ms=10000 swaps=126 present-ms=199 draw-ms=2856 upload-ms=136
149 pid=FFFD177F tsc frames=126 wall-ms=10000 vertex-ms=1958 flush-in-vertex-ms=122 flush-other-ms=3280 bind-ms=178 iface-ms=2855 beginend-ms=4110 swap-ms=199 vertices=1275320 flushes=26075 draws=26075 sink-ms=4012 sink-prep-ms=582 sinks=120848
150 pid=FFFD177F sink begin-ms=198 flush-ms=3292 copy-ms=70 prep-texture-ms=455 prep-state-ms=52 prep-same-ms=66
151 pid=FFFD177F hwno hwtex-ms=295 iface-cpu-ms=0 not-cpu=126 square-side=0 too-big=0 format=0 no-object=0 no-record=0 table-full=0 unusable=0 backoff=0 make-failed=0 square-alloc=0 upload=0
152 pid=FFFD177F prim transform-ms=266 inside-ms=207 window-ms=331 assemble-ms=830 history-ms=95 fast=311837 clipped=306341 culled=172370
153 pid=FFFD177F entry texsub-ms=231/482 teximage-ms=0/0 bind-ms=153/35193 param-ms=0/0 env-ms=20/112746 other-ms=0/0 tex-flush-ms=118/459 select-ms=16/104980 mtexcoord-ms=51/453238 enable-ms=13/77769
154 pid=FFFD177F paths batches/triangles untextured=751/1502 hw=122464/2565576 cpu=0/0 cpu-nonsquare=0/0 hw-refused=0/0 two-units=45227/435308
155 pid=FFFD177F counters hwtex live=214 creates=214 create-failed=0 evictions=0 uploads=2001 partial=1774 upload-kb=3434 squared=238 alpha-dropped=5127 stubs=0 failed r4=0 r7=0 r8=0 other=0
156 pid=FFFD177F time interval-ms=10000 swaps=660 present-ms=1020 draw-ms=3769 upload-ms=41
157 pid=FFFD177F tsc frames=660 wall-ms=10000 vertex-ms=1660 flush-in-vertex-ms=11 flush-other-ms=3870 bind-ms=19 iface-ms=3769 beginend-ms=4734 swap-ms=1021 vertices=1350534 flushes=12360 draws=12360 sink-ms=4440 sink-prep-ms=559 sinks=316235
158 pid=FFFD177F sink begin-ms=268 flush-ms=3702 copy-ms=88 prep-texture-ms=282 prep-state-ms=124 prep-same-ms=128
159 pid=FFFD177F hwno hwtex-ms=61 iface-cpu-ms=0 not-cpu=25 square-side=0 too-big=0 format=0 no-object=0 no-record=0 table-full=0 unusable=0 backoff=0 make-failed=0 square-alloc=0 upload=0
160 pid=FFFD177F prim transform-ms=269 inside-ms=235 window-ms=331 assemble-ms=494 history-ms=98 fast=639457 clipped=36315 culled=15072
161 pid=FFFD177F entry texsub-ms=42/128 teximage-ms=0/0 bind-ms=13/4468 param-ms=0/636 env-ms=44/312353 other-ms=0/0 tex-flush-ms=25/128 select-ms=1/6374 mtexcoord-ms=3/28444 enable-ms=208/1245575
162 pid=FFFD177F paths batches/triangles untextured=776/1552 hw=134799/3209183 cpu=0/0 cpu-nonsquare=0/0 hw-refused=0/0 two-units=45796/441668
163 pid=FFFD177F counters hwtex live=214 creates=214 create-failed=0 evictions=0 uploads=2129 partial=1902 upload-kb=3434 squared=238 alpha-dropped=5891 stubs=0 failed r4=0 r7=0 r8=0 other=0
164 pid=FFFD177F time interval-ms=10000 swaps=720 present-ms=1112 draw-ms=3925 upload-ms=0
165 pid=FFFD177F tsc frames=720 wall-ms=10000 vertex-ms=1672 flush-in-vertex-ms=0 flush-other-ms=3981 bind-ms=17 iface-ms=3925 beginend-ms=4907 swap-ms=1113 vertices=1381248 flushes=11511 draws=11511 sink-ms=4585 sink-prep-ms=587 sinks=345312
166 pid=FFFD177F sink begin-ms=279 flush-ms=3807 copy-ms=93 prep-texture-ms=285 prep-state-ms=135 prep-same-ms=140
167 pid=FFFD177F hwno hwtex-ms=8 iface-cpu-ms=0 not-cpu=0 square-side=0 too-big=0 format=0 no-object=0 no-record=0 table-full=0 unusable=0 backoff=0 make-failed=0 square-alloc=0 upload=0
168 pid=FFFD177F prim transform-ms=277 inside-ms=244 window-ms=345 assemble-ms=468 history-ms=100 fast=690624 clipped=0 culled=0
169 pid=FFFD177F entry texsub-ms=0/0 teximage-ms=0/0 bind-ms=1/2160 param-ms=0/720 env-ms=48/345312 other-ms=0/0 tex-flush-ms=0/0 select-ms=0/0 mtexcoord-ms=0/0 enable-ms=235/1402128
170 pid=FFFD177F paths batches/triangles untextured=776/1552 hw=146310/3899807 cpu=0/0 cpu-nonsquare=0/0 hw-refused=0/0 two-units=45796/441668
171 pid=FFFD177F counters hwtex live=214 creates=214 create-failed=0 evictions=0 uploads=2129 partial=1902 upload-kb=3434 squared=238 alpha-dropped=6611 stubs=0 failed r4=0 r7=0 r8=0 other=0
172 pid=FFFD177F DrvReleaseContext context=1 -> 1
173 pid=FFFD177F paths batches/triangles untextured=776/1552 hw=155353/4442053 cpu=0/0 cpu-nonsquare=0/0 hw-refused=0/0 two-units=45796/441668
174 pid=FFFD177F counters hwtex live=0 creates=214 create-failed=0 evictions=0 uploads=2129 partial=1902 upload-kb=3434 squared=238 alpha-dropped=7175 stubs=0 failed r4=0 r7=0 r8=0 other=0
175 pid=FFFD177F DrvDeleteContext context=1 -> 1
176 pid=FFFD177F detach slots-called=0 stub-calls=0
