1 pid=FFFD4507 attach instance=01CF0000 tls=11 version=0.12.1 V9XGL build=927927b-dirty exe=C:\Q2DEMO\QUAKE2.EXE
2 pid=FFFD4507 DrvValidateVersion version=1
3 pid=FFFD4507 DrvSetCallbackProcs count=3 procs=78B23978
4 pid=FFFD4507 describe result=0 engine=4 formats=00000002
5 pid=FFFD4507 DrvDescribePixelFormat index=1 bytes=0 -> count=1
6 pid=FFFD4507 DrvDescribePixelFormat index=1 bytes=40 -> count=1
7 pid=FFFD4507 DrvDescribePixelFormat index=1 bytes=0 -> count=1
8 pid=FFFD4507 DrvDescribePixelFormat index=1 bytes=0 -> count=1
9 pid=FFFD4507 DrvDescribePixelFormat index=1 bytes=0 -> count=1
10 pid=FFFD4507 DrvDescribePixelFormat index=1 bytes=0 -> count=1
11 pid=FFFD4507 DrvDescribePixelFormat index=1 bytes=0 -> count=1
12 pid=FFFD4507 DrvDescribePixelFormat index=1 bytes=0 -> count=1
13 pid=FFFD4507 DrvDescribePixelFormat index=1 bytes=0 -> count=1
14 pid=FFFD4507 DrvDescribePixelFormat index=1 bytes=0 -> count=1
15 pid=FFFD4507 DrvDescribePixelFormat index=1 bytes=0 -> count=1
16 pid=FFFD4507 DrvDescribePixelFormat index=1 bytes=0 -> count=1
17 pid=FFFD4507 DrvDescribePixelFormat index=1 bytes=0 -> count=1
18 pid=FFFD4507 DrvDescribePixelFormat index=1 bytes=0 -> count=1
19 pid=FFFD4507 DrvDescribePixelFormat index=1 bytes=0 -> count=1
20 pid=FFFD4507 DrvDescribePixelFormat index=1 bytes=0 -> count=1
21 pid=FFFD4507 DrvDescribePixelFormat index=1 bytes=0 -> count=1
22 pid=FFFD4507 DrvDescribePixelFormat index=1 bytes=0 -> count=1
23 pid=FFFD4507 DrvDescribePixelFormat index=1 bytes=0 -> count=1
24 pid=FFFD4507 DrvDescribePixelFormat index=1 bytes=0 -> count=1
25 pid=FFFD4507 DrvDescribePixelFormat index=1 bytes=0 -> count=1
26 pid=FFFD4507 DrvDescribePixelFormat index=1 bytes=0 -> count=1
27 pid=FFFD4507 DrvDescribePixelFormat index=1 bytes=0 -> count=1
28 pid=FFFD4507 DrvDescribePixelFormat index=1 bytes=0 -> count=1
29 pid=FFFD4507 DrvDescribePixelFormat index=1 bytes=0 -> count=1
30 pid=FFFD4507 DrvDescribePixelFormat index=1 bytes=0 -> count=1
31 pid=FFFD4507 DrvDescribePixelFormat index=1 bytes=0 -> count=1
32 pid=FFFD4507 DrvSetPixelFormat hdc=00000782 index=1
33 pid=FFFD4507 DrvDescribePixelFormat index=1 bytes=0 -> count=1
34 pid=FFFD4507 DrvDescribePixelFormat index=1 bytes=40 -> count=1
35 pid=FFFD4507 DrvDescribePixelFormat index=1 bytes=0 -> count=1
36 pid=FFFD4507 DrvDescribePixelFormat index=1 bytes=40 -> count=1
37 pid=FFFD4507 DrvCreateLayerContext hdc=00000782 layer=0 -> 1
38 pid=FFFD4507 drawable window=00000160 640x480
39 pid=FFFD4507 DrvSetContext hdc=00000782 context=1 -> 1
40 pid=FFFD4507 DrvGetProcAddress name=glMTexCoord2fSGIS -> entry
41 pid=FFFD4507 DrvGetProcAddress name=glSelectTextureSGIS -> entry
42 pid=FFFD4507 state tex=1156 size=01000100 tex=01010100 blend=00050601 depth=00040101 colour=FFFFFFFF mask=7 scissor=0,0,640,480 fog=0 tex1=0/00000000 env1=000000
43 pid=FFFD4507 time interval-ms=113572 swaps=0 present-ms=0 draw-ms=7605135 upload-ms=13
44 pid=FFFD4507 tsc frames=0 wall-ms=113572 vertex-ms=67960 flush-in-vertex-ms=0 flush-other-ms=6403734 bind-ms=8276 iface-ms=60043 beginend-ms=42883 swap-ms=0 vertices=8 flushes=1 draws=1 sink-ms=36934 sink-prep-ms=35744 sinks=2
45 pid=FFFD4507 sink begin-ms=5747 flush-ms=0 copy-ms=1830 prep-texture-ms=33783 prep-state-ms=717 prep-same-ms=940
46 pid=FFFD4507 hwno hwtex-ms=6174272 iface-cpu-ms=0 not-cpu=0 square-side=0 too-big=0 format=0 no-object=0 no-record=0 table-full=0 unusable=0 backoff=0 make-failed=0 square-alloc=0 upload=0
47 pid=FFFD4507 prim transform-ms=2336 inside-ms=1625 window-ms=3378 assemble-ms=4205 history-ms=371 fast=4 clipped=0 culled=0
48 pid=FFFD4507 entry texsub-ms=0/0 teximage-ms=8954753/10 bind-ms=36614/7 param-ms=7436/18 env-ms=164/1 other-ms=0/0 tex-flush-ms=3211/0 select-ms=0/0 mtexcoord-ms=0/0 enable-ms=26058/9
49 pid=FFFD4507 paths batches/triangles untextured=0/0 hw=1/2 cpu=0/0 cpu-nonsquare=0/0 hw-refused=0/0 two-units=0/0
50 pid=FFFD4507 counters hwtex live=1 creates=1 create-failed=0 evictions=0 uploads=1 partial=0 upload-kb=128 squared=0 alpha-dropped=1 stubs=0 failed r4=0 r7=0 r8=0 other=0
51 pid=FFFD4507 state tex=1155 size=00800080 tex=01040101 blend=00050601 depth=00040101 colour=FFFFFFFF mask=7 scissor=0,0,640,480 fog=0 tex1=0/00000000 env1=000000
52 pid=FFFD4507 state tex=1155 size=00000000 tex=00000000 blend=00050601 depth=00040100 colour=FF000000 mask=7 scissor=0,0,640,480 fog=0 tex1=0/00000000 env1=000000
53 pid=FFFD4507 sgis first glSelectTextureSGIS target=835F
54 pid=FFFD4507 sgis first glMTexCoord2fSGIS target=835E
55 pid=FFFD4507 state tex=1237 size=00800080 tex=01010101 blend=00050600 depth=01040102 colour=FFFFFFFF mask=7 scissor=0,0,640,480 fog=0 tex1=1030/01010200 env1=000000
56 pid=FFFD4507 state tex=1158 size=00400040 tex=01010101 blend=00050600 depth=01040102 colour=FFFFFFFF mask=7 scissor=0,0,640,480 fog=0 tex1=1029/01010200 env1=000000
57 pid=FFFD4507 state tex=1268 size=00400040 tex=01010101 blend=00050600 depth=01040102 colour=FFFFFFFF mask=7 scissor=0,0,640,480 fog=0 tex1=1029/01010200 env1=000000
58 pid=FFFD4507 state tex=1269 size=00400040 tex=01010101 blend=00050600 depth=01040102 colour=FFFFFFFF mask=7 scissor=0,0,640,480 fog=0 tex1=1029/01010200 env1=000000
59 pid=FFFD4507 state tex=1170 size=00400040 tex=01010101 blend=00050600 depth=01040102 colour=FFFFFFFF mask=7 scissor=0,0,640,480 fog=0 tex1=1029/01010200 env1=000000
60 pid=FFFD4507 state tex=1215 size=00400020 tex=01010101 blend=00050600 depth=01040102 colour=FFFFFFFF mask=7 scissor=0,0,640,480 fog=0 tex1=1029/01010200 env1=000000
61 pid=FFFD4507 state tex=1173 size=00800080 tex=01010101 blend=00050600 depth=01040102 colour=FFFFFFFF mask=7 scissor=0,0,640,480 fog=0 tex1=1029/01010200 env1=000000
62 pid=FFFD4507 state tex=1177 size=00800080 tex=01010101 blend=00050600 depth=01040102 colour=FFFFFFFF mask=7 scissor=0,0,640,480 fog=0 tex1=1028/01010200 env1=000000
63 pid=FFFD4507 state tex=1216 size=00800080 tex=01010101 blend=00050600 depth=01040102 colour=FFFFFFFF mask=7 scissor=0,0,640,480 fog=0 tex1=1028/01010200 env1=000000
64 pid=FFFD4507 state tex=1161 size=00100010 tex=01010101 blend=00050600 depth=01040102 colour=FFFFFFFF mask=7 scissor=0,0,640,480 fog=0 tex1=1028/01010200 env1=000000
65 pid=FFFD4507 state tex=1185 size=00400040 tex=01010101 blend=00050600 depth=01040102 colour=FFFFFFFF mask=7 scissor=0,0,640,480 fog=0 tex1=1028/01010200 env1=000000
66 pid=FFFD4507 state tex=1184 size=00400040 tex=01010101 blend=00050600 depth=01040102 colour=FFFFFFFF mask=7 scissor=0,0,640,480 fog=0 tex1=1028/01010200 env1=000000
67 pid=FFFD4507 state tex=1165 size=00400040 tex=01010101 blend=00050600 depth=01040102 colour=FFFFFFFF mask=7 scissor=0,0,640,480 fog=0 tex1=1028/01010200 env1=000000
68 pid=FFFD4507 state tex=1202 size=00200080 tex=01010101 blend=00050600 depth=01040102 colour=FFFFFFFF mask=7 scissor=0,0,640,480 fog=0 tex1=1028/01010200 env1=000000
69 pid=FFFD4507 state tex=1213 size=00800080 tex=01010101 blend=00050600 depth=01040102 colour=FFFFFFFF mask=7 scissor=0,0,640,480 fog=0 tex1=1028/01010200 env1=000000
70 pid=FFFD4507 state tex=1212 size=00400040 tex=01010101 blend=00050600 depth=01040102 colour=FFFFFFFF mask=7 scissor=0,0,640,480 fog=0 tex1=1028/01010200 env1=000000
71 pid=FFFD4507 state tex=1193 size=00400040 tex=01010101 blend=00050600 depth=01040102 colour=FFFFFFFF mask=7 scissor=0,0,640,480 fog=0 tex1=1028/01010200 env1=000000
72 pid=FFFD4507 state tex=1208 size=00400040 tex=01010101 blend=00050600 depth=01040102 colour=FFFFFFFF mask=7 scissor=0,0,640,480 fog=0 tex1=1028/01010200 env1=000000
73 pid=FFFD4507 state tex=1232 size=00800080 tex=01010101 blend=00050600 depth=01040102 colour=FFFFFFFF mask=7 scissor=0,0,640,480 fog=0 tex1=1036/01010200 env1=000000
74 pid=FFFD4507 state tex=1272 size=00400010 tex=01010101 blend=00050600 depth=01040102 colour=FFFFFFFF mask=7 scissor=0,0,640,480 fog=0 tex1=1036/01010200 env1=000000
75 pid=FFFD4507 state tex=1167 size=00400040 tex=01010101 blend=00050600 depth=01040102 colour=FFFFFFFF mask=7 scissor=0,0,640,480 fog=0 tex1=1036/01010200 env1=000000
76 pid=FFFD4507 state tex=1227 size=00400040 tex=01010101 blend=00050600 depth=01040102 colour=FFFFFFFF mask=7 scissor=0,0,640,480 fog=0 tex1=1036/01010200 env1=000000
77 pid=FFFD4507 state tex=1209 size=00100010 tex=01010101 blend=00050600 depth=01040102 colour=FFFFFFFF mask=7 scissor=0,0,640,480 fog=0 tex1=1036/01010200 env1=000000
78 pid=FFFD4507 state tex=1223 size=00800080 tex=01010101 blend=00050600 depth=01040102 colour=FFFFFFFF mask=7 scissor=0,0,640,480 fog=0 tex1=1036/01010200 env1=000000
79 pid=FFFD4507 state tex=1162 size=00100010 tex=01010101 blend=00050600 depth=01040102 colour=FFFFFFFF mask=7 scissor=0,0,640,480 fog=0 tex1=1036/01010200 env1=000000
80 pid=FFFD4507 state tex=1222 size=00400040 tex=01010101 blend=00050600 depth=01040102 colour=FFFFFFFF mask=7 scissor=0,0,640,480 fog=0 tex1=1035/01010200 env1=000000
81 pid=FFFD4507 state tex=1384 size=01000100 tex=01010101 blend=00050600 depth=01040101 colour=FFFFFFFF mask=7 scissor=0,0,640,480 fog=0 tex1=1035/00000000 env1=000000
82 pid=FFFD4507 state tex=1383 size=01000100 tex=01010101 blend=00050600 depth=01040101 colour=FFFFFFFF mask=7 scissor=0,0,640,480 fog=0 tex1=1035/00000000 env1=000000
83 pid=FFFD4507 state tex=1386 size=01000100 tex=01010101 blend=00050600 depth=01040101 colour=FFFFFFFF mask=7 scissor=0,0,640,480 fog=0 tex1=1035/00000000 env1=000000
84 pid=FFFD4507 state tex=1337 size=01000080 tex=01040201 blend=00050600 depth=01040102 colour=FFA55D15 mask=7 scissor=0,0,640,480 fog=0 tex1=1037/00000000 env1=000000
85 pid=FFFD4507 state tex=1349 size=01000080 tex=01040201 blend=00050600 depth=01040102 colour=FF3F3121 mask=7 scissor=0,0,640,480 fog=0 tex1=1037/00000000 env1=000000
86 pid=FFFD4507 state tex=1350 size=00800040 tex=01040201 blend=00050600 depth=01040102 colour=FF7B4C27 mask=7 scissor=0,0,640,480 fog=0 tex1=1037/00000000 env1=000000
87 pid=FFFD4507 state tex=1362 size=01000080 tex=01040201 blend=00050600 depth=01040102 colour=FF52341D mask=7 scissor=0,0,640,480 fog=0 tex1=1037/00000000 env1=000000
88 pid=FFFD4507 state tex=1279 size=00800080 tex=01010200 blend=01050600 depth=01040102 colour=54808080 mask=7 scissor=0,0,640,480 fog=0 tex1=1037/00000000 env1=000000
89 pid=FFFD4507 state tex=1152 size=01000100 tex=01040101 blend=00050601 depth=00040101 colour=FFFFFFFF mask=7 scissor=0,0,640,480 fog=0 tex1=1037/00000000 env1=000000
90 pid=FFFD4507 state tex=1313 size=00800040 tex=01010200 blend=00050600 depth=01040102 colour=FFFFFFFF mask=7 scissor=0,0,640,480 fog=0 tex1=1024/00000000 env1=000000
91 pid=FFFD4507 state tex=1153 size=00080008 tex=01040202 blend=01050600 depth=01040002 colour=FFFFAB07 mask=7 scissor=0,0,640,480 fog=0 tex1=1024/00000000 env1=000000
92 pid=FFFD4507 refused tex=1153 size=00080008 tex=02040202 blend=01050600 depth=01040002 colour=DAFFAB07 mask=7 scissor=0,0,640,480 fog=0 tex1=1037/00000000 env1=000000
93 pid=FFFD4507 draw result=4 triangles=64 submitted=0
94 pid=FFFD4507   v0 sx=437AEE89 sy=431DA03A sz=3F7D70FA rhw=3B33988D tu=3D800000 tv=3D800000
95 pid=FFFD4507   v1 sx=437AEE89 sy=431A63F6 sz=3F7D70FA rhw=3B33988D tu=3F880000 tv=3D800000
96 pid=FFFD4507   v2 sx=437E2ACC sy=431DA03A sz=3F7D70FA rhw=3B33988D tu=3D800000 tv=3F880000
97 pid=FFFD4507 draw result=4 triangles=64 submitted=0
98 pid=FFFD4507   v0 sx=4381B5AC sy=4339AE78 sz=3F7D549B rhw=3B3AAE88 tu=3D800000 tv=3D800000
99 pid=FFFD4507   v1 sx=4381B5AC sy=433664EC sz=3F7D549B rhw=3B3AAE88 tu=3F880000 tv=3D800000
100 pid=FFFD4507   v2 sx=43835A73 sy=4339AE78 sz=3F7D549B rhw=3B3AAE88 tu=3D800000 tv=3F880000
101 pid=FFFD4507 draw result=4 triangles=64 submitted=0
102 pid=FFFD4507   v0 sx=435A2C71 sy=432922BC sz=3F7D658B rhw=3B3673AF tu=3D800000 tv=3D800000
103 pid=FFFD4507   v1 sx=435A2C71 sy=4325E11E sz=3F7D658B rhw=3B3673AF tu=3F880000 tv=3D800000
104 pid=FFFD4507   v2 sx=435D6E0F sy=432922BC sz=3F7D658B rhw=3B3673AE tu=3D800000 tv=3F880000
105 pid=FFFD4507 draw result=4 triangles=64 submitted=0
106 pid=FFFD4507   v0 sx=43728086 sy=43346AC2 sz=3F7D1D89 rhw=3B486F90 tu=3D800000 tv=3D800000
107 pid=FFFD4507   v1 sx=43728086 sy=4331076A sz=3F7D1D89 rhw=3B486F90 tu=3F880000 tv=3D800000
108 pid=FFFD4507   v2 sx=4375E3DC sy=43346AC2 sz=3F7D1D89 rhw=3B486F8E tu=3D800000 tv=3F880000
109 pid=FFFD4507 state tex=1314 size=00800040 tex=01010200 blend=00050600 depth=01040102 colour=FFFFFFFF mask=7 scissor=0,0,640,480 fog=0 tex1=1024/00000000 env1=000000
110 pid=FFFD4507 draw result=4 triangles=64 submitted=0
111 pid=FFFD4507   v0 sx=4393ECD8 sy=42A1A85C sz=3F7DC8F6 rhw=3B1D9F4E tu=3D800000 tv=3D800000
112 pid=FFFD4507   v1 sx=4393ECD8 sy=429B8240 sz=3F7DC8F6 rhw=3B1D9F4E tu=3F880000 tv=3D800000
113 pid=FFFD4507   v2 sx=4395765F sy=42A1A85C sz=3F7DC8F6 rhw=3B1D9F4E tu=3D800000 tv=3F880000
114 pid=FFFD4507 draw result=4 triangles=64 submitted=0
115 pid=FFFD4507   v0 sx=436A7132 sy=434D13E6 sz=3F7D3002 rhw=3B43D29C tu=3D800000 tv=3D800000
116 pid=FFFD4507   v1 sx=436A7132 sy=4349B936 sz=3F7D3002 rhw=3B43D29C tu=3F880000 tv=3D800000
117 pid=FFFD4507   v2 sx=436DCBE4 sy=434D13E6 sz=3F7D3002 rhw=3B43D29C tu=3D800000 tv=3F880000
118 pid=FFFD4507 time interval-ms=10000 swaps=121 present-ms=475 draw-ms=1318 upload-ms=294
119 pid=FFFD4507 tsc frames=121 wall-ms=10000 vertex-ms=447 flush-in-vertex-ms=9 flush-other-ms=1684 bind-ms=17 iface-ms=1318 beginend-ms=1728 swap-ms=475 vertices=352055 flushes=9156 draws=9174 sink-ms=1662 sink-prep-ms=148 sinks=70433
120 pid=FFFD4507 sink begin-ms=65 flush-ms=1466 copy-ms=27 prep-texture-ms=86 prep-state-ms=27 prep-same-ms=29
121 pid=FFFD4507 hwno hwtex-ms=328 iface-cpu-ms=0 not-cpu=88 square-side=0 too-big=0 format=0 no-object=0 no-record=0 table-full=0 unusable=0 backoff=0 make-failed=0 square-alloc=0 upload=0
122 pid=FFFD4507 prim transform-ms=66 inside-ms=61 window-ms=93 assemble-ms=140 history-ms=25 fast=152131 clipped=14870 culled=24536
123 pid=FFFD4507 entry texsub-ms=242/2253 teximage-ms=698/1403 bind-ms=15/8148 param-ms=0/426 env-ms=0/850 other-ms=0/0 tex-flush-ms=228/2142 select-ms=4/24661 mtexcoord-ms=13/115278 enable-ms=1/1403
124 pid=FFFD4507 paths batches/triangles untextured=88/176 hw=9051/158457 cpu=0/0 cpu-nonsquare=0/0 hw-refused=18/1085 two-units=6715/30451
125 pid=FFFD4507 counters hwtex live=49 creates=49 create-failed=0 evictions=0 uploads=2191 partial=2142 upload-kb=1761 squared=0 alpha-dropped=177 stubs=0 failed r4=18 r7=0 r8=0 other=0
126 pid=FFFD4507 state tex=1315 size=00800040 tex=01010200 blend=00050600 depth=01040102 colour=FFFFFFFF mask=7 scissor=0,0,640,480 fog=0 tex1=1037/00000000 env1=000000
127 pid=FFFD4507 state tex=1316 size=00800040 tex=01010200 blend=00050600 depth=01040102 colour=FFFFFFFF mask=7 scissor=0,0,640,480 fog=0 tex1=1037/00000000 env1=000000
128 pid=FFFD4507 state tex=1317 size=00800040 tex=01010200 blend=00050600 depth=01040102 colour=FFFFFFFF mask=7 scissor=0,0,640,480 fog=0 tex1=1037/00000000 env1=000000
129 pid=FFFD4507 state tex=1318 size=00800040 tex=01010200 blend=01050600 depth=01040002 colour=60FFFFFF mask=7 scissor=0,0,640,480 fog=0 tex1=1037/00000000 env1=000000
130 pid=FFFD4507 state tex=1319 size=00800040 tex=01010200 blend=01050600 depth=01040002 colour=30FFFFFF mask=7 scissor=0,0,640,480 fog=0 tex1=1037/00000000 env1=000000
131 pid=FFFD4507 time interval-ms=10000 swaps=136 present-ms=524 draw-ms=3200 upload-ms=352
132 pid=FFFD4507 tsc frames=136 wall-ms=10000 vertex-ms=908 flush-in-vertex-ms=3 flush-other-ms=3766 bind-ms=44 iface-ms=3200 beginend-ms=3710 swap-ms=525 vertices=669972 flushes=30253 draws=30433 sink-ms=3591 sink-prep-ms=296 sinks=90732
133 pid=FFFD4507 sink begin-ms=107 flush-ms=3208 copy-ms=58 prep-texture-ms=207 prep-state-ms=39 prep-same-ms=42
134 pid=FFFD4507 hwno hwtex-ms=459 iface-cpu-ms=0 not-cpu=0 square-side=0 too-big=0 format=0 no-object=0 no-record=0 table-full=0 unusable=0 backoff=0 make-failed=0 square-alloc=0 upload=0
135 pid=FFFD4507 prim transform-ms=129 inside-ms=115 window-ms=188 assemble-ms=315 history-ms=47 fast=233044 clipped=62664 culled=106752
136 pid=FFFD4507 entry texsub-ms=610/6563 teximage-ms=0/0 bind-ms=35/33019 param-ms=0/0 env-ms=1/3644 other-ms=0/0 tex-flush-ms=568/6367 select-ms=17/104804 mtexcoord-ms=55/490012 enable-ms=1/3712
137 pid=FFFD4507 paths batches/triangles untextured=88/176 hw=39124/413566 cpu=0/0 cpu-nonsquare=0/0 hw-refused=198/9990 two-units=33908/159848
138 pid=FFFD4507 counters hwtex live=54 creates=54 create-failed=0 evictions=0 uploads=8558 partial=8504 upload-kb=1866 squared=0 alpha-dropped=177 stubs=0 failed r4=198 r7=0 r8=0 other=0
139 pid=FFFD4507 time interval-ms=10008 swaps=140 present-ms=539 draw-ms=3336 upload-ms=164
140 pid=FFFD4507 tsc frames=140 wall-ms=10008 vertex-ms=886 flush-in-vertex-ms=0 flush-other-ms=3702 bind-ms=41 iface-ms=3336 beginend-ms=3902 swap-ms=540 vertices=651234 flushes=29814 draws=29887 sink-ms=3778 sink-prep-ms=302 sinks=92422
141 pid=FFFD4507 sink begin-ms=109 flush-ms=3389 copy-ms=57 prep-texture-ms=211 prep-state-ms=39 prep-same-ms=44
142 pid=FFFD4507 hwno hwtex-ms=262 iface-cpu-ms=0 not-cpu=0 square-side=0 too-big=0 format=0 no-object=0 no-record=0 table-full=0 unusable=0 backoff=0 make-failed=0 square-alloc=0 upload=0
143 pid=FFFD4507 prim transform-ms=126 inside-ms=111 window-ms=181 assemble-ms=310 history-ms=46 fast=224759 clipped=64380 culled=103119
144 pid=FFFD4507 entry texsub-ms=351/4702 teximage-ms=0/0 bind-ms=32/33334 param-ms=0/0 env-ms=1/3640 other-ms=0/0 tex-flush-ms=321/4678 select-ms=18/107718 mtexcoord-ms=57/503598 enable-ms=1/3780
145 pid=FFFD4507 paths batches/triangles untextured=88/176 hw=68865/668039 cpu=0/0 cpu-nonsquare=0/0 hw-refused=271/12195 two-units=60844/292927
146 pid=FFFD4507 counters hwtex live=54 creates=54 create-failed=0 evictions=0 uploads=13236 partial=13182 upload-kb=1866 squared=0 alpha-dropped=177 stubs=0 failed r4=271 r7=0 r8=0 other=0
147 pid=FFFD4507 time interval-ms=10013 swaps=140 present-ms=541 draw-ms=3339 upload-ms=157
148 pid=FFFD4507 tsc frames=140 wall-ms=10013 vertex-ms=888 flush-in-vertex-ms=1 flush-other-ms=3697 bind-ms=41 iface-ms=3339 beginend-ms=3899 swap-ms=541 vertices=652113 flushes=29900 draws=29980 sink-ms=3776 sink-prep-ms=303 sinks=92497
149 pid=FFFD4507 sink begin-ms=109 flush-ms=3386 copy-ms=58 prep-texture-ms=212 prep-state-ms=39 prep-same-ms=44
150 pid=FFFD4507 hwno hwtex-ms=256 iface-cpu-ms=0 not-cpu=0 square-side=0 too-big=0 format=0 no-object=0 no-record=0 table-full=0 unusable=0 backoff=0 make-failed=0 square-alloc=0 upload=0
151 pid=FFFD4507 prim transform-ms=125 inside-ms=112 window-ms=181 assemble-ms=311 history-ms=46 fast=225059 clipped=64462 culled=103084
152 pid=FFFD4507 entry texsub-ms=350/4777 teximage-ms=0/0 bind-ms=32/33394 param-ms=0/0 env-ms=1/3640 other-ms=0/0 tex-flush-ms=320/4759 select-ms=18/107800 mtexcoord-ms=57/504000 enable-ms=1/3780
153 pid=FFFD4507 paths batches/triangles untextured=88/176 hw=98685/922819 cpu=0/0 cpu-nonsquare=0/0 hw-refused=351/14468 two-units=87857/426067
154 pid=FFFD4507 counters hwtex live=54 creates=54 create-failed=0 evictions=0 uploads=17995 partial=17941 upload-kb=1866 squared=0 alpha-dropped=177 stubs=0 failed r4=351 r7=0 r8=0 other=0
155 pid=FFFD4507 time interval-ms=10000 swaps=139 present-ms=536 draw-ms=3330 upload-ms=167
156 pid=FFFD4507 tsc frames=139 wall-ms=10000 vertex-ms=890 flush-in-vertex-ms=1 flush-other-ms=3717 bind-ms=58 iface-ms=3330 beginend-ms=3909 swap-ms=537 vertices=652589 flushes=29919 draws=29986 sink-ms=3785 sink-prep-ms=302 sinks=92385
157 pid=FFFD4507 sink begin-ms=109 flush-ms=3396 copy-ms=58 prep-texture-ms=212 prep-state-ms=39 prep-same-ms=44
158 pid=FFFD4507 hwno hwtex-ms=266 iface-cpu-ms=0 not-cpu=0 square-side=0 too-big=0 format=0 no-object=0 no-record=0 table-full=0 unusable=0 backoff=0 make-failed=0 square-alloc=0 upload=0
159 pid=FFFD4507 prim transform-ms=126 inside-ms=111 window-ms=181 assemble-ms=313 history-ms=46 fast=224570 clipped=65038 culled=103047
160 pid=FFFD4507 entry texsub-ms=360/4830 teximage-ms=0/0 bind-ms=32/33461 param-ms=0/0 env-ms=1/3632 other-ms=0/0 tex-flush-ms=329/4806 select-ms=18/107785 mtexcoord-ms=57/503932 enable-ms=1/3763
161 pid=FFFD4507 paths batches/triangles untextured=88/176 hw=128537/1177243 cpu=0/0 cpu-nonsquare=0/0 hw-refused=418/16620 two-units=114908/559200
162 pid=FFFD4507 counters hwtex live=54 creates=54 create-failed=0 evictions=0 uploads=22801 partial=22747 upload-kb=1866 squared=0 alpha-dropped=177 stubs=0 failed r4=418 r7=0 r8=0 other=0
163 pid=FFFD4507 time interval-ms=10000 swaps=140 present-ms=540 draw-ms=3326 upload-ms=166
164 pid=FFFD4507 tsc frames=140 wall-ms=10000 vertex-ms=885 flush-in-vertex-ms=1 flush-other-ms=3695 bind-ms=44 iface-ms=3326 beginend-ms=3887 swap-ms=541 vertices=649908 flushes=29760 draws=29842 sink-ms=3764 sink-prep-ms=301 sinks=91966
165 pid=FFFD4507 sink begin-ms=109 flush-ms=3376 copy-ms=57 prep-texture-ms=211 prep-state-ms=39 prep-same-ms=44
166 pid=FFFD4507 hwno hwtex-ms=263 iface-cpu-ms=0 not-cpu=0 square-side=0 too-big=0 format=0 no-object=0 no-record=0 table-full=0 unusable=0 backoff=0 make-failed=0 square-alloc=0 upload=0
167 pid=FFFD4507 prim transform-ms=125 inside-ms=111 window-ms=180 assemble-ms=311 history-ms=46 fast=224220 clipped=64302 culled=102406
168 pid=FFFD4507 entry texsub-ms=358/4756 teximage-ms=0/0 bind-ms=32/33260 param-ms=0/0 env-ms=1/3622 other-ms=0/0 tex-flush-ms=328/4732 select-ms=18/107375 mtexcoord-ms=57/502060 enable-ms=1/3770
169 pid=FFFD4507 paths batches/triangles untextured=88/176 hw=158215/1430526 cpu=0/0 cpu-nonsquare=0/0 hw-refused=500/19388 two-units=141798/691780
170 pid=FFFD4507 counters hwtex live=54 creates=54 create-failed=0 evictions=0 uploads=27533 partial=27479 upload-kb=1866 squared=0 alpha-dropped=177 stubs=0 failed r4=500 r7=0 r8=0 other=0
171 pid=FFFD4507 time interval-ms=10001 swaps=140 present-ms=540 draw-ms=3326 upload-ms=159
172 pid=FFFD4507 tsc frames=140 wall-ms=10001 vertex-ms=890 flush-in-vertex-ms=2 flush-other-ms=3686 bind-ms=41 iface-ms=3326 beginend-ms=3883 swap-ms=540 vertices=651299 flushes=29872 draws=29944 sink-ms=3760 sink-prep-ms=303 sinks=92302
173 pid=FFFD4507 sink begin-ms=109 flush-ms=3371 copy-ms=57 prep-texture-ms=212 prep-state-ms=39 prep-same-ms=44
174 pid=FFFD4507 hwno hwtex-ms=258 iface-cpu-ms=0 not-cpu=0 square-side=0 too-big=0 format=0 no-object=0 no-record=0 table-full=0 unusable=0 backoff=0 make-failed=0 square-alloc=0 upload=0
175 pid=FFFD4507 prim transform-ms=125 inside-ms=111 window-ms=181 assemble-ms=314 history-ms=46 fast=224750 clipped=64324 culled=103089
176 pid=FFFD4507 entry texsub-ms=354/4832 teximage-ms=0/0 bind-ms=32/33365 param-ms=0/0 env-ms=1/3640 other-ms=0/0 tex-flush-ms=324/4814 select-ms=18/107528 mtexcoord-ms=57/502680 enable-ms=1/3780
177 pid=FFFD4507 paths batches/triangles untextured=88/176 hw=188015/1684639 cpu=0/0 cpu-nonsquare=0/0 hw-refused=572/21724 two-units=168792/824555
178 pid=FFFD4507 counters hwtex live=54 creates=54 create-failed=0 evictions=0 uploads=32347 partial=32293 upload-kb=1866 squared=0 alpha-dropped=177 stubs=0 failed r4=572 r7=0 r8=0 other=0
179 pid=FFFD4507 time interval-ms=10000 swaps=140 present-ms=542 draw-ms=3339 upload-ms=151
180 pid=FFFD4507 tsc frames=140 wall-ms=10000 vertex-ms=887 flush-in-vertex-ms=0 flush-other-ms=3693 bind-ms=41 iface-ms=3339 beginend-ms=3909 swap-ms=541 vertices=650015 flushes=29769 draws=29831 sink-ms=3785 sink-prep-ms=302 sinks=92441
181 pid=FFFD4507 sink begin-ms=109 flush-ms=3396 copy-ms=58 prep-texture-ms=211 prep-state-ms=39 prep-same-ms=44
182 pid=FFFD4507 hwno hwtex-ms=250 iface-cpu-ms=0 not-cpu=0 square-side=0 too-big=0 format=0 no-object=0 no-record=0 table-full=0 unusable=0 backoff=0 make-failed=0 square-alloc=0 upload=0
183 pid=FFFD4507 prim transform-ms=125 inside-ms=111 window-ms=181 assemble-ms=310 history-ms=48 fast=224153 clipped=64771 culled=103023
184 pid=FFFD4507 entry texsub-ms=335/4566 teximage-ms=0/0 bind-ms=32/33391 param-ms=0/0 env-ms=1/3640 other-ms=0/0 tex-flush-ms=306/4548 select-ms=18/107858 mtexcoord-ms=57/504300 enable-ms=1/3780
185 pid=FFFD4507 paths batches/triangles untextured=88/176 hw=217722/1939190 cpu=0/0 cpu-nonsquare=0/0 hw-refused=634/23357 two-units=195694/957775
186 pid=FFFD4507 counters hwtex live=54 creates=54 create-failed=0 evictions=0 uploads=36895 partial=36841 upload-kb=1866 squared=0 alpha-dropped=177 stubs=0 failed r4=634 r7=0 r8=0 other=0
187 pid=FFFD4507 time interval-ms=10000 swaps=139 present-ms=536 draw-ms=3338 upload-ms=169
188 pid=FFFD4507 tsc frames=139 wall-ms=10000 vertex-ms=889 flush-in-vertex-ms=0 flush-other-ms=3714 bind-ms=43 iface-ms=3338 beginend-ms=3897 swap-ms=537 vertices=652697 flushes=30003 draws=30096 sink-ms=3772 sink-prep-ms=303 sinks=92419
189 pid=FFFD4507 sink begin-ms=109 flush-ms=3382 copy-ms=58 prep-texture-ms=212 prep-state-ms=39 prep-same-ms=44
190 pid=FFFD4507 hwno hwtex-ms=269 iface-cpu-ms=0 not-cpu=0 square-side=0 too-big=0 format=0 no-object=0 no-record=0 table-full=0 unusable=0 backoff=0 make-failed=0 square-alloc=0 upload=0
191 pid=FFFD4507 prim transform-ms=126 inside-ms=112 window-ms=182 assemble-ms=311 history-ms=46 fast=225228 clipped=64229 culled=103112
192 pid=FFFD4507 entry texsub-ms=370/4964 teximage-ms=0/0 bind-ms=32/33416 param-ms=0/0 env-ms=1/3630 other-ms=0/0 tex-flush-ms=339/4940 select-ms=18/107669 mtexcoord-ms=57/503360 enable-ms=1/3763
193 pid=FFFD4507 paths batches/triangles untextured=88/176 hw=247632/2193703 cpu=0/0 cpu-nonsquare=0/0 hw-refused=727/25823 two-units=222801/1090809
194 pid=FFFD4507 counters hwtex live=54 creates=54 create-failed=0 evictions=0 uploads=41835 partial=41781 upload-kb=1866 squared=0 alpha-dropped=177 stubs=0 failed r4=727 r7=0 r8=0 other=0
195 pid=FFFD4507 time interval-ms=10027 swaps=141 present-ms=545 draw-ms=3332 upload-ms=155
196 pid=FFFD4507 tsc frames=141 wall-ms=10027 vertex-ms=885 flush-in-vertex-ms=1 flush-other-ms=3689 bind-ms=41 iface-ms=3332 beginend-ms=3898 swap-ms=544 vertices=650506 flushes=29829 draws=29898 sink-ms=3773 sink-prep-ms=303 sinks=92476
197 pid=FFFD4507 sink begin-ms=109 flush-ms=3384 copy-ms=57 prep-texture-ms=211 prep-state-ms=39 prep-same-ms=45
198 pid=FFFD4507 hwno hwtex-ms=253 iface-cpu-ms=0 not-cpu=0 square-side=0 too-big=0 format=0 no-object=0 no-record=0 table-full=0 unusable=0 backoff=0 make-failed=0 square-alloc=0 upload=0
199 pid=FFFD4507 prim transform-ms=125 inside-ms=112 window-ms=181 assemble-ms=310 history-ms=46 fast=224682 clipped=64401 culled=103143
200 pid=FFFD4507 entry texsub-ms=342/4669 teximage-ms=0/0 bind-ms=32/33405 param-ms=0/0 env-ms=1/3650 other-ms=0/0 tex-flush-ms=313/4651 select-ms=18/107815 mtexcoord-ms=57/504068 enable-ms=1/3797
201 pid=FFFD4507 paths batches/triangles untextured=88/176 hw=277392/2448410 cpu=0/0 cpu-nonsquare=0/0 hw-refused=796/27741 two-units=249750/1223956
202 pid=FFFD4507 counters hwtex live=54 creates=54 create-failed=0 evictions=0 uploads=46486 partial=46432 upload-kb=1866 squared=0 alpha-dropped=177 stubs=0 failed r4=796 r7=0 r8=0 other=0
203 pid=FFFD4507 state tex=1388 size=00800020 tex=01040101 blend=00050601 depth=00040101 colour=FFFFFFFF mask=7 scissor=0,0,640,480 fog=0 tex1=1037/00000000 env1=000000
204 pid=FFFD4507 time interval-ms=10000 swaps=131 present-ms=510 draw-ms=3465 upload-ms=161
205 pid=FFFD4507 tsc frames=131 wall-ms=10000 vertex-ms=943 flush-in-vertex-ms=0 flush-other-ms=3851 bind-ms=61 iface-ms=3465 beginend-ms=4073 swap-ms=510 vertices=706171 flushes=29469 draws=29548 sink-ms=3934 sink-prep-ms=323 sinks=108728
206 pid=FFFD4507 sink begin-ms=120 flush-ms=3516 copy-ms=60 prep-texture-ms=217 prep-state-ms=48 prep-same-ms=50
207 pid=FFFD4507 hwno hwtex-ms=262 iface-cpu-ms=0 not-cpu=0 square-side=0 too-big=0 format=0 no-object=0 no-record=0 table-full=0 unusable=0 backoff=0 make-failed=0 square-alloc=0 upload=0
208 pid=FFFD4507 prim transform-ms=135 inside-ms=123 window-ms=193 assemble-ms=319 history-ms=50 fast=256472 clipped=61220 culled=96629
209 pid=FFFD4507 entry texsub-ms=373/5170 teximage-ms=1/1 bind-ms=31/31982 param-ms=0/2 env-ms=1/3406 other-ms=0/0 tex-flush-ms=340/5160 select-ms=17/101528 mtexcoord-ms=53/474760 enable-ms=1/3537
210 pid=FFFD4507 paths batches/triangles untextured=88/176 hw=306782/2731423 cpu=0/0 cpu-nonsquare=0/0 hw-refused=875/31185 two-units=275723/1349377
211 pid=FFFD4507 counters hwtex live=55 creates=55 create-failed=0 evictions=0 uploads=51645 partial=51590 upload-kb=1874 squared=0 alpha-dropped=220 stubs=0 failed r4=875 r7=0 r8=0 other=0
212 pid=FFFD4507 time interval-ms=10008 swaps=118 present-ms=482 draw-ms=3170 upload-ms=147
213 pid=FFFD4507 tsc frames=118 wall-ms=10008 vertex-ms=884 flush-in-vertex-ms=0 flush-other-ms=3938 bind-ms=468 iface-ms=3170 beginend-ms=4189 swap-ms=483 vertices=620370 flushes=26149 draws=26220 sink-ms=4027 sink-prep-ms=341 sinks=95846
214 pid=FFFD4507 sink begin-ms=161 flush-ms=3594 copy-ms=59 prep-texture-ms=242 prep-state-ms=41 prep-same-ms=50
215 pid=FFFD4507 hwno hwtex-ms=238 iface-cpu-ms=0 not-cpu=0 square-side=0 too-big=0 format=0 no-object=0 no-record=0 table-full=0 unusable=0 backoff=0 make-failed=0 square-alloc=0 upload=0
216 pid=FFFD4507 prim transform-ms=127 inside-ms=112 window-ms=178 assemble-ms=309 history-ms=46 fast=225290 clipped=54124 culled=86822
217 pid=FFFD4507 entry texsub-ms=370/4557 teximage-ms=0/0 bind-ms=31/28395 param-ms=0/0 env-ms=1/3068 other-ms=0/0 tex-flush-ms=324/4544 select-ms=17/90202 mtexcoord-ms=54/421640 enable-ms=1/3186
218 pid=FFFD4507 paths batches/triangles untextured=88/176 hw=332860/2981513 cpu=0/0 cpu-nonsquare=0/0 hw-refused=946/33509 two-units=298765/1460755
219 pid=FFFD4507 counters hwtex live=55 creates=55 create-failed=0 evictions=0 uploads=56190 partial=56135 upload-kb=1874 squared=0 alpha-dropped=256 stubs=0 failed r4=946 r7=0 r8=0 other=0
220 pid=FFFD4507 state tex=1181 size=00400040 tex=01010101 blend=00050600 depth=01040102 colour=FFFFFFFF mask=7 scissor=0,0,640,480 fog=0 tex1=1030/01010200 env1=000000
221 pid=FFFD4507 time interval-ms=10010 swaps=143 present-ms=563 draw-ms=3410 upload-ms=187
222 pid=FFFD4507 tsc frames=143 wall-ms=10010 vertex-ms=887 flush-in-vertex-ms=0 flush-other-ms=3798 bind-ms=60 iface-ms=3410 beginend-ms=3998 swap-ms=563 vertices=658035 flushes=25135 draws=25228 sink-ms=3866 sink-prep-ms=282 sinks=102357
223 pid=FFFD4507 sink begin-ms=116 flush-ms=3500 copy-ms=53 prep-texture-ms=186 prep-state-ms=42 prep-same-ms=46
224 pid=FFFD4507 hwno hwtex-ms=273 iface-cpu-ms=0 not-cpu=0 square-side=0 too-big=0 format=0 no-object=0 no-record=0 table-full=0 unusable=0 backoff=0 make-failed=0 square-alloc=0 upload=0
225 pid=FFFD4507 prim transform-ms=125 inside-ms=114 window-ms=171 assemble-ms=315 history-ms=51 fast=231427 clipped=73702 culled=76234
226 pid=FFFD4507 entry texsub-ms=362/4943 teximage-ms=0/0 bind-ms=28/29185 param-ms=0/0 env-ms=1/3000 other-ms=0/0 tex-flush-ms=331/4866 select-ms=14/88728 mtexcoord-ms=47/417830 enable-ms=1/3611
227 pid=FFFD4507 paths batches/triangles untextured=88/176 hw=357902/3240623 cpu=0/0 cpu-nonsquare=0/0 hw-refused=1039/36315 two-units=320580/1564916
228 pid=FFFD4507 counters hwtex live=63 creates=63 create-failed=0 evictions=0 uploads=61042 partial=60979 upload-kb=2010 squared=0 alpha-dropped=321 stubs=0 failed r4=1039 r7=0 r8=0 other=0
229 pid=FFFD4507 time interval-ms=10000 swaps=163 present-ms=641 draw-ms=3697 upload-ms=27
230 pid=FFFD4507 tsc frames=163 wall-ms=10000 vertex-ms=599 flush-in-vertex-ms=0 flush-other-ms=3862 bind-ms=98 iface-ms=3697 beginend-ms=4132 swap-ms=642 vertices=427145 flushes=8564 draws=8564 sink-ms=4044 sink-prep-ms=155 sinks=71342
231 pid=FFFD4507 sink begin-ms=111 flush-ms=3840 copy-ms=29 prep-texture-ms=90 prep-state-ms=27 prep-same-ms=31
232 pid=FFFD4507 hwno hwtex-ms=48 iface-cpu-ms=0 not-cpu=0 square-side=0 too-big=0 format=0 no-object=0 no-record=0 table-full=0 unusable=0 backoff=0 make-failed=0 square-alloc=0 upload=0
233 pid=FFFD4507 prim transform-ms=80 inside-ms=68 window-ms=80 assemble-ms=264 history-ms=31 fast=136794 clipped=92163 culled=416
234 pid=FFFD4507 entry texsub-ms=5/13 teximage-ms=0/0 bind-ms=13/13770 param-ms=0/0 env-ms=1/1304 other-ms=0/0 tex-flush-ms=4/10 select-ms=6/42158 mtexcoord-ms=23/208362 enable-ms=1/3423
235 pid=FFFD4507 paths batches/triangles untextured=88/176 hw=366466/3404681 cpu=0/0 cpu-nonsquare=0/0 hw-refused=1039/36315 two-units=326725/1609584
236 pid=FFFD4507 counters hwtex live=67 creates=67 create-failed=0 evictions=0 uploads=61057 partial=60990 upload-kb=2152 squared=0 alpha-dropped=434 stubs=0 failed r4=1039 r7=0 r8=0 other=0
237 pid=FFFD4507 DrvReleaseContext context=1 -> 1
238 pid=FFFD4507 paths batches/triangles untextured=88/176 hw=368972/3464029 cpu=0/0 cpu-nonsquare=0/0 hw-refused=1039/36315 two-units=328286/1621457
239 pid=FFFD4507 counters hwtex live=0 creates=67 create-failed=0 evictions=0 uploads=61057 partial=60990 upload-kb=2152 squared=0 alpha-dropped=479 stubs=0 failed r4=1039 r7=0 r8=0 other=0
240 pid=FFFD4507 DrvDeleteContext context=1 -> 1
241 pid=FFFD4507 detach slots-called=0 stub-calls=0
