Console initialized.
Winsock TCP/IP Initialized
WIPX_Init: Unable to open control socket
Exe: 15:17:32 Nov  7 1997
16.0 megabyte heap
Video mode 640x480 initialized.
GL_VENDOR: Velocity9x
GL_RENDERER: Velocity9x Mach64
GL_VERSION: 1.1.0
GL_EXTENSIONS: GL_SGIS_multitexture 

Sound Initialization
DirectSound create failed
DirectSound failed to init
waveOutOpen failed
Wave sound failed to init
Sound sampling rate: 11025
CDAudio_Init: MCI_OPEN failed (266)

joystick not found -- driver not present

execing quake.rc
execing default.cfg
execing config.cfg
couldn't exec autoexec.cfg
Playing demo from demo1.dem.
3 demo(s) in loop




the Necropolis
meshing progs/player.mdl...
meshing progs/eyes.mdl...
meshing progs/h_player.mdl...
meshing progs/gib1.mdl...
meshing progs/gib2.mdl...
meshing progs/gib3.mdl...
meshing progs/v_axe.mdl...
meshing progs/v_shot.mdl...
meshing progs/v_nail.mdl...
meshing progs/v_rock.mdl...
meshing progs/v_shot2.mdl...
meshing progs/v_nail2.mdl...
meshing progs/v_rock2.mdl...
meshing progs/bolt.mdl...
meshing progs/bolt2.mdl...
meshing progs/bolt3.mdl...
meshing progs/lavaball.mdl...
meshing progs/missile.mdl...
meshing progs/grenade.mdl...
meshing progs/spike.mdl...
meshing progs/s_spike.mdl...
meshing progs/backpack.mdl...
meshing progs/zom_gib.mdl...
meshing progs/v_light.mdl...
meshing progs/flame2.mdl...
meshing progs/flame.mdl...
meshing progs/zombie.mdl...
meshing progs/h_zombie.mdl...
meshing progs/w_g_key.mdl...
meshing progs/ogre.mdl...
meshing progs/h_ogre.mdl...
meshing progs/wizard.mdl...
meshing progs/h_wizard.mdl...
meshing progs/w_spike.mdl...
meshing progs/demon.mdl...
meshing progs/h_demon.mdl...
meshing progs/g_nail.mdl...
meshing progs/g_shot.mdl...
meshing progs/armor.mdl...
meshing progs/g_rock.mdl...
meshing progs/invisibl.mdl...
You got the shells
You got the Grenade Launcher
You receive 25 health
You get 2 rockets  
You got the rockets
You got the nailgun
You got the nails
You got the nails
You receive 15 health
You receive 15 health
You got the rockets
You get 2 rockets  
You got the nails
You got the nails
You receive 25 health
You got the gold key
969 frames  34.2 seconds  28.3 fps
]quit
