The sound hardware is in use by another app.
Sound not available ( 2 ).
WON initialized.
Server module initialized.
World module initialized.
]echo V9X_hlgl4_WARM
V9X_hlgl4_WARM 
]timedemo mwd5
Playing demo from C:\SIERRA\HALF-LIFE/valve/mwd5.dem.
Couldn't open file overviews/c4a1b.txt. Using default values for overiew mode.
Couldn't open file overviews/c4a1b.txt. Using default values for overiew mode.
393 frames 31.650 seconds 12.417 fps
No demos listed with startdemos
]echo V9X_hlgl4_RUN
V9X_hlgl4_RUN 
]timedemo mwd5
Playing demo from C:\SIERRA\HALF-LIFE/valve/mwd5.dem.
Couldn't open file overviews/c4a1b.txt. Using default values for overiew mode.
393 frames 31.295 seconds 12.558 fps
]quit
World module shutdown.
WON shutdown.
Server module shutdown.
