The sound hardware is in use by another app.
Sound not available ( 2 ).
WON initialized.
Server module initialized.
World module initialized.
]echo V9X_D3D_RUN1
]timedemo mwd5
V9X_D3D_RUN1 
Playing demo from C:\SIERRA\HALF-LIFE/valve/mwd5.dem.
Couldn't open file overviews/c4a1b.txt. Using default values for overiew mode.
Couldn't open file overviews/c4a1b.txt. Using default values for overiew mode.
393 frames 49.717 seconds 7.905 fps
No demos listed with startdemos
]echo V9X_D3D_RUN2
V9X_D3D_RUN2 
]timedemo mwd5
Playing demo from C:\SIERRA\HALF-LIFE/valve/mwd5.dem.
Couldn't open file overviews/c4a1b.txt. Using default values for overiew mode.
393 frames 45.513 seconds 8.635 fps
]echo V9X_D3D_RUN3
V9X_D3D_RUN3 
]timedemo mwd5
Playing demo from C:\SIERRA\HALF-LIFE/valve/mwd5.dem.
Couldn't open file overviews/c4a1b.txt. Using default values for overiew mode.
393 frames 45.527 seconds 8.632 fps
