Using secondary sound buffer
WON initialized.
Server module initialized.
World module initialized.
]echo V9X_gw106gl_RUN1
]timedemo mwd5
V9X_gw106gl_RUN1 
Playing demo from C:\SIERRA\HALF-LIFE/valve/mwd5.dem.
Couldn't open file overviews/c4a1b.txt. Using default values for overiew mode.
Couldn't open file overviews/c4a1b.txt. Using default values for overiew mode.
393 frames 56.224 seconds 6.990 fps
No demos listed with startdemos
]echo V9X_gw106gl_RUN2
V9X_gw106gl_RUN2 
]timedemo mwd5
Playing demo from C:\SIERRA\HALF-LIFE/valve/mwd5.dem.
Couldn't open file overviews/c4a1b.txt. Using default values for overiew mode.
393 frames 53.097 seconds 7.401 fps
]echo V9X_gw106gl_RUN3
V9X_gw106gl_RUN3 
]timedemo mwd5
Playing demo from C:\SIERRA\HALF-LIFE/valve/mwd5.dem.
Couldn't open file overviews/c4a1b.txt. Using default values for overiew mode.
393 frames 53.181 seconds 7.390 fps
]quit
World module shutdown.
WON shutdown.
Server module shutdown.
