Using secondary sound buffer
WON initialized.
Server module initialized.
World module initialized.
]echo V9X_gw106d3d2_RUN1
]timedemo mwd5
V9X_gw106d3d2_RUN1 
Playing demo from C:\SIERRA\HALF-LIFE/valve/mwd5.dem.
Couldn't open file overviews/c4a1b.txt. Using default values for overiew mode.
Couldn't open file overviews/c4a1b.txt. Using default values for overiew mode.
393 frames 40.040 seconds 9.815 fps
No demos listed with startdemos
]echo V9X_gw106d3d2_RUN2
V9X_gw106d3d2_RUN2 
]timedemo mwd5
Playing demo from C:\SIERRA\HALF-LIFE/valve/mwd5.dem.
Couldn't open file overviews/c4a1b.txt. Using default values for overiew mode.
393 frames 32.659 seconds 12.033 fps
]echo V9X_gw106d3d2_RUN3
V9X_gw106d3d2_RUN3 
]timedemo mwd5
Playing demo from C:\SIERRA\HALF-LIFE/valve/mwd5.dem.
Couldn't open file overviews/c4a1b.txt. Using default values for overiew mode.
393 frames 34.965 seconds 11.240 fps
]quit
World module shutdown.
WON shutdown.
Server module shutdown.
