Application info
----------------

Name          3DMark2001 SE
Build         330

Error log
---------

P_D3D::allocateMap - CreateTexture ( for a rendertarget) failed  : D3DERR_OUTOFVIDEOMEMORY

Could not create texture - D3DERR_INVALIDCALL

System info available: yes
Project available:     yes



Result file
-----------

3DMARK2001 PROJECT FILE

PROJECT
Name	My Benchmark
Description	
Registration Name	
Registration Key	
3DMark Version	330

DISPLAY
Platform	Velocity9x ATI Rage XL PCI
CPU Optimization	D3D Software T&L
Width	640
Height	480
Depth	16 bit
Z-Buffering	16 bit
Texture Format	16 bit
Buffering	Double
Refresh Rate	Default
FSAA Mode	None

OPTIONS
Show Title Screens	Yes
Continuous Benchmark	No
Benchmark Run Count	1
Demo Sounds Enabled	Yes
Continuous Demo	No
Game Sound Effects Enabled	Yes
Game Music Enabled	Yes
Game Detail Level	Low

RESULTS
3DMark Score	N/A
Game 1 - Car Chase - Low Detail	1.5 fps
Game 1 - Car Chase - High Detail	0.8 fps
Game 2 - Dragothic - Low Detail	1.9 fps
Game 2 - Dragothic - High Detail	0.9 fps
Game 3 - Lobby - Low Detail	2.3 fps
Game 3 - Lobby - High Detail	1.0 fps
Game 4 - Nature	Not supported by hardware
Fill Rate (Single-Texturing)	17.0 MTexels/s
Fill Rate (Multi-Texturing)	15.6 MTexels/s
High Polygon Count (1 Light)	N/A
High Polygon Count (8 Lights)	N/A
Environment Bump Mapping	Not supported by hardware
DOT3 Bump Mapping	Not supported by hardware
Vertex Shader	1.3 fps
Pixel Shader	Not supported by hardware
Advanced Pixel Shader	N/A
Point Sprites	N/A

SYSTEM INFO

System Info Version	2.2
Installation ID	0x00000000
OEM ID	

CPU INFO
CENTRAL PROCESSING UNITS
Manufacturer	Intel
Family	Pentium® III
Internal Clock	1002 MHz
Internal Clock Maximum	1002 MHz
External Clock	100 MHz
Socket Designation	SLOT 1
Type	<unknown>
Upgrade	Slot 1
Capabilities	MMX, CMov, RDTSC, SSE
Version	Pentium III
CPUID	0x00000686

CACHES
Level	1 
Capacity	32 KB
Type	Internal
Type Details	Synchronous
Error Correction Type	<unknown>
Associativity	<unknown>

Level	2 
Capacity	256 KB
Type	External
Type Details	Synchronous
Error Correction Type	<unknown>
Associativity	<unknown>

DIRECTX INFO
DirectX Version	9.0

DIRECTDRAW INFO
DirectDraw Version 	4.09.00.0904

DISPLAY DEVICES
Description	Primary Display Driver
Manufacturer	Velocity9x
Name	Velocity9x ATI Rage XL PCI
Total Local Video Memory	8 MB
Total Local Texture Memory	8 MB
Total AGP Memory	0  bytes
Display Driver	v9xdisp.drv
Display Driver Version	0.11.0 (6ff23ee-dirty)
Driver WHQL Certified	No
Max Texture Width 	256 
Max Texture Height	256 
Max User Clipping Planes	0 
Max Active Hardware Lights	0 
Max Texture Blending Stages	1 
Textures In Single Pass	1 
Vertex Shader Version	N/A
Pixel Shader Version	N/A
Max Vertex Blend Matrices	0 
Max Texture Coordinates	1 
Vendor ID	0x1002
Device ID	0x4752
Sub-System ID	0x80081002
Revision	0x27

DISPLAY MODES
Resolution	640x480x16-bit RGB [565]
Resolution	800x600x16-bit RGB [565]
Resolution	1024x768x16-bit RGB [565]
Resolution	320x200x16-bit RGB [565]
Resolution	320x240x16-bit RGB [565]
Resolution	400x300x16-bit RGB [565]
Resolution	512x384x16-bit RGB [565]
Resolution	640x350x16-bit RGB [565]
Resolution	1280x1024x16-bit RGB [565]

TEXTURE FORMATS
Pixel Format	16-bit RGB [565]
Pixel Format	16-bit ARGB [1555]
Pixel Format	16-bit ARGB [4444]
3D Capabilities	Subpixel Accurate Rasterizing, Vertex Fog, Specular Gouraud Shading, Bilinear Filtering, Point Sampling, Trilinear Filtering, Multiplicative Texture Blending, Texture Alpha Blending, Texture Clamping, Texture Wrapping, Guard Band Support, Rendering to a Window

DIRECTSHOW INFO
DirectShow Version	6.05.01.0900

REGISTERED DIRECTSHOW FILTERS
Filter	.RAM file Parser
Filter	AC3 Parser Filter
Filter	ACELP.net Sipro Lab Audio Decoder
Filter	ACM Wrapper
Filter	ASF ACM Handler
Filter	ASF DIB Handler
Filter	ASF DJPEG Handler
Filter	ASF ICM Handler
Filter	ASF JPEG Handler
Filter	ASF URL Handler
Filter	ASF embedded stuff Handler
Filter	ASX file Parser
Filter	ASX v.2 file Parser
Filter	AVI Decompressor
Filter	AVI Draw
Filter	AVI Splitter
Filter	AVI/WAV File Source
Filter	BDA MPE Filter
Filter	BDA MPEG2 Transport Information Filter
Filter	BDA Slip De-Framer
Filter	ClearVideo® Decompression Filter
Filter	Color Space Converter
Filter	DV Muxer
Filter	DV Splitter
Filter	DV Video Decoder
Filter	Default DirectSound Device
Filter	Default MidiOut Device
Filter	File Source (Async.)
Filter	File Source (Netshow URL)
Filter	File Source (URL)
Filter	File stream renderer
Filter	IVF source filter
Filter	Indeo(R) audio software
Filter	Indeo® video 4.3 Decompression Filter
Filter	Indeo® video 5.04 Decompression Filter
Filter	Internal LMRT Renderer
Filter	Internal Script Command Renderer
Filter	Line 21 Decoder
Filter	Line 21 Decoder 2
Filter	Lyric Parser
Filter	MIDI Parser
Filter	MJPEG Decompressor
Filter	MPEG Audio Decoder
Filter	MPEG Layer-3 Decoder
Filter	MPEG Video Decoder
Filter	MPEG-2 Demultiplexer
Filter	MPEG-2 Sections and Tables
Filter	MPEG-2 Splitter
Filter	MPEG-I Stream Splitter
Filter	Microsoft MPEG-4 Video Decompressor
Filter	Multi-file Parser
Filter	NSC file Parser
Filter	Overlay Mixer2
Filter	QT Decompressor
Filter	QuickTime Movie Parser
Filter	SAMI (CC) Parser
Filter	TrueMotion 2.0 Decompressor
Filter	URL StreamRenderer
Filter	VBI Surface Allocator
Filter	VGA 16 Color Ditherer
Filter	VIVO Audio Decoder Filter
Filter	VIVO Video Decoder Filter
Filter	Video Renderer
Filter	Voxware MetaSound Audio Decoder
Filter	Voxware MetaVoice Audio Decoder
Filter	WM ASF Reader
Filter	WM ASF Writer
Filter	WST Decoder
Filter	Wave Parser
Filter	Windows Media Multiplexer
Filter	Windows Media source filter
Filter	XML Playlist

MEMORY INFO
Total Physical Memory	256 MB
Free Physical Memory	190.38 MB
Total Pagefile Memory	1.75 GB
Free Pagefile Memory	1.73 GB

MEMORY ARRAYS
Max Module Capacity	256 MB
Location	<unknown>
Use	<unknown>
Supported Error D&C	Parity
Supported Speeds	70ns, 60ns
Supported Types	Standard, EDO, DIMM, SDRAM
Supported Voltages	3.3V

MEMORY SLOTS
Installed & Enabled Size	0  bytes
Form Factor	<unknown>
Frequency	100 MHz
Slot	DIMM1
Manufacturer	
Type	<unknown>
Type Details	DIMM, SDRAM
Enabled Size	0  bytes
Total Bit Width	0 
Data Bit Width	0 

Installed & Enabled Size	0  bytes
Form Factor	<unknown>
Frequency	100 MHz
Slot	DIMM2
Manufacturer	
Type	<unknown>
Type Details	DIMM, SDRAM
Enabled Size	0  bytes
Total Bit Width	0 
Data Bit Width	0 

Installed & Enabled Size	256 MB
Form Factor	<unknown>
Frequency	100 MHz
Slot	DIMM3
Manufacturer	
Type	<unknown>
Type Details	DIMM, SDRAM
Enabled Size	256 MB
Total Bit Width	0 
Data Bit Width	0 

MOTHERBOARD INFO
Manufacturer	Giga-Byte Technology CO., LTD
Model	i440BX-8671
Version	N/A
BIOS Vendor	Award Software International, Inc.
BIOS Version	4.51 PG
BIOS Release Date	07/06/00
BIOS Properties	Plug and Play, Flash, AGP

CARD SLOTS
Number	0 
Designation	ISA-1
Type	ISA
Characteristics	5.0V
Data Bus Width	16 
Details	Long
Device Class	<unknown>
Device Name	
Device Manufacturer	
Device Driver Date	
Device Vendor ID	0x0000
Device ID	0x0000
Device Sub-System ID	0x00000000
Device Revision	0x00
IRQ	0 

Number	0 
Designation	ISA-2
Type	ISA
Characteristics	5.0V
Data Bus Width	16 
Details	Long
Device Class	<unknown>
Device Name	
Device Manufacturer	
Device Driver Date	
Device Vendor ID	0x0000
Device ID	0x0000
Device Sub-System ID	0x00000000
Device Revision	0x00
IRQ	0 

Number	0 
Designation	ISA-3
Type	ISA
Characteristics	5.0V
Data Bus Width	16 
Details	Long
Device Class	<unknown>
Device Name	
Device Manufacturer	
Device Driver Date	
Device Vendor ID	0x0000
Device ID	0x0000
Device Sub-System ID	0x00000000
Device Revision	0x00
IRQ	0 

Number	1 
Designation	PCI-1
Type	PCI
Characteristics	5.0V, 3.3V, Modem Ring Resume, PME Signal
Data Bus Width	32 
Details	Available, Long
Device Class	<unknown>
Device Name	
Device Manufacturer	
Device Driver Date	
Device Vendor ID	0x0000
Device ID	0x0000
Device Sub-System ID	0x00000000
Device Revision	0x00
IRQ	0 

Number	2 
Designation	PCI-2
Type	PCI
Characteristics	5.0V, 3.3V, Modem Ring Resume, PME Signal
Data Bus Width	32 
Details	In Use, Long
Device Class	Display Adapter
Device Name	Velocity9x ATI Rage XL PCI
Device Manufacturer	Velocity9x
Device Driver Date	10- 3-2026
Device Vendor ID	0x1002
Device ID	0x4752
Device Sub-System ID	0x80081002
Device Revision	0x27
IRQ	10 

Number	3 
Designation	PCI-3
Type	PCI
Characteristics	5.0V, 3.3V, Modem Ring Resume, PME Signal
Data Bus Width	32 
Details	Available, Long
Device Class	<unknown>
Device Name	
Device Manufacturer	
Device Driver Date	
Device Vendor ID	0x0000
Device ID	0x0000
Device Sub-System ID	0x00000000
Device Revision	0x00
IRQ	0 

Number	4 
Designation	PCI-4
Type	PCI
Characteristics	5.0V, 3.3V, Modem Ring Resume, PME Signal
Data Bus Width	32 
Details	In Use, Long
Device Class	Network Adapter
Device Name	Realtek RTL8139/810x Family Fast Ethernet NIC
Device Manufacturer	Realtek Semiconductor Corp.
Device Driver Date	 2- 3-2022
Device Vendor ID	0x10ec
Device ID	0x8139
Device Sub-System ID	0x813910ec
Device Revision	0x10
IRQ	11 

Number	0 
Designation	AGP
Type	AGP
Characteristics	5.0V
Data Bus Width	32 
Details	Available, Long
Device Class	<unknown>
Device Name	
Device Manufacturer	
Device Driver Date	
Device Vendor ID	0x0000
Device ID	0x0000
Device Sub-System ID	0x00000000
Device Revision	0x00
IRQ	0 

SYSTEM DEVICES
Description	Intel 82443BX Pentium(r) II Processor to PCI bridge (with GART support)
Manufacturer	Intel
Vendor ID	0x8086
Device ID	0x7190
Subsystem ID	0x00000000
Revision	0x03

Description	Intel 82443BX Pentium(r) II Processor to AGP controller
Manufacturer	Intel
Vendor ID	0x8086
Device ID	0x7191
Subsystem ID	0x00000000
Revision	0x03

Description	Intel 82371EB PCI to ISA bridge (ISA mode)
Manufacturer	Intel
Vendor ID	0x8086
Device ID	0x7110
Subsystem ID	0x00000000
Revision	0x02

Description	Intel 82371EB Power Management Controller
Manufacturer	Intel
Vendor ID	0x8086
Device ID	0x7113
Subsystem ID	0x00000000
Revision	0x02

Revision	1.0
Rate	1x, 2x
Aperture Size	64 MB
Sideband Addressing	supported (disabled)
Fast Write	not supported

MONITOR INFO
MONITORS
Name	Plug and Play Monitor
Manufacturer	(Standard monitor types)
Max Width	1920 
Max Height	1680 

POWER SUPPLY INFO
BATTERIES

OPERATING SYSTEM INFO
Operating System	Microsoft Windows 98
Version	4.10.2222  A 
Service Pack	 A 
Locale	US
Desktop Width	800 
Desktop Height	600 
Desktop BPP	16 

HARD DISK INFO
HARD DISKS
Name	GENERIC IDE  DISK TYPE47
Manufacturer	(Standard disk drives)
Capacity	6.02 GB
Model	<unknown>
Interface Type	<unknown>
