Using secondary sound buffer
WON initialized.
Server module initialized.
World module initialized.
]echo V9X_gwaddr_RUN1
]timedemo mwd5
V9X_gwaddr_RUN1 
Playing demo from C:\SIERRA\HALF-LIFE/valve/mwd5.dem.
Couldn't open file overviews/c4a1b.txt. Using default values for overiew mode.
Couldn't open file overviews/c4a1b.txt. Using default values for overiew mode.
393 frames 39.779 seconds 9.880 fps
No demos listed with startdemos
]echo V9X_gwaddr_RUN2
V9X_gwaddr_RUN2 
]timedemo mwd5
Playing demo from C:\SIERRA\HALF-LIFE/valve/mwd5.dem.
Couldn't open file overviews/c4a1b.txt. Using default values for overiew mode.
393 frames 32.519 seconds 12.085 fps
]echo V9X_gwaddr_RUN3
V9X_gwaddr_RUN3 
]timedemo mwd5
Playing demo from C:\SIERRA\HALF-LIFE/valve/mwd5.dem.
Couldn't open file overviews/c4a1b.txt. Using default values for overiew mode.
393 frames 33.385 seconds 11.772 fps
]quit
World module shutdown.
WON shutdown.
Server module shutdown.
