Using secondary sound buffer
WON initialized.
Server module initialized.
World module initialized.
]echo V9X_gwref_RUN1
]timedemo mwd5
V9X_gwref_RUN1 
Playing demo from C:\SIERRA\HALF-LIFE/valve/mwd5.dem.
Couldn't open file overviews/c4a1b.txt. Using default values for overiew mode.
Couldn't open file overviews/c4a1b.txt. Using default values for overiew mode.
393 frames 36.941 seconds 10.639 fps
No demos listed with startdemos
]echo V9X_gwref_RUN2
V9X_gwref_RUN2 
]timedemo mwd5
Playing demo from C:\SIERRA\HALF-LIFE/valve/mwd5.dem.
Couldn't open file overviews/c4a1b.txt. Using default values for overiew mode.
393 frames 29.705 seconds 13.230 fps
]echo V9_gwref_RUN3
V9_gwref_RUN3 
]timedemo mwd5
Playing demo from C:\SIERRA\HALF-LIFE/valve/mwd5.dem.
Couldn't open file overviews/c4a1b.txt. Using default values for overiew mode.
393 frames 30.710 seconds 12.797 fps
]quit
World module shutdown.
WON shutdown.
Server module shutdown.
