1 pid=FFFC5023 attach instance=00600000 tls=2 version=0.12.1 V9XGL build=927927b-dirty exe=C:\V9XGLP.EXE
2 pid=FFFC5023 DrvValidateVersion version=1
3 pid=FFFC5023 DrvSetCallbackProcs count=3 procs=78B23978
4 pid=FFFC5023 describe result=0 engine=4 formats=00000002
5 pid=FFFC5023 DrvDescribePixelFormat index=1 bytes=0 -> count=1
6 pid=FFFC5023 DrvDescribePixelFormat index=1 bytes=0 -> count=1
7 pid=FFFC5023 DrvDescribePixelFormat index=1 bytes=40 -> count=1
8 pid=FFFC5023 DrvDescribePixelFormat index=1 bytes=0 -> count=1
9 pid=FFFC5023 DrvDescribePixelFormat index=1 bytes=0 -> count=1
10 pid=FFFC5023 DrvDescribePixelFormat index=1 bytes=0 -> count=1
11 pid=FFFC5023 DrvDescribePixelFormat index=1 bytes=0 -> count=1
12 pid=FFFC5023 DrvDescribePixelFormat index=1 bytes=0 -> count=1
13 pid=FFFC5023 DrvDescribePixelFormat index=1 bytes=0 -> count=1
14 pid=FFFC5023 DrvDescribePixelFormat index=1 bytes=0 -> count=1
15 pid=FFFC5023 DrvDescribePixelFormat index=1 bytes=0 -> count=1
16 pid=FFFC5023 DrvDescribePixelFormat index=1 bytes=0 -> count=1
17 pid=FFFC5023 DrvDescribePixelFormat index=1 bytes=0 -> count=1
18 pid=FFFC5023 DrvDescribePixelFormat index=1 bytes=0 -> count=1
19 pid=FFFC5023 DrvDescribePixelFormat index=1 bytes=0 -> count=1
20 pid=FFFC5023 DrvDescribePixelFormat index=1 bytes=0 -> count=1
21 pid=FFFC5023 DrvDescribePixelFormat index=1 bytes=0 -> count=1
22 pid=FFFC5023 DrvDescribePixelFormat index=1 bytes=0 -> count=1
23 pid=FFFC5023 DrvDescribePixelFormat index=1 bytes=0 -> count=1
24 pid=FFFC5023 DrvDescribePixelFormat index=1 bytes=0 -> count=1
25 pid=FFFC5023 DrvDescribePixelFormat index=1 bytes=0 -> count=1
26 pid=FFFC5023 DrvDescribePixelFormat index=1 bytes=0 -> count=1
27 pid=FFFC5023 DrvDescribePixelFormat index=1 bytes=0 -> count=1
28 pid=FFFC5023 DrvDescribePixelFormat index=1 bytes=0 -> count=1
29 pid=FFFC5023 DrvDescribePixelFormat index=1 bytes=0 -> count=1
30 pid=FFFC5023 DrvDescribePixelFormat index=1 bytes=0 -> count=1
31 pid=FFFC5023 DrvDescribePixelFormat index=1 bytes=0 -> count=1
32 pid=FFFC5023 DrvDescribePixelFormat index=1 bytes=0 -> count=1
33 pid=FFFC5023 DrvDescribePixelFormat index=1 bytes=40 -> count=1
34 pid=FFFC5023 DrvDescribePixelFormat index=1 bytes=0 -> count=1
35 pid=FFFC5023 DrvDescribePixelFormat index=1 bytes=0 -> count=1
36 pid=FFFC5023 DrvDescribePixelFormat index=1 bytes=0 -> count=1
37 pid=FFFC5023 DrvDescribePixelFormat index=1 bytes=0 -> count=1
38 pid=FFFC5023 DrvDescribePixelFormat index=1 bytes=0 -> count=1
39 pid=FFFC5023 DrvDescribePixelFormat index=1 bytes=0 -> count=1
40 pid=FFFC5023 DrvDescribePixelFormat index=1 bytes=0 -> count=1
41 pid=FFFC5023 DrvDescribePixelFormat index=1 bytes=0 -> count=1
42 pid=FFFC5023 DrvDescribePixelFormat index=1 bytes=0 -> count=1
43 pid=FFFC5023 DrvDescribePixelFormat index=1 bytes=0 -> count=1
44 pid=FFFC5023 DrvDescribePixelFormat index=1 bytes=0 -> count=1
45 pid=FFFC5023 DrvDescribePixelFormat index=1 bytes=0 -> count=1
46 pid=FFFC5023 DrvDescribePixelFormat index=1 bytes=0 -> count=1
47 pid=FFFC5023 DrvDescribePixelFormat index=1 bytes=0 -> count=1
48 pid=FFFC5023 DrvDescribePixelFormat index=1 bytes=0 -> count=1
49 pid=FFFC5023 DrvDescribePixelFormat index=1 bytes=0 -> count=1
50 pid=FFFC5023 DrvDescribePixelFormat index=1 bytes=0 -> count=1
51 pid=FFFC5023 DrvDescribePixelFormat index=1 bytes=0 -> count=1
52 pid=FFFC5023 DrvDescribePixelFormat index=1 bytes=0 -> count=1
53 pid=FFFC5023 DrvDescribePixelFormat index=1 bytes=0 -> count=1
54 pid=FFFC5023 DrvDescribePixelFormat index=1 bytes=0 -> count=1
55 pid=FFFC5023 DrvDescribePixelFormat index=1 bytes=0 -> count=1
56 pid=FFFC5023 DrvDescribePixelFormat index=1 bytes=0 -> count=1
57 pid=FFFC5023 DrvDescribePixelFormat index=1 bytes=0 -> count=1
58 pid=FFFC5023 DrvDescribePixelFormat index=1 bytes=0 -> count=1
59 pid=FFFC5023 DrvDescribePixelFormat index=1 bytes=40 -> count=1
60 pid=FFFC5023 DrvDescribePixelFormat index=1 bytes=0 -> count=1
61 pid=FFFC5023 DrvSetPixelFormat hdc=0000077A index=1
62 pid=FFFC5023 DrvDescribePixelFormat index=1 bytes=0 -> count=1
63 pid=FFFC5023 DrvDescribePixelFormat index=1 bytes=40 -> count=1
64 pid=FFFC5023 DrvCreateLayerContext hdc=0000077A layer=0 -> 1
65 pid=FFFC5023 drawable window=0000015C 400x300
66 pid=FFFC5023 DrvSetContext hdc=0000077A context=1 -> 1
67 pid=FFFC5023 stub first-call slot=219 glPushAttrib
68 pid=FFFC5023 state tex=0 size=00000000 tex=00000000 blend=00020100 depth=01020100 colour=FF00FF00 mask=7 scissor=0,0,400,300 fog=0 tex1=0/00000000 env1=000000
69 pid=FFFC5023 time interval-ms=80402 swaps=2 present-ms=43 draw-ms=131 upload-ms=0
70 pid=FFFC5023 tsc frames=2 wall-ms=80402 vertex-ms=42 flush-in-vertex-ms=0 flush-other-ms=206 bind-ms=2 iface-ms=131 beginend-ms=29 swap-ms=18741 vertices=12 flushes=1 draws=1 sink-ms=25 sink-prep-ms=23 sinks=1
71 pid=FFFC5023 sink begin-ms=3 flush-ms=0 copy-ms=1 prep-texture-ms=23 prep-state-ms=0 prep-same-ms=0
72 pid=FFFC5023 hwno hwtex-ms=0 iface-cpu-ms=0 not-cpu=1 square-side=0 too-big=0 format=0 no-object=0 no-record=0 table-full=0 unusable=0 backoff=0 make-failed=0 square-alloc=0 upload=0
73 pid=FFFC5023 prim transform-ms=2 inside-ms=1 window-ms=3 assemble-ms=2 history-ms=0 fast=6 clipped=0 culled=0
74 pid=FFFC5023 entry texsub-ms=0/0 teximage-ms=0/0 bind-ms=0/0 param-ms=0/0 env-ms=0/0 other-ms=1/2 tex-flush-ms=0/0 select-ms=0/0 mtexcoord-ms=0/0 enable-ms=2/3
75 pid=FFFC5023 paths batches/triangles untextured=1/6 hw=0/0 cpu=0/0 cpu-nonsquare=0/0 hw-refused=0/0 two-units=0/0
76 pid=FFFC5023 counters hwtex live=0 creates=0 create-failed=0 evictions=0 uploads=0 partial=0 upload-kb=0 squared=0 alpha-dropped=0 stubs=1 failed r4=0 r7=0 r8=0 other=0
77 pid=FFFC5023 state tex=1 size=00080008 tex=01010101 blend=00020100 depth=00020101 colour=FFFF0000 mask=7 scissor=0,0,400,300 fog=0 tex1=0/00000000 env1=000000
78 pid=FFFC5023 state tex=0 size=00000000 tex=00000000 blend=00020100 depth=00020100 colour=FFFFFF00 mask=7 scissor=0,0,400,300 fog=0 tex1=0/00000000 env1=000000
79 pid=FFFC5023 state tex=2 size=00400040 tex=01010101 blend=00020100 depth=00020102 colour=FF00FFFF mask=7 scissor=0,0,400,300 fog=0 tex1=0/00000000 env1=000000
80 pid=FFFC5023 state tex=3 size=01000100 tex=01010101 blend=00020100 depth=00020101 colour=FFFF8000 mask=7 scissor=0,0,400,300 fog=0 tex1=0/00000000 env1=000000
81 pid=FFFC5023 state tex=3 size=01000100 tex=01010200 blend=00020100 depth=00020101 colour=FFFFFFFF mask=7 scissor=0,0,400,300 fog=0 tex1=0/00000000 env1=000000
82 pid=FFFC5023 state tex=4 size=00400040 tex=01010101 blend=00020100 depth=00020101 colour=FFFF8000 mask=7 scissor=0,0,400,300 fog=0 tex1=0/00000000 env1=000000
83 pid=FFFC5023 state tex=5 size=00400040 tex=01010200 blend=01050600 depth=00020101 colour=54FFFFFF mask=7 scissor=0,0,400,300 fog=0 tex1=0/00000000 env1=000000
84 pid=FFFC5023 state tex=5 size=00400040 tex=01010101 blend=01010300 depth=00020101 colour=FFFFFFFF mask=7 scissor=0,0,400,300 fog=0 tex1=0/00000000 env1=000000
85 pid=FFFC5023 state tex=5 size=00400040 tex=01010200 blend=01010300 depth=00020101 colour=FFFFFFFF mask=7 scissor=0,0,400,300 fog=0 tex1=0/00000000 env1=000000
86 pid=FFFC5023 state tex=6 size=00400040 tex=01010101 blend=00020100 depth=01040101 colour=FFFFFFFF mask=7 scissor=0,0,400,300 fog=0 tex1=0/00000000 env1=000000
87 pid=FFFC5023 state tex=6 size=00400040 tex=01040101 blend=00020100 depth=01040101 colour=FFFF8000 mask=7 scissor=0,0,400,300 fog=0 tex1=0/00000000 env1=000000
88 pid=FFFC5023 state tex=6 size=00400040 tex=01040201 blend=00020100 depth=01040101 colour=FFFFFFFF mask=7 scissor=0,0,400,300 fog=0 tex1=0/00000000 env1=000000
89 pid=FFFC5023 state tex=6 size=00400040 tex=01010200 blend=00020100 depth=01040101 colour=FFFF8000 mask=7 scissor=0,0,400,300 fog=0 tex1=0/00000000 env1=000000
90 pid=FFFC5023 state tex=7 size=00400010 tex=01010101 blend=00020100 depth=00020101 colour=FFFFFFFF mask=7 scissor=0,0,400,300 fog=0 tex1=0/00000000 env1=000000
91 pid=FFFC5023 state tex=7 size=00400010 tex=01010101 blend=00020100 depth=00020102 colour=FFFFFFFF mask=7 scissor=0,0,400,300 fog=0 tex1=0/00000000 env1=000000
92 pid=FFFC5023 state tex=8 size=00010001 tex=01010200 blend=00020100 depth=00020101 colour=FFFFFFFF mask=7 scissor=0,0,400,300 fog=0 tex1=0/00000000 env1=000000
93 pid=FFFC5023 state tex=9 size=00020002 tex=01010200 blend=00020100 depth=00020101 colour=FFFFFFFF mask=7 scissor=0,0,400,300 fog=0 tex1=0/00000000 env1=000000
94 pid=FFFC5023 state tex=10 size=00040004 tex=01010200 blend=00020100 depth=00020101 colour=FFFFFFFF mask=7 scissor=0,0,400,300 fog=0 tex1=0/00000000 env1=000000
95 pid=FFFC5023 state tex=11 size=00040001 tex=01010200 blend=00020100 depth=00020101 colour=FFFFFFFF mask=7 scissor=0,0,400,300 fog=0 tex1=0/00000000 env1=000000
96 pid=FFFC5023 state tex=12 size=00010004 tex=01010200 blend=00020100 depth=00020101 colour=FFFFFFFF mask=7 scissor=0,0,400,300 fog=0 tex1=0/00000000 env1=000000
97 pid=FFFC5023 DrvReleaseContext context=1 -> 1
98 pid=FFFC5023 DrvDescribePixelFormat index=1 bytes=0 -> count=1
99 pid=FFFC5023 DrvDescribePixelFormat index=1 bytes=40 -> count=1
100 pid=FFFC5023 DrvCreateLayerContext hdc=0000077A layer=0 -> 2
101 pid=FFFC5023 DrvSetContext hdc=0000077A context=2 -> 1
102 pid=FFFC5023 state tex=1 size=00400040 tex=01010200 blend=00020100 depth=00020103 colour=FFFFFFFF mask=7 scissor=0,0,400,300 fog=0 tex1=0/00000000 env1=000000
103 pid=FFFC5023 refused tex=1 size=00400040 tex=02010200 blend=00020100 depth=00020103 colour=FFFFFFFF mask=7 scissor=0,0,400,300 fog=0 tex1=0/00000000 env1=000000
104 pid=FFFC5023 draw result=4 triangles=1 submitted=0
105 pid=FFFC5023   v0 sx=00000000 sy=43960000 sz=3F000000 rhw=3F800000 tu=00000000 tv=00000000
106 pid=FFFC5023   v1 sx=43C80000 sy=43960000 sz=3F000000 rhw=3F800000 tu=3F800000 tv=00000000
107 pid=FFFC5023   v2 sx=00000000 sy=00000000 sz=3F000000 rhw=3F800000 tu=00000000 tv=3F800000
108 pid=FFFC5023 DrvReleaseContext context=2 -> 1
109 pid=FFFC5023 paths batches/triangles untextured=4/16 hw=25/60 cpu=0/0 cpu-nonsquare=0/0 hw-refused=1/1 two-units=0/0
110 pid=FFFC5023 counters hwtex live=0 creates=17 create-failed=0 evictions=0 uploads=20 partial=2 upload-kb=202 squared=3 alpha-dropped=0 stubs=1 failed r4=1 r7=0 r8=0 other=0
111 pid=FFFC5023 DrvDeleteContext context=2 -> 1
112 pid=FFFC5023 DrvDescribePixelFormat index=1 bytes=0 -> count=1
113 pid=FFFC5023 DrvDescribePixelFormat index=1 bytes=40 -> count=1
114 pid=FFFC5023 DrvCreateLayerContext hdc=0000077A layer=0 -> 2
115 pid=FFFC5023 DrvSetContext hdc=0000077A context=2 -> 1
116 pid=FFFC5023 draw result=4 triangles=1 submitted=0
117 pid=FFFC5023   v0 sx=00000000 sy=43960000 sz=3F000000 rhw=3F800000 tu=00000000 tv=00000000
118 pid=FFFC5023   v1 sx=43C80000 sy=43960000 sz=3F000000 rhw=3F800000 tu=3F800000 tv=00000000
119 pid=FFFC5023   v2 sx=00000000 sy=00000000 sz=3F000000 rhw=3F800000 tu=00000000 tv=3F800000
120 pid=FFFC5023 DrvReleaseContext context=2 -> 1
121 pid=FFFC5023 paths batches/triangles untextured=4/16 hw=25/60 cpu=0/0 cpu-nonsquare=0/0 hw-refused=2/2 two-units=0/0
122 pid=FFFC5023 counters hwtex live=0 creates=18 create-failed=0 evictions=0 uploads=21 partial=2 upload-kb=212 squared=3 alpha-dropped=0 stubs=1 failed r4=2 r7=0 r8=0 other=0
123 pid=FFFC5023 DrvDeleteContext context=2 -> 1
124 pid=FFFC5023 DrvDescribePixelFormat index=1 bytes=0 -> count=1
125 pid=FFFC5023 DrvDescribePixelFormat index=1 bytes=40 -> count=1
126 pid=FFFC5023 DrvCreateLayerContext hdc=0000077A layer=0 -> 2
127 pid=FFFC5023 DrvSetContext hdc=0000077A context=2 -> 1
128 pid=FFFC5023 draw result=4 triangles=1 submitted=0
129 pid=FFFC5023   v0 sx=00000000 sy=43960000 sz=3F000000 rhw=3F800000 tu=00000000 tv=00000000
130 pid=FFFC5023   v1 sx=43C80000 sy=43960000 sz=3F000000 rhw=3F800000 tu=3F800000 tv=00000000
131 pid=FFFC5023   v2 sx=00000000 sy=00000000 sz=3F000000 rhw=3F800000 tu=00000000 tv=3F800000
132 pid=FFFC5023 DrvReleaseContext context=2 -> 1
133 pid=FFFC5023 paths batches/triangles untextured=4/16 hw=25/60 cpu=0/0 cpu-nonsquare=0/0 hw-refused=3/3 two-units=0/0
134 pid=FFFC5023 counters hwtex live=0 creates=19 create-failed=0 evictions=0 uploads=22 partial=2 upload-kb=222 squared=3 alpha-dropped=0 stubs=1 failed r4=3 r7=0 r8=0 other=0
135 pid=FFFC5023 DrvDeleteContext context=2 -> 1
136 pid=FFFC5023 DrvDescribePixelFormat index=1 bytes=0 -> count=1
137 pid=FFFC5023 DrvDescribePixelFormat index=1 bytes=40 -> count=1
138 pid=FFFC5023 DrvCreateLayerContext hdc=0000077A layer=0 -> 2
139 pid=FFFC5023 DrvSetContext hdc=0000077A context=2 -> 1
140 pid=FFFC5023 draw result=4 triangles=1 submitted=0
141 pid=FFFC5023   v0 sx=00000000 sy=43960000 sz=3F000000 rhw=3F800000 tu=00000000 tv=00000000
142 pid=FFFC5023   v1 sx=43C80000 sy=43960000 sz=3F000000 rhw=3F800000 tu=3F800000 tv=00000000
143 pid=FFFC5023   v2 sx=00000000 sy=00000000 sz=3F000000 rhw=3F800000 tu=00000000 tv=3F800000
144 pid=FFFC5023 DrvReleaseContext context=2 -> 1
145 pid=FFFC5023 paths batches/triangles untextured=4/16 hw=25/60 cpu=0/0 cpu-nonsquare=0/0 hw-refused=4/4 two-units=0/0
146 pid=FFFC5023 counters hwtex live=0 creates=20 create-failed=0 evictions=0 uploads=23 partial=2 upload-kb=232 squared=3 alpha-dropped=0 stubs=1 failed r4=4 r7=0 r8=0 other=0
147 pid=FFFC5023 DrvDeleteContext context=2 -> 1
148 pid=FFFC5023 DrvDescribePixelFormat index=1 bytes=0 -> count=1
149 pid=FFFC5023 DrvDescribePixelFormat index=1 bytes=40 -> count=1
150 pid=FFFC5023 DrvCreateLayerContext hdc=0000077A layer=0 -> 2
151 pid=FFFC5023 DrvSetContext hdc=0000077A context=2 -> 1
152 pid=FFFC5023 draw result=4 triangles=1 submitted=0
153 pid=FFFC5023   v0 sx=00000000 sy=43960000 sz=3F000000 rhw=3F800000 tu=00000000 tv=00000000
154 pid=FFFC5023   v1 sx=43C80000 sy=43960000 sz=3F000000 rhw=3F800000 tu=3F800000 tv=00000000
155 pid=FFFC5023   v2 sx=00000000 sy=00000000 sz=3F000000 rhw=3F800000 tu=00000000 tv=3F800000
156 pid=FFFC5023 DrvReleaseContext context=2 -> 1
157 pid=FFFC5023 paths batches/triangles untextured=4/16 hw=25/60 cpu=0/0 cpu-nonsquare=0/0 hw-refused=5/5 two-units=0/0
158 pid=FFFC5023 counters hwtex live=0 creates=21 create-failed=0 evictions=0 uploads=24 partial=2 upload-kb=242 squared=3 alpha-dropped=0 stubs=1 failed r4=5 r7=0 r8=0 other=0
159 pid=FFFC5023 DrvDeleteContext context=2 -> 1
160 pid=FFFC5023 DrvDescribePixelFormat index=1 bytes=0 -> count=1
161 pid=FFFC5023 DrvDescribePixelFormat index=1 bytes=40 -> count=1
162 pid=FFFC5023 DrvCreateLayerContext hdc=0000077A layer=0 -> 2
163 pid=FFFC5023 DrvSetContext hdc=0000077A context=2 -> 1
164 pid=FFFC5023 draw result=4 triangles=1 submitted=0
165 pid=FFFC5023   v0 sx=00000000 sy=43960000 sz=3F000000 rhw=3F800000 tu=00000000 tv=00000000
166 pid=FFFC5023   v1 sx=43C80000 sy=43960000 sz=3F000000 rhw=3F800000 tu=3F800000 tv=00000000
167 pid=FFFC5023   v2 sx=00000000 sy=00000000 sz=3F000000 rhw=3F800000 tu=00000000 tv=3F800000
168 pid=FFFC5023 DrvReleaseContext context=2 -> 1
169 pid=FFFC5023 paths batches/triangles untextured=4/16 hw=25/60 cpu=0/0 cpu-nonsquare=0/0 hw-refused=6/6 two-units=0/0
170 pid=FFFC5023 counters hwtex live=0 creates=22 create-failed=0 evictions=0 uploads=25 partial=2 upload-kb=252 squared=3 alpha-dropped=0 stubs=1 failed r4=6 r7=0 r8=0 other=0
171 pid=FFFC5023 DrvDeleteContext context=2 -> 1
172 pid=FFFC5023 DrvDescribePixelFormat index=1 bytes=0 -> count=1
173 pid=FFFC5023 DrvDescribePixelFormat index=1 bytes=40 -> count=1
174 pid=FFFC5023 DrvCreateLayerContext hdc=0000077A layer=0 -> 2
175 pid=FFFC5023 DrvSetContext hdc=0000077A context=2 -> 1
176 pid=FFFC5023 DrvReleaseContext context=2 -> 1
177 pid=FFFC5023 paths batches/triangles untextured=4/16 hw=25/60 cpu=0/0 cpu-nonsquare=0/0 hw-refused=7/7 two-units=0/0
178 pid=FFFC5023 counters hwtex live=0 creates=23 create-failed=0 evictions=0 uploads=26 partial=2 upload-kb=262 squared=3 alpha-dropped=0 stubs=1 failed r4=7 r7=0 r8=0 other=0
179 pid=FFFC5023 DrvDeleteContext context=2 -> 1
180 pid=FFFC5023 DrvDescribePixelFormat index=1 bytes=0 -> count=1
181 pid=FFFC5023 DrvDescribePixelFormat index=1 bytes=40 -> count=1
182 pid=FFFC5023 DrvCreateLayerContext hdc=0000077A layer=0 -> 2
183 pid=FFFC5023 DrvSetContext hdc=0000077A context=2 -> 1
184 pid=FFFC5023 DrvReleaseContext context=2 -> 1
185 pid=FFFC5023 paths batches/triangles untextured=4/16 hw=25/60 cpu=0/0 cpu-nonsquare=0/0 hw-refused=8/8 two-units=0/0
186 pid=FFFC5023 counters hwtex live=0 creates=24 create-failed=0 evictions=0 uploads=27 partial=2 upload-kb=272 squared=3 alpha-dropped=0 stubs=1 failed r4=8 r7=0 r8=0 other=0
187 pid=FFFC5023 DrvDeleteContext context=2 -> 1
188 pid=FFFC5023 DrvDescribePixelFormat index=1 bytes=0 -> count=1
189 pid=FFFC5023 DrvDescribePixelFormat index=1 bytes=40 -> count=1
190 pid=FFFC5023 DrvCreateLayerContext hdc=0000077A layer=0 -> 2
191 pid=FFFC5023 DrvSetContext hdc=0000077A context=2 -> 1
192 pid=FFFC5023 DrvReleaseContext context=2 -> 1
193 pid=FFFC5023 paths batches/triangles untextured=4/16 hw=25/60 cpu=0/0 cpu-nonsquare=0/0 hw-refused=9/9 two-units=0/0
194 pid=FFFC5023 counters hwtex live=0 creates=25 create-failed=0 evictions=0 uploads=28 partial=2 upload-kb=282 squared=3 alpha-dropped=0 stubs=1 failed r4=9 r7=0 r8=0 other=0
195 pid=FFFC5023 DrvDeleteContext context=2 -> 1
196 pid=FFFC5023 DrvDescribePixelFormat index=1 bytes=0 -> count=1
197 pid=FFFC5023 DrvDescribePixelFormat index=1 bytes=40 -> count=1
198 pid=FFFC5023 DrvCreateLayerContext hdc=0000077A layer=0 -> 2
199 pid=FFFC5023 DrvSetContext hdc=0000077A context=2 -> 1
200 pid=FFFC5023 DrvReleaseContext context=2 -> 1
201 pid=FFFC5023 paths batches/triangles untextured=4/16 hw=25/60 cpu=0/0 cpu-nonsquare=0/0 hw-refused=10/10 two-units=0/0
202 pid=FFFC5023 counters hwtex live=0 creates=26 create-failed=0 evictions=0 uploads=29 partial=2 upload-kb=292 squared=3 alpha-dropped=0 stubs=1 failed r4=10 r7=0 r8=0 other=0
203 pid=FFFC5023 DrvDeleteContext context=2 -> 1
204 pid=FFFC5023 DrvDescribePixelFormat index=1 bytes=0 -> count=1
205 pid=FFFC5023 DrvDescribePixelFormat index=1 bytes=40 -> count=1
206 pid=FFFC5023 DrvCreateLayerContext hdc=0000077A layer=0 -> 2
207 pid=FFFC5023 DrvSetContext hdc=0000077A context=2 -> 1
208 pid=FFFC5023 DrvReleaseContext context=2 -> 1
209 pid=FFFC5023 paths batches/triangles untextured=4/16 hw=25/60 cpu=0/0 cpu-nonsquare=0/0 hw-refused=11/11 two-units=0/0
210 pid=FFFC5023 counters hwtex live=0 creates=27 create-failed=0 evictions=0 uploads=30 partial=2 upload-kb=302 squared=3 alpha-dropped=0 stubs=1 failed r4=11 r7=0 r8=0 other=0
211 pid=FFFC5023 DrvDeleteContext context=2 -> 1
212 pid=FFFC5023 DrvDescribePixelFormat index=1 bytes=0 -> count=1
213 pid=FFFC5023 DrvDescribePixelFormat index=1 bytes=40 -> count=1
214 pid=FFFC5023 DrvCreateLayerContext hdc=0000077A layer=0 -> 2
215 pid=FFFC5023 DrvSetContext hdc=0000077A context=2 -> 1
216 pid=FFFC5023 DrvReleaseContext context=2 -> 1
217 pid=FFFC5023 paths batches/triangles untextured=4/16 hw=25/60 cpu=0/0 cpu-nonsquare=0/0 hw-refused=12/12 two-units=0/0
218 pid=FFFC5023 counters hwtex live=0 creates=28 create-failed=0 evictions=0 uploads=31 partial=2 upload-kb=312 squared=3 alpha-dropped=0 stubs=1 failed r4=12 r7=0 r8=0 other=0
219 pid=FFFC5023 DrvDeleteContext context=2 -> 1
220 pid=FFFC5023 DrvDescribePixelFormat index=1 bytes=0 -> count=1
221 pid=FFFC5023 DrvDescribePixelFormat index=1 bytes=40 -> count=1
222 pid=FFFC5023 DrvCreateLayerContext hdc=0000077A layer=0 -> 2
223 pid=FFFC5023 DrvSetContext hdc=0000077A context=2 -> 1
224 pid=FFFC5023 DrvReleaseContext context=2 -> 1
225 pid=FFFC5023 paths batches/triangles untextured=4/16 hw=25/60 cpu=0/0 cpu-nonsquare=0/0 hw-refused=13/13 two-units=0/0
226 pid=FFFC5023 counters hwtex live=0 creates=29 create-failed=0 evictions=0 uploads=32 partial=2 upload-kb=322 squared=3 alpha-dropped=0 stubs=1 failed r4=13 r7=0 r8=0 other=0
227 pid=FFFC5023 DrvDeleteContext context=2 -> 1
228 pid=FFFC5023 DrvDescribePixelFormat index=1 bytes=0 -> count=1
229 pid=FFFC5023 DrvDescribePixelFormat index=1 bytes=40 -> count=1
230 pid=FFFC5023 DrvCreateLayerContext hdc=0000077A layer=0 -> 2
231 pid=FFFC5023 DrvSetContext hdc=0000077A context=2 -> 1
232 pid=FFFC5023 DrvReleaseContext context=2 -> 1
233 pid=FFFC5023 paths batches/triangles untextured=4/16 hw=25/60 cpu=0/0 cpu-nonsquare=0/0 hw-refused=14/14 two-units=0/0
234 pid=FFFC5023 counters hwtex live=0 creates=30 create-failed=0 evictions=0 uploads=33 partial=2 upload-kb=332 squared=3 alpha-dropped=0 stubs=1 failed r4=14 r7=0 r8=0 other=0
235 pid=FFFC5023 DrvDeleteContext context=2 -> 1
236 pid=FFFC5023 DrvDescribePixelFormat index=1 bytes=0 -> count=1
237 pid=FFFC5023 DrvDescribePixelFormat index=1 bytes=40 -> count=1
238 pid=FFFC5023 DrvCreateLayerContext hdc=0000077A layer=0 -> 2
239 pid=FFFC5023 DrvSetContext hdc=0000077A context=2 -> 1
240 pid=FFFC5023 DrvReleaseContext context=2 -> 1
241 pid=FFFC5023 paths batches/triangles untextured=4/16 hw=25/60 cpu=0/0 cpu-nonsquare=0/0 hw-refused=15/15 two-units=0/0
242 pid=FFFC5023 counters hwtex live=0 creates=31 create-failed=0 evictions=0 uploads=34 partial=2 upload-kb=342 squared=3 alpha-dropped=0 stubs=1 failed r4=15 r7=0 r8=0 other=0
243 pid=FFFC5023 DrvDeleteContext context=2 -> 1
244 pid=FFFC5023 DrvDescribePixelFormat index=1 bytes=0 -> count=1
245 pid=FFFC5023 DrvDescribePixelFormat index=1 bytes=40 -> count=1
246 pid=FFFC5023 DrvCreateLayerContext hdc=0000077A layer=0 -> 2
247 pid=FFFC5023 DrvSetContext hdc=0000077A context=2 -> 1
248 pid=FFFC5023 DrvReleaseContext context=2 -> 1
249 pid=FFFC5023 paths batches/triangles untextured=4/16 hw=25/60 cpu=0/0 cpu-nonsquare=0/0 hw-refused=16/16 two-units=0/0
250 pid=FFFC5023 counters hwtex live=0 creates=32 create-failed=0 evictions=0 uploads=35 partial=2 upload-kb=352 squared=3 alpha-dropped=0 stubs=1 failed r4=16 r7=0 r8=0 other=0
251 pid=FFFC5023 DrvDeleteContext context=2 -> 1
252 pid=FFFC5023 DrvDescribePixelFormat index=1 bytes=0 -> count=1
253 pid=FFFC5023 DrvDescribePixelFormat index=1 bytes=40 -> count=1
254 pid=FFFC5023 DrvCreateLayerContext hdc=0000077A layer=0 -> 2
255 pid=FFFC5023 DrvSetContext hdc=0000077A context=2 -> 1
256 pid=FFFC5023 DrvReleaseContext context=2 -> 1
257 pid=FFFC5023 paths batches/triangles untextured=4/16 hw=25/60 cpu=0/0 cpu-nonsquare=0/0 hw-refused=17/17 two-units=0/0
258 pid=FFFC5023 counters hwtex live=0 creates=33 create-failed=0 evictions=0 uploads=36 partial=2 upload-kb=362 squared=3 alpha-dropped=0 stubs=1 failed r4=17 r7=0 r8=0 other=0
259 pid=FFFC5023 DrvDeleteContext context=2 -> 1
260 pid=FFFC5023 DrvDescribePixelFormat index=1 bytes=0 -> count=1
261 pid=FFFC5023 DrvDescribePixelFormat index=1 bytes=40 -> count=1
262 pid=FFFC5023 DrvCreateLayerContext hdc=0000077A layer=0 -> 2
263 pid=FFFC5023 DrvSetContext hdc=0000077A context=2 -> 1
264 pid=FFFC5023 DrvReleaseContext context=2 -> 1
265 pid=FFFC5023 paths batches/triangles untextured=4/16 hw=25/60 cpu=0/0 cpu-nonsquare=0/0 hw-refused=18/18 two-units=0/0
266 pid=FFFC5023 counters hwtex live=0 creates=34 create-failed=0 evictions=0 uploads=37 partial=2 upload-kb=372 squared=3 alpha-dropped=0 stubs=1 failed r4=18 r7=0 r8=0 other=0
267 pid=FFFC5023 DrvDeleteContext context=2 -> 1
268 pid=FFFC5023 DrvDescribePixelFormat index=1 bytes=0 -> count=1
269 pid=FFFC5023 DrvDescribePixelFormat index=1 bytes=40 -> count=1
270 pid=FFFC5023 DrvCreateLayerContext hdc=0000077A layer=0 -> 2
271 pid=FFFC5023 DrvSetContext hdc=0000077A context=2 -> 1
272 pid=FFFC5023 DrvReleaseContext context=2 -> 1
273 pid=FFFC5023 paths batches/triangles untextured=4/16 hw=25/60 cpu=0/0 cpu-nonsquare=0/0 hw-refused=19/19 two-units=0/0
274 pid=FFFC5023 counters hwtex live=0 creates=35 create-failed=0 evictions=0 uploads=38 partial=2 upload-kb=382 squared=3 alpha-dropped=0 stubs=1 failed r4=19 r7=0 r8=0 other=0
275 pid=FFFC5023 DrvDeleteContext context=2 -> 1
276 pid=FFFC5023 DrvDescribePixelFormat index=1 bytes=0 -> count=1
277 pid=FFFC5023 DrvDescribePixelFormat index=1 bytes=40 -> count=1
278 pid=FFFC5023 DrvCreateLayerContext hdc=0000077A layer=0 -> 2
279 pid=FFFC5023 DrvSetContext hdc=0000077A context=2 -> 1
280 pid=FFFC5023 DrvReleaseContext context=2 -> 1
281 pid=FFFC5023 paths batches/triangles untextured=4/16 hw=25/60 cpu=0/0 cpu-nonsquare=0/0 hw-refused=20/20 two-units=0/0
282 pid=FFFC5023 counters hwtex live=0 creates=36 create-failed=0 evictions=0 uploads=39 partial=2 upload-kb=392 squared=3 alpha-dropped=0 stubs=1 failed r4=20 r7=0 r8=0 other=0
283 pid=FFFC5023 DrvDeleteContext context=2 -> 1
284 pid=FFFC5023 DrvDescribePixelFormat index=1 bytes=0 -> count=1
285 pid=FFFC5023 DrvDescribePixelFormat index=1 bytes=40 -> count=1
286 pid=FFFC5023 DrvCreateLayerContext hdc=0000077A layer=0 -> 2
287 pid=FFFC5023 DrvSetContext hdc=0000077A context=2 -> 1
288 pid=FFFC5023 DrvReleaseContext context=2 -> 1
289 pid=FFFC5023 paths batches/triangles untextured=4/16 hw=25/60 cpu=0/0 cpu-nonsquare=0/0 hw-refused=21/21 two-units=0/0
290 pid=FFFC5023 counters hwtex live=0 creates=37 create-failed=0 evictions=0 uploads=40 partial=2 upload-kb=402 squared=3 alpha-dropped=0 stubs=1 failed r4=21 r7=0 r8=0 other=0
291 pid=FFFC5023 DrvDeleteContext context=2 -> 1
292 pid=FFFC5023 DrvDescribePixelFormat index=1 bytes=0 -> count=1
293 pid=FFFC5023 DrvDescribePixelFormat index=1 bytes=40 -> count=1
294 pid=FFFC5023 DrvCreateLayerContext hdc=0000077A layer=0 -> 2
295 pid=FFFC5023 DrvSetContext hdc=0000077A context=2 -> 1
296 pid=FFFC5023 DrvReleaseContext context=2 -> 1
297 pid=FFFC5023 paths batches/triangles untextured=4/16 hw=25/60 cpu=0/0 cpu-nonsquare=0/0 hw-refused=22/22 two-units=0/0
298 pid=FFFC5023 counters hwtex live=0 creates=38 create-failed=0 evictions=0 uploads=41 partial=2 upload-kb=412 squared=3 alpha-dropped=0 stubs=1 failed r4=22 r7=0 r8=0 other=0
299 pid=FFFC5023 DrvDeleteContext context=2 -> 1
300 pid=FFFC5023 DrvDescribePixelFormat index=1 bytes=0 -> count=1
301 pid=FFFC5023 DrvDescribePixelFormat index=1 bytes=40 -> count=1
302 pid=FFFC5023 DrvCreateLayerContext hdc=0000077A layer=0 -> 2
303 pid=FFFC5023 DrvSetContext hdc=0000077A context=2 -> 1
304 pid=FFFC5023 DrvReleaseContext context=2 -> 1
305 pid=FFFC5023 paths batches/triangles untextured=4/16 hw=25/60 cpu=0/0 cpu-nonsquare=0/0 hw-refused=23/23 two-units=0/0
306 pid=FFFC5023 counters hwtex live=0 creates=39 create-failed=0 evictions=0 uploads=42 partial=2 upload-kb=422 squared=3 alpha-dropped=0 stubs=1 failed r4=23 r7=0 r8=0 other=0
307 pid=FFFC5023 DrvDeleteContext context=2 -> 1
308 pid=FFFC5023 DrvDescribePixelFormat index=1 bytes=0 -> count=1
309 pid=FFFC5023 DrvDescribePixelFormat index=1 bytes=40 -> count=1
310 pid=FFFC5023 DrvCreateLayerContext hdc=0000077A layer=0 -> 2
311 pid=FFFC5023 DrvSetContext hdc=0000077A context=2 -> 1
312 pid=FFFC5023 DrvReleaseContext context=2 -> 1
313 pid=FFFC5023 paths batches/triangles untextured=4/16 hw=25/60 cpu=0/0 cpu-nonsquare=0/0 hw-refused=24/24 two-units=0/0
314 pid=FFFC5023 counters hwtex live=0 creates=40 create-failed=0 evictions=0 uploads=43 partial=2 upload-kb=432 squared=3 alpha-dropped=0 stubs=1 failed r4=24 r7=0 r8=0 other=0
315 pid=FFFC5023 DrvDeleteContext context=2 -> 1
316 pid=FFFC5023 DrvDescribePixelFormat index=1 bytes=0 -> count=1
317 pid=FFFC5023 DrvDescribePixelFormat index=1 bytes=40 -> count=1
318 pid=FFFC5023 DrvCreateLayerContext hdc=0000077A layer=0 -> 2
319 pid=FFFC5023 DrvSetContext hdc=0000077A context=2 -> 1
320 pid=FFFC5023 DrvReleaseContext context=2 -> 1
321 pid=FFFC5023 paths batches/triangles untextured=4/16 hw=25/60 cpu=0/0 cpu-nonsquare=0/0 hw-refused=25/25 two-units=0/0
322 pid=FFFC5023 counters hwtex live=0 creates=41 create-failed=0 evictions=0 uploads=44 partial=2 upload-kb=442 squared=3 alpha-dropped=0 stubs=1 failed r4=25 r7=0 r8=0 other=0
323 pid=FFFC5023 DrvDeleteContext context=2 -> 1
324 pid=FFFC5023 DrvDescribePixelFormat index=1 bytes=0 -> count=1
325 pid=FFFC5023 DrvDescribePixelFormat index=1 bytes=40 -> count=1
326 pid=FFFC5023 DrvCreateLayerContext hdc=0000077A layer=0 -> 2
327 pid=FFFC5023 drawable window=0000015C 360x280
328 pid=FFFC5023 DrvSetContext hdc=0000077A context=2 -> 1
329 pid=FFFC5023 DrvReleaseContext context=2 -> 1
330 pid=FFFC5023 paths batches/triangles untextured=4/16 hw=25/60 cpu=0/0 cpu-nonsquare=0/0 hw-refused=26/26 two-units=0/0
331 pid=FFFC5023 counters hwtex live=0 creates=42 create-failed=0 evictions=0 uploads=45 partial=2 upload-kb=452 squared=3 alpha-dropped=0 stubs=1 failed r4=26 r7=0 r8=0 other=0
332 pid=FFFC5023 DrvDeleteContext context=2 -> 1
333 pid=FFFC5023 DrvDescribePixelFormat index=1 bytes=0 -> count=1
334 pid=FFFC5023 DrvDescribePixelFormat index=1 bytes=40 -> count=1
335 pid=FFFC5023 DrvCreateLayerContext hdc=0000077A layer=0 -> 2
336 pid=FFFC5023 DrvSetContext hdc=0000077A context=2 -> 1
337 pid=FFFC5023 DrvReleaseContext context=2 -> 1
338 pid=FFFC5023 paths batches/triangles untextured=4/16 hw=25/60 cpu=0/0 cpu-nonsquare=0/0 hw-refused=27/27 two-units=0/0
339 pid=FFFC5023 counters hwtex live=0 creates=43 create-failed=0 evictions=0 uploads=46 partial=2 upload-kb=462 squared=3 alpha-dropped=0 stubs=1 failed r4=27 r7=0 r8=0 other=0
340 pid=FFFC5023 DrvDeleteContext context=2 -> 1
341 pid=FFFC5023 DrvDescribePixelFormat index=1 bytes=0 -> count=1
342 pid=FFFC5023 DrvDescribePixelFormat index=1 bytes=40 -> count=1
343 pid=FFFC5023 DrvCreateLayerContext hdc=0000077A layer=0 -> 2
344 pid=FFFC5023 DrvSetContext hdc=0000077A context=2 -> 1
345 pid=FFFC5023 DrvReleaseContext context=2 -> 1
346 pid=FFFC5023 paths batches/triangles untextured=4/16 hw=25/60 cpu=0/0 cpu-nonsquare=0/0 hw-refused=28/28 two-units=0/0
347 pid=FFFC5023 counters hwtex live=0 creates=44 create-failed=0 evictions=0 uploads=47 partial=2 upload-kb=472 squared=3 alpha-dropped=0 stubs=1 failed r4=28 r7=0 r8=0 other=0
348 pid=FFFC5023 DrvDeleteContext context=2 -> 1
349 pid=FFFC5023 DrvDescribePixelFormat index=1 bytes=0 -> count=1
350 pid=FFFC5023 DrvDescribePixelFormat index=1 bytes=40 -> count=1
351 pid=FFFC5023 DrvCreateLayerContext hdc=0000077A layer=0 -> 2
352 pid=FFFC5023 DrvSetContext hdc=0000077A context=2 -> 1
353 pid=FFFC5023 DrvReleaseContext context=2 -> 1
354 pid=FFFC5023 paths batches/triangles untextured=4/16 hw=25/60 cpu=0/0 cpu-nonsquare=0/0 hw-refused=29/29 two-units=0/0
355 pid=FFFC5023 counters hwtex live=0 creates=45 create-failed=0 evictions=0 uploads=48 partial=2 upload-kb=482 squared=3 alpha-dropped=0 stubs=1 failed r4=29 r7=0 r8=0 other=0
356 pid=FFFC5023 DrvDeleteContext context=2 -> 1
357 pid=FFFC5023 DrvDescribePixelFormat index=1 bytes=0 -> count=1
358 pid=FFFC5023 DrvDescribePixelFormat index=1 bytes=40 -> count=1
359 pid=FFFC5023 DrvCreateLayerContext hdc=0000077A layer=0 -> 2
360 pid=FFFC5023 DrvSetContext hdc=0000077A context=2 -> 1
361 pid=FFFC5023 DrvReleaseContext context=2 -> 1
362 pid=FFFC5023 paths batches/triangles untextured=4/16 hw=25/60 cpu=0/0 cpu-nonsquare=0/0 hw-refused=30/30 two-units=0/0
363 pid=FFFC5023 counters hwtex live=0 creates=46 create-failed=0 evictions=0 uploads=49 partial=2 upload-kb=492 squared=3 alpha-dropped=0 stubs=1 failed r4=30 r7=0 r8=0 other=0
364 pid=FFFC5023 DrvDeleteContext context=2 -> 1
365 pid=FFFC5023 DrvDescribePixelFormat index=1 bytes=0 -> count=1
366 pid=FFFC5023 DrvDescribePixelFormat index=1 bytes=40 -> count=1
367 pid=FFFC5023 DrvCreateLayerContext hdc=0000077A layer=0 -> 2
368 pid=FFFC5023 DrvSetContext hdc=0000077A context=2 -> 1
369 pid=FFFC5023 DrvReleaseContext context=2 -> 1
370 pid=FFFC5023 paths batches/triangles untextured=4/16 hw=25/60 cpu=0/0 cpu-nonsquare=0/0 hw-refused=31/31 two-units=0/0
371 pid=FFFC5023 counters hwtex live=0 creates=47 create-failed=0 evictions=0 uploads=50 partial=2 upload-kb=502 squared=3 alpha-dropped=0 stubs=1 failed r4=31 r7=0 r8=0 other=0
372 pid=FFFC5023 DrvDeleteContext context=2 -> 1
373 pid=FFFC5023 DrvDescribePixelFormat index=1 bytes=0 -> count=1
374 pid=FFFC5023 DrvDescribePixelFormat index=1 bytes=40 -> count=1
375 pid=FFFC5023 DrvCreateLayerContext hdc=0000077A layer=0 -> 2
376 pid=FFFC5023 DrvSetContext hdc=0000077A context=2 -> 1
377 pid=FFFC5023 DrvReleaseContext context=2 -> 1
378 pid=FFFC5023 paths batches/triangles untextured=4/16 hw=25/60 cpu=0/0 cpu-nonsquare=0/0 hw-refused=32/32 two-units=0/0
379 pid=FFFC5023 counters hwtex live=0 creates=48 create-failed=0 evictions=0 uploads=51 partial=2 upload-kb=512 squared=3 alpha-dropped=0 stubs=1 failed r4=32 r7=0 r8=0 other=0
380 pid=FFFC5023 DrvDeleteContext context=2 -> 1
381 pid=FFFC5023 DrvDescribePixelFormat index=1 bytes=0 -> count=1
382 pid=FFFC5023 DrvDescribePixelFormat index=1 bytes=40 -> count=1
383 pid=FFFC5023 DrvCreateLayerContext hdc=0000077A layer=0 -> 2
384 pid=FFFC5023 DrvSetContext hdc=0000077A context=2 -> 1
385 pid=FFFC5023 DrvReleaseContext context=2 -> 1
386 pid=FFFC5023 paths batches/triangles untextured=4/16 hw=25/60 cpu=0/0 cpu-nonsquare=0/0 hw-refused=33/33 two-units=0/0
387 pid=FFFC5023 counters hwtex live=0 creates=49 create-failed=0 evictions=0 uploads=52 partial=2 upload-kb=522 squared=3 alpha-dropped=0 stubs=1 failed r4=33 r7=0 r8=0 other=0
388 pid=FFFC5023 DrvDeleteContext context=2 -> 1
389 pid=FFFC5023 DrvDescribePixelFormat index=1 bytes=0 -> count=1
390 pid=FFFC5023 DrvDescribePixelFormat index=1 bytes=40 -> count=1
391 pid=FFFC5023 DrvCreateLayerContext hdc=0000077A layer=0 -> 2
392 pid=FFFC5023 DrvSetContext hdc=0000077A context=2 -> 1
393 pid=FFFC5023 DrvReleaseContext context=2 -> 1
394 pid=FFFC5023 paths batches/triangles untextured=4/16 hw=25/60 cpu=0/0 cpu-nonsquare=0/0 hw-refused=34/34 two-units=0/0
395 pid=FFFC5023 counters hwtex live=0 creates=50 create-failed=0 evictions=0 uploads=53 partial=2 upload-kb=532 squared=3 alpha-dropped=0 stubs=1 failed r4=34 r7=0 r8=0 other=0
396 pid=FFFC5023 DrvDeleteContext context=2 -> 1
397 pid=FFFC5023 DrvDescribePixelFormat index=1 bytes=0 -> count=1
398 pid=FFFC5023 DrvDescribePixelFormat index=1 bytes=40 -> count=1
399 pid=FFFC5023 DrvCreateLayerContext hdc=0000077A layer=0 -> 2
400 pid=FFFC5023 DrvSetContext hdc=0000077A context=2 -> 1
401 pid=FFFC5023 DrvReleaseContext context=2 -> 1
402 pid=FFFC5023 paths batches/triangles untextured=4/16 hw=25/60 cpu=0/0 cpu-nonsquare=0/0 hw-refused=35/35 two-units=0/0
403 pid=FFFC5023 counters hwtex live=0 creates=51 create-failed=0 evictions=0 uploads=54 partial=2 upload-kb=542 squared=3 alpha-dropped=0 stubs=1 failed r4=35 r7=0 r8=0 other=0
404 pid=FFFC5023 DrvDeleteContext context=2 -> 1
405 pid=FFFC5023 DrvDescribePixelFormat index=1 bytes=0 -> count=1
406 pid=FFFC5023 DrvDescribePixelFormat index=1 bytes=40 -> count=1
407 pid=FFFC5023 DrvCreateLayerContext hdc=0000077A layer=0 -> 2
408 pid=FFFC5023 DrvSetContext hdc=0000077A context=2 -> 1
409 pid=FFFC5023 DrvReleaseContext context=2 -> 1
410 pid=FFFC5023 paths batches/triangles untextured=4/16 hw=25/60 cpu=0/0 cpu-nonsquare=0/0 hw-refused=36/36 two-units=0/0
411 pid=FFFC5023 counters hwtex live=0 creates=52 create-failed=0 evictions=0 uploads=55 partial=2 upload-kb=552 squared=3 alpha-dropped=0 stubs=1 failed r4=36 r7=0 r8=0 other=0
412 pid=FFFC5023 DrvDeleteContext context=2 -> 1
413 pid=FFFC5023 DrvDescribePixelFormat index=1 bytes=0 -> count=1
414 pid=FFFC5023 DrvDescribePixelFormat index=1 bytes=40 -> count=1
415 pid=FFFC5023 DrvCreateLayerContext hdc=0000077A layer=0 -> 2
416 pid=FFFC5023 DrvSetContext hdc=0000077A context=2 -> 1
417 pid=FFFC5023 DrvReleaseContext context=2 -> 1
418 pid=FFFC5023 paths batches/triangles untextured=4/16 hw=25/60 cpu=0/0 cpu-nonsquare=0/0 hw-refused=37/37 two-units=0/0
419 pid=FFFC5023 counters hwtex live=0 creates=53 create-failed=0 evictions=0 uploads=56 partial=2 upload-kb=562 squared=3 alpha-dropped=0 stubs=1 failed r4=37 r7=0 r8=0 other=0
420 pid=FFFC5023 DrvDeleteContext context=2 -> 1
421 pid=FFFC5023 DrvDescribePixelFormat index=1 bytes=0 -> count=1
422 pid=FFFC5023 DrvDescribePixelFormat index=1 bytes=40 -> count=1
423 pid=FFFC5023 DrvCreateLayerContext hdc=0000077A layer=0 -> 2
424 pid=FFFC5023 DrvSetContext hdc=0000077A context=2 -> 1
425 pid=FFFC5023 DrvReleaseContext context=2 -> 1
426 pid=FFFC5023 paths batches/triangles untextured=4/16 hw=25/60 cpu=0/0 cpu-nonsquare=0/0 hw-refused=38/38 two-units=0/0
427 pid=FFFC5023 counters hwtex live=0 creates=54 create-failed=0 evictions=0 uploads=57 partial=2 upload-kb=572 squared=3 alpha-dropped=0 stubs=1 failed r4=38 r7=0 r8=0 other=0
428 pid=FFFC5023 DrvDeleteContext context=2 -> 1
429 pid=FFFC5023 DrvDescribePixelFormat index=1 bytes=0 -> count=1
430 pid=FFFC5023 DrvDescribePixelFormat index=1 bytes=40 -> count=1
431 pid=FFFC5023 DrvCreateLayerContext hdc=0000077A layer=0 -> 2
432 pid=FFFC5023 DrvSetContext hdc=0000077A context=2 -> 1
433 pid=FFFC5023 DrvReleaseContext context=2 -> 1
434 pid=FFFC5023 paths batches/triangles untextured=4/16 hw=25/60 cpu=0/0 cpu-nonsquare=0/0 hw-refused=39/39 two-units=0/0
435 pid=FFFC5023 counters hwtex live=0 creates=55 create-failed=0 evictions=0 uploads=58 partial=2 upload-kb=582 squared=3 alpha-dropped=0 stubs=1 failed r4=39 r7=0 r8=0 other=0
436 pid=FFFC5023 DrvDeleteContext context=2 -> 1
437 pid=FFFC5023 DrvDescribePixelFormat index=1 bytes=0 -> count=1
438 pid=FFFC5023 DrvDescribePixelFormat index=1 bytes=40 -> count=1
439 pid=FFFC5023 DrvCreateLayerContext hdc=0000077A layer=0 -> 2
440 pid=FFFC5023 DrvSetContext hdc=0000077A context=2 -> 1
441 pid=FFFC5023 DrvReleaseContext context=2 -> 1
442 pid=FFFC5023 paths batches/triangles untextured=4/16 hw=25/60 cpu=0/0 cpu-nonsquare=0/0 hw-refused=40/40 two-units=0/0
443 pid=FFFC5023 counters hwtex live=0 creates=56 create-failed=0 evictions=0 uploads=59 partial=2 upload-kb=592 squared=3 alpha-dropped=0 stubs=1 failed r4=40 r7=0 r8=0 other=0
444 pid=FFFC5023 DrvDeleteContext context=2 -> 1
445 pid=FFFC5023 DrvDescribePixelFormat index=1 bytes=0 -> count=1
446 pid=FFFC5023 DrvDescribePixelFormat index=1 bytes=40 -> count=1
447 pid=FFFC5023 DrvCreateLayerContext hdc=0000077A layer=0 -> 2
448 pid=FFFC5023 DrvSetContext hdc=0000077A context=2 -> 1
449 pid=FFFC5023 DrvReleaseContext context=2 -> 1
450 pid=FFFC5023 paths batches/triangles untextured=4/16 hw=25/60 cpu=0/0 cpu-nonsquare=0/0 hw-refused=41/41 two-units=0/0
451 pid=FFFC5023 counters hwtex live=0 creates=57 create-failed=0 evictions=0 uploads=60 partial=2 upload-kb=602 squared=3 alpha-dropped=0 stubs=1 failed r4=41 r7=0 r8=0 other=0
452 pid=FFFC5023 DrvDeleteContext context=2 -> 1
453 pid=FFFC5023 DrvDescribePixelFormat index=1 bytes=0 -> count=1
454 pid=FFFC5023 DrvDescribePixelFormat index=1 bytes=40 -> count=1
455 pid=FFFC5023 DrvCreateLayerContext hdc=0000077A layer=0 -> 2
456 pid=FFFC5023 DrvSetContext hdc=0000077A context=2 -> 1
457 pid=FFFC5023 DrvReleaseContext context=2 -> 1
458 pid=FFFC5023 paths batches/triangles untextured=4/16 hw=25/60 cpu=0/0 cpu-nonsquare=0/0 hw-refused=42/42 two-units=0/0
459 pid=FFFC5023 counters hwtex live=0 creates=58 create-failed=0 evictions=0 uploads=61 partial=2 upload-kb=612 squared=3 alpha-dropped=0 stubs=1 failed r4=42 r7=0 r8=0 other=0
460 pid=FFFC5023 DrvDeleteContext context=2 -> 1
461 pid=FFFC5023 DrvDescribePixelFormat index=1 bytes=0 -> count=1
462 pid=FFFC5023 DrvDescribePixelFormat index=1 bytes=40 -> count=1
463 pid=FFFC5023 DrvCreateLayerContext hdc=0000077A layer=0 -> 2
464 pid=FFFC5023 DrvSetContext hdc=0000077A context=2 -> 1
465 pid=FFFC5023 DrvReleaseContext context=2 -> 1
466 pid=FFFC5023 paths batches/triangles untextured=4/16 hw=25/60 cpu=0/0 cpu-nonsquare=0/0 hw-refused=43/43 two-units=0/0
467 pid=FFFC5023 counters hwtex live=0 creates=59 create-failed=0 evictions=0 uploads=62 partial=2 upload-kb=622 squared=3 alpha-dropped=0 stubs=1 failed r4=43 r7=0 r8=0 other=0
468 pid=FFFC5023 DrvDeleteContext context=2 -> 1
469 pid=FFFC5023 DrvDescribePixelFormat index=1 bytes=0 -> count=1
470 pid=FFFC5023 DrvDescribePixelFormat index=1 bytes=40 -> count=1
471 pid=FFFC5023 DrvCreateLayerContext hdc=0000077A layer=0 -> 2
472 pid=FFFC5023 DrvSetContext hdc=0000077A context=2 -> 1
473 pid=FFFC5023 DrvReleaseContext context=2 -> 1
474 pid=FFFC5023 paths batches/triangles untextured=4/16 hw=25/60 cpu=0/0 cpu-nonsquare=0/0 hw-refused=44/44 two-units=0/0
475 pid=FFFC5023 counters hwtex live=0 creates=60 create-failed=0 evictions=0 uploads=63 partial=2 upload-kb=632 squared=3 alpha-dropped=0 stubs=1 failed r4=44 r7=0 r8=0 other=0
476 pid=FFFC5023 DrvDeleteContext context=2 -> 1
477 pid=FFFC5023 DrvDescribePixelFormat index=1 bytes=0 -> count=1
478 pid=FFFC5023 DrvDescribePixelFormat index=1 bytes=40 -> count=1
479 pid=FFFC5023 DrvCreateLayerContext hdc=0000077A layer=0 -> 2
480 pid=FFFC5023 DrvSetContext hdc=0000077A context=2 -> 1
481 pid=FFFC5023 DrvReleaseContext context=2 -> 1
482 pid=FFFC5023 paths batches/triangles untextured=4/16 hw=25/60 cpu=0/0 cpu-nonsquare=0/0 hw-refused=45/45 two-units=0/0
483 pid=FFFC5023 counters hwtex live=0 creates=61 create-failed=0 evictions=0 uploads=64 partial=2 upload-kb=642 squared=3 alpha-dropped=0 stubs=1 failed r4=45 r7=0 r8=0 other=0
484 pid=FFFC5023 DrvDeleteContext context=2 -> 1
485 pid=FFFC5023 DrvDescribePixelFormat index=1 bytes=0 -> count=1
486 pid=FFFC5023 DrvDescribePixelFormat index=1 bytes=40 -> count=1
487 pid=FFFC5023 DrvCreateLayerContext hdc=0000077A layer=0 -> 2
488 pid=FFFC5023 DrvSetContext hdc=0000077A context=2 -> 1
489 pid=FFFC5023 DrvReleaseContext context=2 -> 1
490 pid=FFFC5023 paths batches/triangles untextured=4/16 hw=25/60 cpu=0/0 cpu-nonsquare=0/0 hw-refused=46/46 two-units=0/0
491 pid=FFFC5023 counters hwtex live=0 creates=62 create-failed=0 evictions=0 uploads=65 partial=2 upload-kb=652 squared=3 alpha-dropped=0 stubs=1 failed r4=46 r7=0 r8=0 other=0
492 pid=FFFC5023 DrvDeleteContext context=2 -> 1
493 pid=FFFC5023 DrvDescribePixelFormat index=1 bytes=0 -> count=1
494 pid=FFFC5023 DrvDescribePixelFormat index=1 bytes=40 -> count=1
495 pid=FFFC5023 DrvCreateLayerContext hdc=0000077A layer=0 -> 2
496 pid=FFFC5023 DrvSetContext hdc=0000077A context=2 -> 1
497 pid=FFFC5023 DrvReleaseContext context=2 -> 1
498 pid=FFFC5023 paths batches/triangles untextured=4/16 hw=25/60 cpu=0/0 cpu-nonsquare=0/0 hw-refused=47/47 two-units=0/0
499 pid=FFFC5023 counters hwtex live=0 creates=63 create-failed=0 evictions=0 uploads=66 partial=2 upload-kb=662 squared=3 alpha-dropped=0 stubs=1 failed r4=47 r7=0 r8=0 other=0
500 pid=FFFC5023 DrvDeleteContext context=2 -> 1
501 pid=FFFC5023 DrvDescribePixelFormat index=1 bytes=0 -> count=1
502 pid=FFFC5023 DrvDescribePixelFormat index=1 bytes=40 -> count=1
503 pid=FFFC5023 DrvCreateLayerContext hdc=0000077A layer=0 -> 2
504 pid=FFFC5023 DrvSetContext hdc=0000077A context=2 -> 1
505 pid=FFFC5023 DrvReleaseContext context=2 -> 1
506 pid=FFFC5023 paths batches/triangles untextured=4/16 hw=25/60 cpu=0/0 cpu-nonsquare=0/0 hw-refused=48/48 two-units=0/0
507 pid=FFFC5023 counters hwtex live=0 creates=64 create-failed=0 evictions=0 uploads=67 partial=2 upload-kb=672 squared=3 alpha-dropped=0 stubs=1 failed r4=48 r7=0 r8=0 other=0
508 pid=FFFC5023 DrvDeleteContext context=2 -> 1
509 pid=FFFC5023 DrvDescribePixelFormat index=1 bytes=0 -> count=1
510 pid=FFFC5023 DrvDescribePixelFormat index=1 bytes=40 -> count=1
511 pid=FFFC5023 DrvCreateLayerContext hdc=0000077A layer=0 -> 2
512 pid=FFFC5023 DrvSetContext hdc=0000077A context=2 -> 1
513 pid=FFFC5023 DrvReleaseContext context=2 -> 1
514 pid=FFFC5023 paths batches/triangles untextured=4/16 hw=25/60 cpu=0/0 cpu-nonsquare=0/0 hw-refused=49/49 two-units=0/0
515 pid=FFFC5023 counters hwtex live=0 creates=65 create-failed=0 evictions=0 uploads=68 partial=2 upload-kb=682 squared=3 alpha-dropped=0 stubs=1 failed r4=49 r7=0 r8=0 other=0
516 pid=FFFC5023 DrvDeleteContext context=2 -> 1
517 pid=FFFC5023 DrvDescribePixelFormat index=1 bytes=0 -> count=1
518 pid=FFFC5023 DrvDescribePixelFormat index=1 bytes=40 -> count=1
519 pid=FFFC5023 DrvCreateLayerContext hdc=0000077A layer=0 -> 2
520 pid=FFFC5023 DrvSetContext hdc=0000077A context=2 -> 1
521 pid=FFFC5023 DrvReleaseContext context=2 -> 1
522 pid=FFFC5023 paths batches/triangles untextured=4/16 hw=25/60 cpu=0/0 cpu-nonsquare=0/0 hw-refused=50/50 two-units=0/0
523 pid=FFFC5023 counters hwtex live=0 creates=66 create-failed=0 evictions=0 uploads=69 partial=2 upload-kb=692 squared=3 alpha-dropped=0 stubs=1 failed r4=50 r7=0 r8=0 other=0
524 pid=FFFC5023 DrvDeleteContext context=2 -> 1
525 pid=FFFC5023 DrvSetContext hdc=0000077A context=1 -> 1
526 pid=FFFC5023 DrvGetProcAddress name=glSelectTextureSGIS -> entry
527 pid=FFFC5023 DrvGetProcAddress name=glMTexCoord2fSGIS -> entry
528 pid=FFFC5023 sgis first glSelectTextureSGIS target=835E
529 pid=FFFC5023 sgis first glMTexCoord2fSGIS target=835E
530 pid=FFFC5023 state tex=13 size=00020002 tex=01010101 blend=00020100 depth=00020101 colour=FFFFFFFF mask=7 scissor=0,0,360,280 fog=0 tex1=14/01010200 env1=0000FF
531 pid=FFFC5023 state tex=13 size=00020002 tex=01010101 blend=00020100 depth=00020101 colour=FFFFFFFF mask=7 scissor=0,0,360,280 fog=0 tex1=14/01010101 env1=0000FF
532 pid=FFFC5023 refused tex=13 size=00020002 tex=02010101 blend=00020100 depth=00020101 colour=FFFFFFFF mask=7 scissor=0,0,360,280 fog=0 tex1=14/02010101 env1=0000FF
533 pid=FFFC5023 state tex=13 size=00020002 tex=01010101 blend=00020100 depth=00020101 colour=FFFFFFFF mask=7 scissor=0,0,360,280 fog=0 tex1=14/01010400 env1=0000FF
534 pid=FFFC5023 refused tex=13 size=00020002 tex=02010101 blend=00020100 depth=00020101 colour=FFFFFFFF mask=7 scissor=0,0,360,280 fog=0 tex1=14/02010400 env1=0000FF
535 pid=FFFC5023 state tex=13 size=00020002 tex=01010101 blend=00020100 depth=00020101 colour=FFFFFFFF mask=7 scissor=0,0,360,280 fog=0 tex1=15/01040300 env1=0000FF
536 pid=FFFC5023 refused tex=13 size=00020002 tex=02010101 blend=00020100 depth=00020101 colour=FFFFFFFF mask=7 scissor=0,0,360,280 fog=0 tex1=15/02040300 env1=0000FF
537 pid=FFFC5023 state tex=13 size=00020002 tex=01010101 blend=00020100 depth=00020101 colour=FFFFFFFF mask=7 scissor=0,0,360,280 fog=0 tex1=16/00000000 env1=000000
538 pid=FFFC5023 DrvReleaseContext context=1 -> 1
539 pid=FFFC5023 paths batches/triangles untextured=7/24 hw=29/68 cpu=0/0 cpu-nonsquare=0/0 hw-refused=53/56 two-units=6/12
540 pid=FFFC5023 counters hwtex live=0 creates=70 create-failed=0 evictions=0 uploads=73 partial=2 upload-kb=692 squared=3 alpha-dropped=0 stubs=1 failed r4=53 r7=0 r8=0 other=0
541 pid=FFFC5023 DrvDeleteContext context=1 -> 1
542 pid=FFFC5023 detach slots-called=1 stub-calls=1
