1 pid=FFFDCDF7 attach instance=01CF0000 tls=11 version=0.12.1 V9XGL build=927927b-dirty exe=C:\Q2DEMO\QUAKE2.EXE
2 pid=FFFDCDF7 DrvValidateVersion version=1
3 pid=FFFDCDF7 DrvSetCallbackProcs count=3 procs=78B23978
4 pid=FFFDCDF7 describe result=0 engine=4 formats=00000002
5 pid=FFFDCDF7 DrvDescribePixelFormat index=1 bytes=0 -> count=1
6 pid=FFFDCDF7 DrvDescribePixelFormat index=1 bytes=40 -> count=1
7 pid=FFFDCDF7 DrvDescribePixelFormat index=1 bytes=0 -> count=1
8 pid=FFFDCDF7 DrvDescribePixelFormat index=1 bytes=0 -> count=1
9 pid=FFFDCDF7 DrvDescribePixelFormat index=1 bytes=0 -> count=1
10 pid=FFFDCDF7 DrvDescribePixelFormat index=1 bytes=0 -> count=1
11 pid=FFFDCDF7 DrvDescribePixelFormat index=1 bytes=0 -> count=1
12 pid=FFFDCDF7 DrvDescribePixelFormat index=1 bytes=0 -> count=1
13 pid=FFFDCDF7 DrvDescribePixelFormat index=1 bytes=0 -> count=1
14 pid=FFFDCDF7 DrvDescribePixelFormat index=1 bytes=0 -> count=1
15 pid=FFFDCDF7 DrvDescribePixelFormat index=1 bytes=0 -> count=1
16 pid=FFFDCDF7 DrvDescribePixelFormat index=1 bytes=0 -> count=1
17 pid=FFFDCDF7 DrvDescribePixelFormat index=1 bytes=0 -> count=1
18 pid=FFFDCDF7 DrvDescribePixelFormat index=1 bytes=0 -> count=1
19 pid=FFFDCDF7 DrvDescribePixelFormat index=1 bytes=0 -> count=1
20 pid=FFFDCDF7 DrvDescribePixelFormat index=1 bytes=0 -> count=1
21 pid=FFFDCDF7 DrvDescribePixelFormat index=1 bytes=0 -> count=1
22 pid=FFFDCDF7 DrvDescribePixelFormat index=1 bytes=0 -> count=1
23 pid=FFFDCDF7 DrvDescribePixelFormat index=1 bytes=0 -> count=1
24 pid=FFFDCDF7 DrvDescribePixelFormat index=1 bytes=0 -> count=1
25 pid=FFFDCDF7 DrvDescribePixelFormat index=1 bytes=0 -> count=1
26 pid=FFFDCDF7 DrvDescribePixelFormat index=1 bytes=0 -> count=1
27 pid=FFFDCDF7 DrvDescribePixelFormat index=1 bytes=0 -> count=1
28 pid=FFFDCDF7 DrvDescribePixelFormat index=1 bytes=0 -> count=1
29 pid=FFFDCDF7 DrvDescribePixelFormat index=1 bytes=0 -> count=1
30 pid=FFFDCDF7 DrvDescribePixelFormat index=1 bytes=0 -> count=1
31 pid=FFFDCDF7 DrvDescribePixelFormat index=1 bytes=0 -> count=1
32 pid=FFFDCDF7 DrvSetPixelFormat hdc=00000782 index=1
33 pid=FFFDCDF7 DrvDescribePixelFormat index=1 bytes=0 -> count=1
34 pid=FFFDCDF7 DrvDescribePixelFormat index=1 bytes=40 -> count=1
35 pid=FFFDCDF7 DrvDescribePixelFormat index=1 bytes=0 -> count=1
36 pid=FFFDCDF7 DrvDescribePixelFormat index=1 bytes=40 -> count=1
37 pid=FFFDCDF7 DrvCreateLayerContext hdc=00000782 layer=0 -> 1
38 pid=FFFDCDF7 drawable window=00000160 640x480
39 pid=FFFDCDF7 DrvSetContext hdc=00000782 context=1 -> 1
40 pid=FFFDCDF7 DrvGetProcAddress name=glMTexCoord2fSGIS -> entry
41 pid=FFFDCDF7 DrvGetProcAddress name=glSelectTextureSGIS -> entry
42 pid=FFFDCDF7 state tex=1156 size=01000100 tex=01010100 blend=00050601 depth=00040101 colour=FFFFFFFF mask=7 scissor=0,0,640,480 fog=0 tex1=0/00000000 env1=000000
43 pid=FFFDCDF7 time interval-ms=534642 swaps=0 present-ms=0 draw-ms=39929948 upload-ms=12
44 pid=FFFDCDF7 tsc frames=0 wall-ms=534642 vertex-ms=323108 flush-in-vertex-ms=0 flush-other-ms=30935884 bind-ms=39738 iface-ms=284532 beginend-ms=194187 swap-ms=0 vertices=8 flushes=1 draws=1 sink-ms=168751 sink-prep-ms=161825 sinks=2
45 pid=FFFDCDF7 sink begin-ms=24994 flush-ms=0 copy-ms=8334 prep-texture-ms=153710 prep-state-ms=2854 prep-same-ms=3952
46 pid=FFFDCDF7 hwno hwtex-ms=29871670 iface-cpu-ms=0 not-cpu=0 square-side=0 too-big=0 format=0 no-object=0 no-record=0 table-full=0 unusable=0 backoff=0 make-failed=0 square-alloc=0 upload=0
47 pid=FFFDCDF7 prim transform-ms=13410 inside-ms=7820 window-ms=15949 assemble-ms=21727 history-ms=1467 fast=4 clipped=0 culled=0
48 pid=FFFDCDF7 entry texsub-ms=0/0 teximage-ms=43475636/10 bind-ms=185308/7 param-ms=31548/18 env-ms=816/1 other-ms=0/0 tex-flush-ms=12493/0 select-ms=0/0 mtexcoord-ms=0/0 enable-ms=136126/9
49 pid=FFFDCDF7 paths batches/triangles untextured=0/0 hw=1/2 cpu=0/0 cpu-nonsquare=0/0 hw-refused=0/0 two-units=0/0
50 pid=FFFDCDF7 counters hwtex live=1 creates=1 create-failed=0 evictions=0 uploads=1 partial=0 upload-kb=128 squared=0 alpha-dropped=1 stubs=0 failed r4=0 r7=0 r8=0 other=0
51 pid=FFFDCDF7 state tex=1155 size=00800080 tex=01040101 blend=00050601 depth=00040101 colour=FFFFFFFF mask=7 scissor=0,0,640,480 fog=0 tex1=0/00000000 env1=000000
52 pid=FFFDCDF7 state tex=1155 size=00000000 tex=00000000 blend=00050601 depth=00040100 colour=FF000000 mask=7 scissor=0,0,640,480 fog=0 tex1=0/00000000 env1=000000
53 pid=FFFDCDF7 sgis first glSelectTextureSGIS target=835F
54 pid=FFFDCDF7 sgis first glMTexCoord2fSGIS target=835E
55 pid=FFFDCDF7 state tex=1237 size=00800080 tex=01010101 blend=00050600 depth=01040102 colour=FFFFFFFF mask=7 scissor=0,0,640,480 fog=0 tex1=1030/01010200 env1=000000
56 pid=FFFDCDF7 state tex=1158 size=00400040 tex=01010101 blend=00050600 depth=01040102 colour=FFFFFFFF mask=7 scissor=0,0,640,480 fog=0 tex1=1029/01010200 env1=000000
57 pid=FFFDCDF7 state tex=1268 size=00400040 tex=01010101 blend=00050600 depth=01040102 colour=FFFFFFFF mask=7 scissor=0,0,640,480 fog=0 tex1=1029/01010200 env1=000000
58 pid=FFFDCDF7 state tex=1269 size=00400040 tex=01010101 blend=00050600 depth=01040102 colour=FFFFFFFF mask=7 scissor=0,0,640,480 fog=0 tex1=1029/01010200 env1=000000
59 pid=FFFDCDF7 state tex=1170 size=00400040 tex=01010101 blend=00050600 depth=01040102 colour=FFFFFFFF mask=7 scissor=0,0,640,480 fog=0 tex1=1029/01010200 env1=000000
60 pid=FFFDCDF7 state tex=1215 size=00400020 tex=01010101 blend=00050600 depth=01040102 colour=FFFFFFFF mask=7 scissor=0,0,640,480 fog=0 tex1=1029/01010200 env1=000000
61 pid=FFFDCDF7 state tex=1173 size=00800080 tex=01010101 blend=00050600 depth=01040102 colour=FFFFFFFF mask=7 scissor=0,0,640,480 fog=0 tex1=1029/01010200 env1=000000
62 pid=FFFDCDF7 state tex=1177 size=00800080 tex=01010101 blend=00050600 depth=01040102 colour=FFFFFFFF mask=7 scissor=0,0,640,480 fog=0 tex1=1028/01010200 env1=000000
63 pid=FFFDCDF7 state tex=1216 size=00800080 tex=01010101 blend=00050600 depth=01040102 colour=FFFFFFFF mask=7 scissor=0,0,640,480 fog=0 tex1=1028/01010200 env1=000000
64 pid=FFFDCDF7 state tex=1161 size=00100010 tex=01010101 blend=00050600 depth=01040102 colour=FFFFFFFF mask=7 scissor=0,0,640,480 fog=0 tex1=1028/01010200 env1=000000
65 pid=FFFDCDF7 state tex=1185 size=00400040 tex=01010101 blend=00050600 depth=01040102 colour=FFFFFFFF mask=7 scissor=0,0,640,480 fog=0 tex1=1028/01010200 env1=000000
66 pid=FFFDCDF7 state tex=1184 size=00400040 tex=01010101 blend=00050600 depth=01040102 colour=FFFFFFFF mask=7 scissor=0,0,640,480 fog=0 tex1=1028/01010200 env1=000000
67 pid=FFFDCDF7 state tex=1165 size=00400040 tex=01010101 blend=00050600 depth=01040102 colour=FFFFFFFF mask=7 scissor=0,0,640,480 fog=0 tex1=1028/01010200 env1=000000
68 pid=FFFDCDF7 state tex=1202 size=00200080 tex=01010101 blend=00050600 depth=01040102 colour=FFFFFFFF mask=7 scissor=0,0,640,480 fog=0 tex1=1028/01010200 env1=000000
69 pid=FFFDCDF7 state tex=1213 size=00800080 tex=01010101 blend=00050600 depth=01040102 colour=FFFFFFFF mask=7 scissor=0,0,640,480 fog=0 tex1=1028/01010200 env1=000000
70 pid=FFFDCDF7 state tex=1212 size=00400040 tex=01010101 blend=00050600 depth=01040102 colour=FFFFFFFF mask=7 scissor=0,0,640,480 fog=0 tex1=1028/01010200 env1=000000
71 pid=FFFDCDF7 state tex=1193 size=00400040 tex=01010101 blend=00050600 depth=01040102 colour=FFFFFFFF mask=7 scissor=0,0,640,480 fog=0 tex1=1028/01010200 env1=000000
72 pid=FFFDCDF7 state tex=1208 size=00400040 tex=01010101 blend=00050600 depth=01040102 colour=FFFFFFFF mask=7 scissor=0,0,640,480 fog=0 tex1=1028/01010200 env1=000000
73 pid=FFFDCDF7 state tex=1232 size=00800080 tex=01010101 blend=00050600 depth=01040102 colour=FFFFFFFF mask=7 scissor=0,0,640,480 fog=0 tex1=1036/01010200 env1=000000
74 pid=FFFDCDF7 state tex=1272 size=00400010 tex=01010101 blend=00050600 depth=01040102 colour=FFFFFFFF mask=7 scissor=0,0,640,480 fog=0 tex1=1036/01010200 env1=000000
75 pid=FFFDCDF7 state tex=1167 size=00400040 tex=01010101 blend=00050600 depth=01040102 colour=FFFFFFFF mask=7 scissor=0,0,640,480 fog=0 tex1=1036/01010200 env1=000000
76 pid=FFFDCDF7 state tex=1227 size=00400040 tex=01010101 blend=00050600 depth=01040102 colour=FFFFFFFF mask=7 scissor=0,0,640,480 fog=0 tex1=1036/01010200 env1=000000
77 pid=FFFDCDF7 state tex=1209 size=00100010 tex=01010101 blend=00050600 depth=01040102 colour=FFFFFFFF mask=7 scissor=0,0,640,480 fog=0 tex1=1036/01010200 env1=000000
78 pid=FFFDCDF7 state tex=1223 size=00800080 tex=01010101 blend=00050600 depth=01040102 colour=FFFFFFFF mask=7 scissor=0,0,640,480 fog=0 tex1=1036/01010200 env1=000000
79 pid=FFFDCDF7 state tex=1162 size=00100010 tex=01010101 blend=00050600 depth=01040102 colour=FFFFFFFF mask=7 scissor=0,0,640,480 fog=0 tex1=1036/01010200 env1=000000
80 pid=FFFDCDF7 state tex=1222 size=00400040 tex=01010101 blend=00050600 depth=01040102 colour=FFFFFFFF mask=7 scissor=0,0,640,480 fog=0 tex1=1035/01010200 env1=000000
81 pid=FFFDCDF7 state tex=1384 size=01000100 tex=01010101 blend=00050600 depth=01040101 colour=FFFFFFFF mask=7 scissor=0,0,640,480 fog=0 tex1=1035/00000000 env1=000000
82 pid=FFFDCDF7 state tex=1383 size=01000100 tex=01010101 blend=00050600 depth=01040101 colour=FFFFFFFF mask=7 scissor=0,0,640,480 fog=0 tex1=1035/00000000 env1=000000
83 pid=FFFDCDF7 state tex=1386 size=01000100 tex=01010101 blend=00050600 depth=01040101 colour=FFFFFFFF mask=7 scissor=0,0,640,480 fog=0 tex1=1035/00000000 env1=000000
84 pid=FFFDCDF7 state tex=1337 size=01000080 tex=01040201 blend=00050600 depth=01040102 colour=FFA55D15 mask=7 scissor=0,0,640,480 fog=0 tex1=1037/00000000 env1=000000
85 pid=FFFDCDF7 state tex=1349 size=01000080 tex=01040201 blend=00050600 depth=01040102 colour=FF3F3121 mask=7 scissor=0,0,640,480 fog=0 tex1=1037/00000000 env1=000000
86 pid=FFFDCDF7 state tex=1350 size=00800040 tex=01040201 blend=00050600 depth=01040102 colour=FF7B4C27 mask=7 scissor=0,0,640,480 fog=0 tex1=1037/00000000 env1=000000
87 pid=FFFDCDF7 state tex=1362 size=01000080 tex=01040201 blend=00050600 depth=01040102 colour=FF52341D mask=7 scissor=0,0,640,480 fog=0 tex1=1037/00000000 env1=000000
88 pid=FFFDCDF7 state tex=1279 size=00800080 tex=01010200 blend=01050600 depth=01040102 colour=54808080 mask=7 scissor=0,0,640,480 fog=0 tex1=1037/00000000 env1=000000
89 pid=FFFDCDF7 state tex=1152 size=01000100 tex=01040101 blend=00050601 depth=00040101 colour=FFFFFFFF mask=7 scissor=0,0,640,480 fog=0 tex1=1037/00000000 env1=000000
90 pid=FFFDCDF7 time interval-ms=10011 swaps=105 present-ms=413 draw-ms=2072 upload-ms=273
91 pid=FFFDCDF7 tsc frames=105 wall-ms=10011 vertex-ms=330 flush-in-vertex-ms=0 flush-other-ms=2390 bind-ms=10 iface-ms=2072 beginend-ms=2515 swap-ms=413 vertices=270100 flushes=5161 draws=5161 sink-ms=2455 sink-prep-ms=114 sinks=59742
92 pid=FFFDCDF7 sink begin-ms=52 flush-ms=2305 copy-ms=20 prep-texture-ms=62 prep-state-ms=23 prep-same-ms=25
93 pid=FFFDCDF7 hwno hwtex-ms=290 iface-cpu-ms=0 not-cpu=88 square-side=0 too-big=0 format=0 no-object=0 no-record=0 table-full=0 unusable=0 backoff=0 make-failed=0 square-alloc=0 upload=0
94 pid=FFFDCDF7 prim transform-ms=50 inside-ms=47 window-ms=72 assemble-ms=95 history-ms=19 fast=123565 clipped=7612 culled=11703
95 pid=FFFDCDF7 entry texsub-ms=89/557 teximage-ms=697/1403 bind-ms=11/4210 param-ms=0/426 env-ms=0/418 other-ms=0/0 tex-flush-ms=86/555 select-ms=2/12343 mtexcoord-ms=7/57688 enable-ms=0/971
96 pid=FFFDCDF7 paths batches/triangles untextured=88/176 hw=5074/127340 cpu=0/0 cpu-nonsquare=0/0 hw-refused=0/0 two-units=3097/15235
97 pid=FFFDCDF7 counters hwtex live=46 creates=46 create-failed=0 evictions=0 uploads=599 partial=553 upload-kb=1719 squared=0 alpha-dropped=177 stubs=0 failed r4=0 r7=0 r8=0 other=0
98 pid=FFFDCDF7 state tex=1313 size=00800040 tex=01010200 blend=00050600 depth=01040102 colour=FFFFFFFF mask=7 scissor=0,0,640,480 fog=0 tex1=1037/00000000 env1=000000
99 pid=FFFDCDF7 state tex=1153 size=00080008 tex=01040202 blend=01050600 depth=01040002 colour=FFAB2B00 mask=7 scissor=0,0,640,480 fog=0 tex1=1037/00000000 env1=000000
100 pid=FFFDCDF7 state tex=1314 size=00800040 tex=01010200 blend=00050600 depth=01040102 colour=FFFFFFFF mask=7 scissor=0,0,640,480 fog=0 tex1=1037/00000000 env1=000000
101 pid=FFFDCDF7 refused tex=1153 size=00080008 tex=02040202 blend=01050600 depth=01040002 colour=DEAB2B00 mask=7 scissor=0,0,640,480 fog=0 tex1=1037/00000000 env1=000000
102 pid=FFFDCDF7 draw result=4 triangles=64 submitted=0
103 pid=FFFDCDF7   v0 sx=43622A7C sy=4327D518 sz=3F7D7578 rhw=3B327984 tu=3D800000 tv=3D800000
104 pid=FFFDCDF7   v1 sx=43622A7C sy=43249AEC sz=3F7D7578 rhw=3B327984 tu=3F880000 tv=3D800000
105 pid=FFFDCDF7   v2 sx=436564A6 sy=4327D518 sz=3F7D7578 rhw=3B327985 tu=3D800000 tv=3F880000
106 pid=FFFDCDF7 draw result=4 triangles=64 submitted=0
107 pid=FFFDCDF7   v0 sx=4361CB2B sy=4317745C sz=3F7D5FC6 rhw=3B37E486 tu=3D800000 tv=3D800000
108 pid=FFFDCDF7   v1 sx=4361CB2B sy=4314300A sz=3F7D5FC6 rhw=3B37E486 tu=3F880000 tv=3D800000
109 pid=FFFDCDF7   v2 sx=43650F7E sy=4317745C sz=3F7D5FC6 rhw=3B37E485 tu=3D800000 tv=3F880000
110 pid=FFFDCDF7 draw result=4 triangles=64 submitted=0
111 pid=FFFDCDF7   v0 sx=43833BDE sy=434A3726 sz=3F7D53E6 rhw=3B3ADBD2 tu=3D800000 tv=3D800000
112 pid=FFFDCDF7   v1 sx=43833BDE sy=4346ED46 sz=3F7D53E6 rhw=3B3ADBD2 tu=3F880000 tv=3D800000
113 pid=FFFDCDF7   v2 sx=4384E0CF sy=434A3726 sz=3F7D53E6 rhw=3B3ADBD2 tu=3D800000 tv=3F880000
114 pid=FFFDCDF7 draw result=4 triangles=64 submitted=0
115 pid=FFFDCDF7   v0 sx=435AE254 sy=4323F9C8 sz=3F7D6C20 rhw=3B34CEB5 tu=3D800000 tv=3D800000
116 pid=FFFDCDF7   v1 sx=435AE254 sy=4320BB3E sz=3F7D6C20 rhw=3B34CEB5 tu=3F880000 tv=3D800000
117 pid=FFFDCDF7   v2 sx=435E20DD sy=4323F9C8 sz=3F7D6C20 rhw=3B34CEB5 tu=3D800000 tv=3F880000
118 pid=FFFDCDF7 draw result=4 triangles=64 submitted=0
119 pid=FFFDCDF7   v0 sx=439625F4 sy=42AD1D04 sz=3F7DDCB7 rhw=3B18B040 tu=3D800000 tv=3D800000
120 pid=FFFDCDF7   v1 sx=439625F4 sy=42A70964 sz=3F7DDCB7 rhw=3B18B040 tu=3F880000 tv=3D800000
121 pid=FFFDCDF7   v2 sx=4397AADC sy=42AD1D04 sz=3F7DDCB7 rhw=3B18B040 tu=3D800000 tv=3F880000
122 pid=FFFDCDF7 draw result=4 triangles=64 submitted=0
123 pid=FFFDCDF7   v0 sx=43740CD4 sy=43504480 sz=3F7DCBBD rhw=3B1CEDAB tu=3D800000 tv=3D800000
124 pid=FFFDCDF7   v1 sx=43740CD4 sy=434D32C0 sz=3F7DCBBD rhw=3B1CEDAB tu=3F880000 tv=3D800000
125 pid=FFFDCDF7   v2 sx=43771E96 sy=43504480 sz=3F7DCBBD rhw=3B1CEDAB tu=3D800000 tv=3F880000
126 pid=FFFDCDF7 state tex=1315 size=00800040 tex=01010200 blend=00050600 depth=01040102 colour=FFFFFFFF mask=7 scissor=0,0,640,480 fog=0 tex1=1037/00000000 env1=000000
127 pid=FFFDCDF7 state tex=1316 size=00800040 tex=01010200 blend=00050600 depth=01040102 colour=FFFFFFFF mask=7 scissor=0,0,640,480 fog=0 tex1=1037/00000000 env1=000000
128 pid=FFFDCDF7 state tex=1317 size=00800040 tex=01010200 blend=00050600 depth=01040102 colour=FFFFFFFF mask=7 scissor=0,0,640,480 fog=0 tex1=1037/00000000 env1=000000
129 pid=FFFDCDF7 state tex=1318 size=00800040 tex=01010200 blend=01050600 depth=01040002 colour=60FFFFFF mask=7 scissor=0,0,640,480 fog=0 tex1=1037/00000000 env1=000000
130 pid=FFFDCDF7 state tex=1319 size=00800040 tex=01010200 blend=01050600 depth=01040002 colour=30FFFFFF mask=7 scissor=0,0,640,480 fog=0 tex1=1037/00000000 env1=000000
131 pid=FFFDCDF7 time interval-ms=10019 swaps=66 present-ms=255 draw-ms=5325 upload-ms=1460
132 pid=FFFDCDF7 tsc frames=66 wall-ms=10019 vertex-ms=479 flush-in-vertex-ms=11 flush-other-ms=6896 bind-ms=24 iface-ms=5325 beginend-ms=5689 swap-ms=255 vertices=348482 flushes=15479 draws=15630 sink-ms=5641 sink-prep-ms=143 sinks=44551
133 pid=FFFDCDF7 sink begin-ms=53 flush-ms=5454 copy-ms=29 prep-texture-ms=101 prep-state-ms=19 prep-same-ms=20
134 pid=FFFDCDF7 hwno hwtex-ms=1521 iface-cpu-ms=0 not-cpu=0 square-side=0 too-big=0 format=0 no-object=0 no-record=0 table-full=0 unusable=0 backoff=0 make-failed=0 square-alloc=0 upload=0
135 pid=FFFDCDF7 prim transform-ms=67 inside-ms=60 window-ms=98 assemble-ms=170 history-ms=24 fast=121847 clipped=30527 culled=54924
136 pid=FFFDCDF7 entry texsub-ms=1488/4703 teximage-ms=0/0 bind-ms=16/16276 param-ms=0/0 env-ms=1/1820 other-ms=0/0 tex-flush-ms=1458/4441 select-ms=8/50820 mtexcoord-ms=27/237600 enable-ms=1/1814
137 pid=FFFDCDF7 paths batches/triangles untextured=88/176 hw=20402/255761 cpu=0/0 cpu-nonsquare=0/0 hw-refused=151/8591 two-units=16935/78001
138 pid=FFFDCDF7 counters hwtex live=54 creates=54 create-failed=0 evictions=0 uploads=5043 partial=4989 upload-kb=1866 squared=0 alpha-dropped=177 stubs=0 failed r4=151 r7=0 r8=0 other=0
139 pid=FFFDCDF7 time interval-ms=10010 swaps=68 present-ms=262 draw-ms=6448 upload-ms=371
140 pid=FFFDCDF7 tsc frames=68 wall-ms=10010 vertex-ms=432 flush-in-vertex-ms=0 flush-other-ms=6919 bind-ms=20 iface-ms=6448 beginend-ms=6844 swap-ms=263 vertices=317055 flushes=14554 draws=14590 sink-ms=6783 sink-prep-ms=146 sinks=44902
141 pid=FFFDCDF7 sink begin-ms=53 flush-ms=6594 copy-ms=28 prep-texture-ms=103 prep-state-ms=19 prep-same-ms=21
142 pid=FFFDCDF7 hwno hwtex-ms=420 iface-cpu-ms=0 not-cpu=0 square-side=0 too-big=0 format=0 no-object=0 no-record=0 table-full=0 unusable=0 backoff=0 make-failed=0 square-alloc=0 upload=0
143 pid=FFFDCDF7 prim transform-ms=61 inside-ms=54 window-ms=88 assemble-ms=151 history-ms=22 fast=109313 clipped=31372 culled=50114
144 pid=FFFDCDF7 entry texsub-ms=343/2392 teximage-ms=0/0 bind-ms=16/16240 param-ms=0/0 env-ms=0/1768 other-ms=0/0 tex-flush-ms=328/2380 select-ms=8/52360 mtexcoord-ms=27/244800 enable-ms=1/1836
145 pid=FFFDCDF7 paths batches/triangles untextured=88/176 hw=34920/379366 cpu=0/0 cpu-nonsquare=0/0 hw-refused=187/9761 two-units=30091/142669
146 pid=FFFDCDF7 counters hwtex live=54 creates=54 create-failed=0 evictions=0 uploads=7423 partial=7369 upload-kb=1866 squared=0 alpha-dropped=177 stubs=0 failed r4=187 r7=0 r8=0 other=0
147 pid=FFFDCDF7 time interval-ms=10022 swaps=68 present-ms=262 draw-ms=6448 upload-ms=381
148 pid=FFFDCDF7 tsc frames=68 wall-ms=10022 vertex-ms=431 flush-in-vertex-ms=0 flush-other-ms=6932 bind-ms=23 iface-ms=6448 beginend-ms=6850 swap-ms=263 vertices=316390 flushes=14575 draws=14606 sink-ms=6789 sink-prep-ms=146 sinks=44912
149 pid=FFFDCDF7 sink begin-ms=53 flush-ms=6601 copy-ms=28 prep-texture-ms=103 prep-state-ms=19 prep-same-ms=21
150 pid=FFFDCDF7 hwno hwtex-ms=429 iface-cpu-ms=0 not-cpu=0 square-side=0 too-big=0 format=0 no-object=0 no-record=0 table-full=0 unusable=0 backoff=0 make-failed=0 square-alloc=0 upload=0
151 pid=FFFDCDF7 prim transform-ms=61 inside-ms=54 window-ms=88 assemble-ms=150 history-ms=22 fast=109176 clipped=31313 culled=50089
152 pid=FFFDCDF7 entry texsub-ms=350/2436 teximage-ms=0/0 bind-ms=16/16240 param-ms=0/0 env-ms=1/1768 other-ms=0/0 tex-flush-ms=335/2424 select-ms=8/52360 mtexcoord-ms=27/244800 enable-ms=1/1836
153 pid=FFFDCDF7 paths batches/triangles untextured=88/176 hw=49464/503087 cpu=0/0 cpu-nonsquare=0/0 hw-refused=218/10772 two-units=43272/207337
154 pid=FFFDCDF7 counters hwtex live=54 creates=54 create-failed=0 evictions=0 uploads=9847 partial=9793 upload-kb=1866 squared=0 alpha-dropped=177 stubs=0 failed r4=218 r7=0 r8=0 other=0
155 pid=FFFDCDF7 time interval-ms=10027 swaps=68 present-ms=262 draw-ms=6424 upload-ms=409
156 pid=FFFDCDF7 tsc frames=68 wall-ms=10027 vertex-ms=433 flush-in-vertex-ms=1 flush-other-ms=6934 bind-ms=23 iface-ms=6424 beginend-ms=6830 swap-ms=262 vertices=317278 flushes=14522 draws=14557 sink-ms=6770 sink-prep-ms=146 sinks=44916
157 pid=FFFDCDF7 sink begin-ms=53 flush-ms=6581 copy-ms=28 prep-texture-ms=102 prep-state-ms=19 prep-same-ms=22
158 pid=FFFDCDF7 hwno hwtex-ms=457 iface-cpu-ms=0 not-cpu=0 square-side=0 too-big=0 format=0 no-object=0 no-record=0 table-full=0 unusable=0 backoff=0 make-failed=0 square-alloc=0 upload=0
159 pid=FFFDCDF7 prim transform-ms=61 inside-ms=54 window-ms=88 assemble-ms=152 history-ms=22 fast=109307 clipped=31528 culled=50037
160 pid=FFFDCDF7 entry texsub-ms=372/2330 teximage-ms=0/0 bind-ms=16/16240 param-ms=0/0 env-ms=0/1768 other-ms=0/0 tex-flush-ms=357/2312 select-ms=8/52360 mtexcoord-ms=28/244800 enable-ms=1/1836
161 pid=FFFDCDF7 paths batches/triangles untextured=88/176 hw=63951/626904 cpu=0/0 cpu-nonsquare=0/0 hw-refused=253/11913 two-units=56394/272005
162 pid=FFFDCDF7 counters hwtex live=54 creates=54 create-failed=0 evictions=0 uploads=12159 partial=12105 upload-kb=1866 squared=0 alpha-dropped=177 stubs=0 failed r4=253 r7=0 r8=0 other=0
163 pid=FFFDCDF7 time interval-ms=10016 swaps=68 present-ms=261 draw-ms=6443 upload-ms=380
164 pid=FFFDCDF7 tsc frames=68 wall-ms=10016 vertex-ms=433 flush-in-vertex-ms=0 flush-other-ms=6924 bind-ms=21 iface-ms=6443 beginend-ms=6841 swap-ms=263 vertices=317061 flushes=14580 draws=14615 sink-ms=6780 sink-prep-ms=147 sinks=44924
165 pid=FFFDCDF7 sink begin-ms=53 flush-ms=6592 copy-ms=28 prep-texture-ms=103 prep-state-ms=19 prep-same-ms=21
166 pid=FFFDCDF7 hwno hwtex-ms=429 iface-cpu-ms=0 not-cpu=0 square-side=0 too-big=0 format=0 no-object=0 no-record=0 table-full=0 unusable=0 backoff=0 make-failed=0 square-alloc=0 upload=0
167 pid=FFFDCDF7 prim transform-ms=61 inside-ms=54 window-ms=88 assemble-ms=152 history-ms=22 fast=109229 clipped=31465 culled=50105
168 pid=FFFDCDF7 entry texsub-ms=351/2438 teximage-ms=0/0 bind-ms=16/16240 param-ms=0/0 env-ms=1/1768 other-ms=0/0 tex-flush-ms=336/2426 select-ms=8/52360 mtexcoord-ms=28/244800 enable-ms=1/1836
169 pid=FFFDCDF7 paths batches/triangles untextured=88/176 hw=78496/750669 cpu=0/0 cpu-nonsquare=0/0 hw-refused=288/12883 two-units=69575/336673
170 pid=FFFDCDF7 counters hwtex live=54 creates=54 create-failed=0 evictions=0 uploads=14585 partial=14531 upload-kb=1866 squared=0 alpha-dropped=177 stubs=0 failed r4=288 r7=0 r8=0 other=0
171 pid=FFFDCDF7 time interval-ms=10016 swaps=68 present-ms=261 draw-ms=6406 upload-ms=418
172 pid=FFFDCDF7 tsc frames=68 wall-ms=10016 vertex-ms=432 flush-in-vertex-ms=1 flush-other-ms=6923 bind-ms=21 iface-ms=6406 beginend-ms=6805 swap-ms=263 vertices=316752 flushes=14565 draws=14601 sink-ms=6745 sink-prep-ms=146 sinks=44907
173 pid=FFFDCDF7 sink begin-ms=54 flush-ms=6556 copy-ms=28 prep-texture-ms=103 prep-state-ms=19 prep-same-ms=21
174 pid=FFFDCDF7 hwno hwtex-ms=467 iface-cpu-ms=0 not-cpu=0 square-side=0 too-big=0 format=0 no-object=0 no-record=0 table-full=0 unusable=0 backoff=0 make-failed=0 square-alloc=0 upload=0
175 pid=FFFDCDF7 prim transform-ms=61 inside-ms=54 window-ms=88 assemble-ms=152 history-ms=22 fast=109353 clipped=31278 culled=50067
176 pid=FFFDCDF7 entry texsub-ms=387/2412 teximage-ms=0/0 bind-ms=16/16240 param-ms=0/0 env-ms=0/1768 other-ms=0/0 tex-flush-ms=372/2394 select-ms=8/52360 mtexcoord-ms=28/244800 enable-ms=1/1836
177 pid=FFFDCDF7 paths batches/triangles untextured=88/176 hw=93025/874400 cpu=0/0 cpu-nonsquare=0/0 hw-refused=324/14117 two-units=82740/401341
178 pid=FFFDCDF7 counters hwtex live=54 creates=54 create-failed=0 evictions=0 uploads=16979 partial=16925 upload-kb=1866 squared=0 alpha-dropped=177 stubs=0 failed r4=324 r7=0 r8=0 other=0
179 pid=FFFDCDF7 time interval-ms=10026 swaps=68 present-ms=262 draw-ms=6403 upload-ms=428
180 pid=FFFDCDF7 tsc frames=68 wall-ms=10026 vertex-ms=432 flush-in-vertex-ms=1 flush-other-ms=6931 bind-ms=22 iface-ms=6403 beginend-ms=6804 swap-ms=263 vertices=317017 flushes=14581 draws=14612 sink-ms=6744 sink-prep-ms=147 sinks=44920
181 pid=FFFDCDF7 sink begin-ms=53 flush-ms=6555 copy-ms=28 prep-texture-ms=102 prep-state-ms=19 prep-same-ms=22
182 pid=FFFDCDF7 hwno hwtex-ms=476 iface-cpu-ms=0 not-cpu=0 square-side=0 too-big=0 format=0 no-object=0 no-record=0 table-full=0 unusable=0 backoff=0 make-failed=0 square-alloc=0 upload=0
183 pid=FFFDCDF7 prim transform-ms=61 inside-ms=54 window-ms=88 assemble-ms=152 history-ms=22 fast=109278 clipped=31400 culled=50109
184 pid=FFFDCDF7 entry texsub-ms=396/2464 teximage-ms=0/0 bind-ms=16/16240 param-ms=0/0 env-ms=0/1768 other-ms=0/0 tex-flush-ms=381/2446 select-ms=8/52360 mtexcoord-ms=28/244800 enable-ms=1/1836
185 pid=FFFDCDF7 paths batches/triangles untextured=88/176 hw=107575/998152 cpu=0/0 cpu-nonsquare=0/0 hw-refused=355/15225 two-units=95927/466009
186 pid=FFFDCDF7 counters hwtex live=54 creates=54 create-failed=0 evictions=0 uploads=19425 partial=19371 upload-kb=1866 squared=0 alpha-dropped=177 stubs=0 failed r4=355 r7=0 r8=0 other=0
187 pid=FFFDCDF7 time interval-ms=10000 swaps=67 present-ms=259 draw-ms=6446 upload-ms=384
188 pid=FFFDCDF7 tsc frames=67 wall-ms=10000 vertex-ms=434 flush-in-vertex-ms=2 flush-other-ms=6927 bind-ms=19 iface-ms=6446 beginend-ms=6836 swap-ms=260 vertices=317529 flushes=14609 draws=14651 sink-ms=6778 sink-prep-ms=149 sinks=44789
189 pid=FFFDCDF7 sink begin-ms=53 flush-ms=6587 copy-ms=28 prep-texture-ms=105 prep-state-ms=19 prep-same-ms=21
190 pid=FFFDCDF7 hwno hwtex-ms=433 iface-cpu-ms=0 not-cpu=0 square-side=0 too-big=0 format=0 no-object=0 no-record=0 table-full=0 unusable=0 backoff=0 make-failed=0 square-alloc=0 upload=0
191 pid=FFFDCDF7 prim transform-ms=61 inside-ms=54 window-ms=88 assemble-ms=152 history-ms=22 fast=109530 clipped=31218 culled=49875
192 pid=FFFDCDF7 entry texsub-ms=361/2491 teximage-ms=0/0 bind-ms=16/16228 param-ms=0/0 env-ms=0/1756 other-ms=0/0 tex-flush-ms=346/2479 select-ms=8/52345 mtexcoord-ms=28/244732 enable-ms=1/1819
193 pid=FFFDCDF7 paths batches/triangles untextured=88/176 hw=122142/1121496 cpu=0/0 cpu-nonsquare=0/0 hw-refused=397/16823 two-units=109139/530670
194 pid=FFFDCDF7 counters hwtex live=54 creates=54 create-failed=0 evictions=0 uploads=21904 partial=21850 upload-kb=1866 squared=0 alpha-dropped=177 stubs=0 failed r4=397 r7=0 r8=0 other=0
195 pid=FFFDCDF7 time interval-ms=10000 swaps=68 present-ms=263 draw-ms=6427 upload-ms=382
196 pid=FFFDCDF7 tsc frames=68 wall-ms=10000 vertex-ms=431 flush-in-vertex-ms=0 flush-other-ms=6910 bind-ms=21 iface-ms=6427 beginend-ms=6828 swap-ms=263 vertices=314435 flushes=14573 draws=14603 sink-ms=6767 sink-prep-ms=146 sinks=44698
197 pid=FFFDCDF7 sink begin-ms=53 flush-ms=6579 copy-ms=28 prep-texture-ms=103 prep-state-ms=19 prep-same-ms=21
198 pid=FFFDCDF7 hwno hwtex-ms=431 iface-cpu-ms=0 not-cpu=0 square-side=0 too-big=0 format=0 no-object=0 no-record=0 table-full=0 unusable=0 backoff=0 make-failed=0 square-alloc=0 upload=0
199 pid=FFFDCDF7 prim transform-ms=61 inside-ms=56 window-ms=87 assemble-ms=150 history-ms=22 fast=108677 clipped=31218 culled=49604
200 pid=FFFDCDF7 entry texsub-ms=350/2436 teximage-ms=0/0 bind-ms=16/16239 param-ms=0/0 env-ms=0/1762 other-ms=0/0 tex-flush-ms=335/2424 select-ms=9/52360 mtexcoord-ms=27/244800 enable-ms=1/1836
201 pid=FFFDCDF7 paths batches/triangles untextured=88/176 hw=136685/1244628 cpu=0/0 cpu-nonsquare=0/0 hw-refused=427/17820 two-units=122326/595338
202 pid=FFFDCDF7 counters hwtex live=54 creates=54 create-failed=0 evictions=0 uploads=24328 partial=24274 upload-kb=1866 squared=0 alpha-dropped=177 stubs=0 failed r4=427 r7=0 r8=0 other=0
203 pid=FFFDCDF7 state tex=1388 size=00800020 tex=01040101 blend=00050601 depth=00040101 colour=FFFFFFFF mask=7 scissor=0,0,640,480 fog=0 tex1=1037/00000000 env1=000000
204 pid=FFFDCDF7 time interval-ms=10000 swaps=66 present-ms=259 draw-ms=6371 upload-ms=397
205 pid=FFFDCDF7 tsc frames=66 wall-ms=10000 vertex-ms=476 flush-in-vertex-ms=0 flush-other-ms=6890 bind-ms=42 iface-ms=6371 beginend-ms=6837 swap-ms=260 vertices=353366 flushes=14748 draws=14788 sink-ms=6767 sink-prep-ms=162 sinks=54843
206 pid=FFFDCDF7 sink begin-ms=61 flush-ms=6557 copy-ms=30 prep-texture-ms=108 prep-state-ms=22 prep-same-ms=27
207 pid=FFFDCDF7 hwno hwtex-ms=446 iface-cpu-ms=0 not-cpu=0 square-side=0 too-big=0 format=0 no-object=0 no-record=0 table-full=0 unusable=0 backoff=0 make-failed=0 square-alloc=0 upload=0
208 pid=FFFDCDF7 prim transform-ms=70 inside-ms=61 window-ms=97 assemble-ms=162 history-ms=25 fast=128546 clipped=30633 culled=49187
209 pid=FFFDCDF7 entry texsub-ms=351/2544 teximage-ms=1/1 bind-ms=16/16019 param-ms=0/2 env-ms=0/1726 other-ms=0/0 tex-flush-ms=335/2533 select-ms=8/50820 mtexcoord-ms=27/237600 enable-ms=1/1782
210 pid=FFFDCDF7 paths batches/triangles untextured=88/176 hw=151393/1387377 cpu=0/0 cpu-nonsquare=0/0 hw-refused=467/19013 two-units=135300/658104
211 pid=FFFDCDF7 counters hwtex live=55 creates=55 create-failed=0 evictions=0 uploads=26861 partial=26806 upload-kb=1874 squared=0 alpha-dropped=199 stubs=0 failed r4=467 r7=0 r8=0 other=0
212 pid=FFFDCDF7 time interval-ms=10000 swaps=59 present-ms=239 draw-ms=5802 upload-ms=337
213 pid=FFFDCDF7 tsc frames=59 wall-ms=10000 vertex-ms=451 flush-in-vertex-ms=0 flush-other-ms=6497 bind-ms=269 iface-ms=5802 beginend-ms=6497 swap-ms=241 vertices=301854 flushes=12975 draws=12996 sink-ms=6429 sink-prep-ms=163 sinks=46116
214 pid=FFFDCDF7 sink begin-ms=59 flush-ms=6218 copy-ms=31 prep-texture-ms=112 prep-state-ms=20 prep-same-ms=25
215 pid=FFFDCDF7 hwno hwtex-ms=392 iface-cpu-ms=0 not-cpu=0 square-side=0 too-big=0 format=0 no-object=0 no-record=0 table-full=0 unusable=0 backoff=0 make-failed=0 square-alloc=0 upload=0
216 pid=FFFDCDF7 prim transform-ms=67 inside-ms=55 window-ms=89 assemble-ms=157 history-ms=22 fast=108393 clipped=27564 culled=42721
217 pid=FFFDCDF7 entry texsub-ms=300/2264 teximage-ms=0/0 bind-ms=17/14200 param-ms=0/0 env-ms=0/1516 other-ms=0/0 tex-flush-ms=283/2258 select-ms=9/45083 mtexcoord-ms=28/210836 enable-ms=0/1583
218 pid=FFFDCDF7 paths batches/triangles untextured=88/176 hw=164347/1508754 cpu=0/0 cpu-nonsquare=0/0 hw-refused=488/19593 two-units=146807/713764
219 pid=FFFDCDF7 counters hwtex live=55 creates=55 create-failed=0 evictions=0 uploads=29119 partial=29064 upload-kb=1874 squared=0 alpha-dropped=214 stubs=0 failed r4=488 r7=0 r8=0 other=0
220 pid=FFFDCDF7 state tex=1181 size=00400040 tex=01010101 blend=00050600 depth=01040102 colour=FFFFFFFF mask=7 scissor=0,0,640,480 fog=0 tex1=1030/01010200 env1=000000
221 pid=FFFDCDF7 time interval-ms=10018 swaps=72 present-ms=290 draw-ms=6454 upload-ms=314
222 pid=FFFDCDF7 tsc frames=72 wall-ms=10018 vertex-ms=388 flush-in-vertex-ms=0 flush-other-ms=6870 bind-ms=39 iface-ms=6454 beginend-ms=6829 swap-ms=291 vertices=275356 flushes=10314 draws=10314 sink-ms=6774 sink-prep-ms=120 sinks=39589
223 pid=FFFDCDF7 sink begin-ms=48 flush-ms=6610 copy-ms=30 prep-texture-ms=81 prep-state-ms=18 prep-same-ms=19
224 pid=FFFDCDF7 hwno hwtex-ms=352 iface-cpu-ms=0 not-cpu=0 square-side=0 too-big=0 format=0 no-object=0 no-record=0 table-full=0 unusable=0 backoff=0 make-failed=0 square-alloc=0 upload=0
225 pid=FFFDCDF7 prim transform-ms=57 inside-ms=47 window-ms=74 assemble-ms=141 history-ms=20 fast=89632 clipped=36759 culled=34997
226 pid=FFFDCDF7 entry texsub-ms=247/1723 teximage-ms=0/0 bind-ms=12/12711 param-ms=0/0 env-ms=0/1404 other-ms=0/0 tex-flush-ms=236/1678 select-ms=7/38508 mtexcoord-ms=23/181820 enable-ms=0/1766
227 pid=FFFDCDF7 paths batches/triangles untextured=88/176 hw=174661/1613091 cpu=0/0 cpu-nonsquare=0/0 hw-refused=488/19593 two-units=155876/758890
228 pid=FFFDCDF7 counters hwtex live=61 creates=61 create-failed=0 evictions=0 uploads=30788 partial=30727 upload-kb=1958 squared=0 alpha-dropped=233 stubs=0 failed r4=488 r7=0 r8=0 other=0
229 pid=FFFDCDF7 time interval-ms=10010 swaps=74 present-ms=297 draw-ms=6805 upload-ms=297
230 pid=FFFDCDF7 tsc frames=74 wall-ms=10010 vertex-ms=197 flush-in-vertex-ms=0 flush-other-ms=7149 bind-ms=15 iface-ms=6805 beginend-ms=6957 swap-ms=298 vertices=129908 flushes=5594 draws=5594 sink-ms=6934 sink-prep-ms=47 sinks=12174
231 pid=FFFDCDF7 sink begin-ms=21 flush-ms=6873 copy-ms=10 prep-texture-ms=34 prep-state-ms=5 prep-same-ms=6
232 pid=FFFDCDF7 hwno hwtex-ms=317 iface-cpu-ms=0 not-cpu=0 square-side=0 too-big=0 format=0 no-object=0 no-record=0 table-full=0 unusable=0 backoff=0 make-failed=0 square-alloc=0 upload=0
233 pid=FFFDCDF7 prim transform-ms=25 inside-ms=21 window-ms=22 assemble-ms=97 history-ms=9 fast=24388 clipped=44932 culled=7468
234 pid=FFFDCDF7 entry texsub-ms=160/979 teximage-ms=0/0 bind-ms=8/9014 param-ms=0/0 env-ms=0/792 other-ms=0/0 tex-flush-ms=154/944 select-ms=4/27658 mtexcoord-ms=15/134612 enable-ms=0/1632
235 pid=FFFDCDF7 paths batches/triangles untextured=88/176 hw=180255/1650510 cpu=0/0 cpu-nonsquare=0/0 hw-refused=488/19593 two-units=161258/788088
236 pid=FFFDCDF7 counters hwtex live=67 creates=67 create-failed=0 evictions=0 uploads=31732 partial=31665 upload-kb=2152 squared=0 alpha-dropped=233 stubs=0 failed r4=488 r7=0 r8=0 other=0
237 pid=FFFDCDF7 DrvReleaseContext context=1 -> 1
238 pid=FFFDCDF7 paths batches/triangles untextured=88/176 hw=181572/1680601 cpu=0/0 cpu-nonsquare=0/0 hw-refused=488/19593 two-units=162118/794581
239 pid=FFFDCDF7 counters hwtex live=0 creates=67 create-failed=0 evictions=0 uploads=31732 partial=31665 upload-kb=2152 squared=0 alpha-dropped=257 stubs=0 failed r4=488 r7=0 r8=0 other=0
240 pid=FFFDCDF7 DrvDeleteContext context=1 -> 1
241 pid=FFFDCDF7 detach slots-called=0 stub-calls=0
