FILE: "C:\ATI\SUPPORT\w82474en\WIN98_95.TXT"
FILE: "C:\ATI\SUPPORT\w82474en\README.TXT"
FILE: "C:\ATI\SUPPORT\w82474en\ATID3DR3.DL_"
FILE: "C:\ATI\SUPPORT\w82474en\ATIBT829.SY_"
FILE: "C:\ATI\SUPPORT\w82474en\ATICWD32.EX_"
FILE: "C:\ATI\SUPPORT\w82474en\ATID3D.DL_"
FILE: "C:\ATI\SUPPORT\w82474en\ATI3DCIF.DL_"
FILE: "C:\ATI\SUPPORT\w82474en\ATIDGN32.EX_"
FILE: "C:\ATI\SUPPORT\w82474en\ATIDIAG.DL_"
FILE: "C:\ATI\SUPPORT\w82474en\ATIDIL.DL_"
FILE: "C:\ATI\SUPPORT\w82474en\ATIDPLX.DL_"
FILE: "C:\ATI\SUPPORT\w82474en\ATILCD.DL_"
FILE: "C:\ATI\SUPPORT\w82474en\ATITB.DL_"
FILE: "C:\ATI\SUPPORT\w82474en\ATITBDET.EX_"
FILE: "C:\ATI\SUPPORT\w82474en\ATITBDRV.SY_"
FILE: "C:\ATI\SUPPORT\w82474en\ATITUNEP.IN_"
FILE: "C:\ATI\SUPPORT\w82474en\ATITUNEP.SY_"
FILE: "C:\ATI\SUPPORT\w82474en\ATITVO32.DL_"
FILE: "C:\ATI\SUPPORT\w82474en\ATITVOUT.DL_"
FILE: "C:\ATI\SUPPORT\w82474en\ATITVSND.IN_"
FILE: "C:\ATI\SUPPORT\w82474en\ATITVSND.SY_"
FILE: "C:\ATI\SUPPORT\w82474en\ATITVT16.DL_"
FILE: "C:\ATI\SUPPORT\w82474en\ATITVT32.DL_"
FILE: "C:\ATI\SUPPORT\w82474en\ATIVPE32.DL_"
FILE: "C:\ATI\SUPPORT\w82474en\ATIVPM16.DL_"
FILE: "C:\ATI\SUPPORT\w82474en\ATIVPM32.DL_"
FILE: "C:\ATI\SUPPORT\w82474en\ATIVTVPM.DL_"
FILE: "C:\ATI\SUPPORT\w82474en\ATIXBAR.IN_"
FILE: "C:\ATI\SUPPORT\w82474en\ATIXBAR.SY_"
FILE: "C:\ATI\SUPPORT\w82474en\BT829.IN_"
FILE: "C:\ATI\SUPPORT\w82474en\D11_STD.TX_"
FILE: "C:\ATI\SUPPORT\w82474en\MACXDD16.DL_"
FILE: "C:\ATI\SUPPORT\w82474en\MACXDD32.DL_"
FILE: "C:\ATI\SUPPORT\w82474en\macxw4.inf"
FILE: "C:\ATI\SUPPORT\w82474en\MACXW4.VX_"
FILE: "C:\ATI\SUPPORT\w82474en\SMALL.M2_"
FILE: "C:\ATI\SUPPORT\w82474en\ati98def.hlp"
FILE: "C:\ATI\SUPPORT\w82474en\ati95def.cnt"
FILE: "C:\ATI\SUPPORT\w82474en\ati95def.hlp"
FILE: "C:\ATI\SUPPORT\w82474en\ati98def.cnt"
FILE: "C:\ATI\SUPPORT\w82474en\ATI64HLP.EX_"
FILE: "C:\ATI\SUPPORT\w82474en\ATICTL32.DL_"
FILE: "C:\ATI\SUPPORT\w82474en\ATICWDDE.DL_"
FILE: "C:\ATI\SUPPORT\w82474en\ATIDEV.DL_"
FILE: "C:\ATI\SUPPORT\w82474en\ATIDGDEF.RS_"
FILE: "C:\ATI\SUPPORT\w82474en\ATIDIDEF.RS_"
FILE: "C:\ATI\SUPPORT\w82474en\ATIDPDEF.RS_"
FILE: "C:\ATI\SUPPORT\w82474en\ATIDPP.DL_"
FILE: "C:\ATI\SUPPORT\w82474en\atidvdef.rs_"
FILE: "C:\ATI\SUPPORT\w82474en\ATIDVENU.RS_"
FILE: "C:\ATI\SUPPORT\w82474en\ATIHT.DL_"
FILE: "C:\ATI\SUPPORT\w82474en\ATIPITA.DL_"
FILE: "C:\ATI\SUPPORT\w82474en\ATIPR.EX_"
FILE: "C:\ATI\SUPPORT\w82474en\ATIPRDEF.RS_"
FILE: "C:\ATI\SUPPORT\w82474en\ATIPXDEF.RS_"
FILE: "C:\ATI\SUPPORT\w82474en\ATITADEF.RS_"
FILE: "C:\ATI\SUPPORT\w82474en\ATITASK.EX_"
FILE: "C:\ATI\SUPPORT\w82474en\ATITBDEF.RS_"
FILE: "C:\ATI\SUPPORT\w82474en\ATITVDEF.RS_"
FILE: "C:\ATI\SUPPORT\w82474en\ATIUINST.EX_"
FILE: "C:\ATI\SUPPORT\w82474en\ATIUNDEF.RS_"
FILE: "C:\ATI\SUPPORT\w82474en\bios16.exe"
FILE: "C:\ATI\SUPPORT\w82474en\drvsetup.exe"
FILE: "C:\ATI\SUPPORT\w82474en\license.txt"
FILE: "C:\ATI\SUPPORT\w82474en\readme.w95"
FILE: "C:\ATI\SUPPORT\w82474en\SETUP.EXE"
FILE: "C:\ATI\SUPPORT\w82474en\setupdef.rsc"
FILE: "C:\ATI\SUPPORT\w82474en\ATIMPPIF.DL_"
FILE: "C:\ATI\SUPPORT\w82474en\ATIMPP16.DL_"
FILE: "C:\ATI\SUPPORT\w82474en\ATIHAL64.DL_"
FILE: "C:\ATI\SUPPORT\w82474en\ATIVMPPD.VX_"
FILE: "C:\ATI\SUPPORT\w82474en\ATOGLRP9.DL_"
FILE: "C:\ATI\SUPPORT\w82474en\MACXW4.DR_"
FILE: "C:\ATI\SUPPORT\w82474en\VGARTD.VXD"
File: "C:\ATI\SUPPORT\w82474en\unstall.exe"
Shortcut:"C:\WINDOWS\Start Menu\Programs\ATI Driver Files-w82474en\"
WinItem: "ATI Driver Files-w82474en"
SHORTCUT:"C:\WINDOWS\Start Menu\Programs\ATI Driver Files-w82474en\Setup-w82474en.lnk"
SHORTCUT:"C:\WINDOWS\Start Menu\Programs\ATI Driver Files-w82474en\Download Readme-w82474en.lnk"
SHORTCUT:"C:\WINDOWS\Start Menu\Programs\ATI Driver Files-w82474en\Win98 vs Win95 Readme-w82474en.lnk"
SHORTCUT:"C:\WINDOWS\Start Menu\Programs\ATI Driver Files-w82474en\ATI Driver Readme-w82474en.lnk"
SHORTCUT:"C:\WINDOWS\Start Menu\Programs\ATI Driver Files-w82474en\UnInstall.lnk"
