1 pid=FFFECE3F attach instance=005C0000 build-marker=1
2 pid=FFFECE3F DrvValidateVersion version=1
3 pid=FFFECE3F DrvSetCallbackProcs count=3 procs=78B23978
4 pid=FFFECE3F DrvDescribePixelFormat index=1 bytes=0 pfd=00000000
5 pid=FFFECE3F DrvDescribePixelFormat index=1 bytes=0 pfd=00000000
6 pid=FFFECE3F DrvDescribePixelFormat index=1 bytes=40 pfd=0054FDEC
7 pid=FFFECE3F DrvDescribePixelFormat index=1 bytes=0 pfd=00000000
8 pid=FFFECE3F DrvDescribePixelFormat index=1 bytes=0 pfd=00000000
9 pid=FFFECE3F DrvDescribePixelFormat index=1 bytes=0 pfd=00000000
10 pid=FFFECE3F DrvDescribePixelFormat index=1 bytes=0 pfd=00000000
11 pid=FFFECE3F DrvDescribePixelFormat index=1 bytes=0 pfd=00000000
12 pid=FFFECE3F DrvDescribePixelFormat index=1 bytes=0 pfd=00000000
13 pid=FFFECE3F DrvDescribePixelFormat index=1 bytes=0 pfd=00000000
14 pid=FFFECE3F DrvDescribePixelFormat index=1 bytes=0 pfd=00000000
15 pid=FFFECE3F DrvDescribePixelFormat index=1 bytes=0 pfd=00000000
16 pid=FFFECE3F DrvDescribePixelFormat index=1 bytes=0 pfd=00000000
17 pid=FFFECE3F DrvDescribePixelFormat index=1 bytes=0 pfd=00000000
18 pid=FFFECE3F DrvDescribePixelFormat index=1 bytes=0 pfd=00000000
19 pid=FFFECE3F DrvDescribePixelFormat index=1 bytes=0 pfd=00000000
20 pid=FFFECE3F DrvDescribePixelFormat index=1 bytes=0 pfd=00000000
21 pid=FFFECE3F DrvDescribePixelFormat index=1 bytes=0 pfd=00000000
22 pid=FFFECE3F DrvDescribePixelFormat index=1 bytes=0 pfd=00000000
23 pid=FFFECE3F DrvDescribePixelFormat index=1 bytes=0 pfd=00000000
24 pid=FFFECE3F DrvDescribePixelFormat index=1 bytes=0 pfd=00000000
25 pid=FFFECE3F DrvDescribePixelFormat index=1 bytes=0 pfd=00000000
26 pid=FFFECE3F DrvDescribePixelFormat index=1 bytes=0 pfd=00000000
27 pid=FFFECE3F DrvDescribePixelFormat index=1 bytes=0 pfd=00000000
28 pid=FFFECE3F DrvDescribePixelFormat index=1 bytes=0 pfd=00000000
29 pid=FFFECE3F DrvDescribePixelFormat index=1 bytes=0 pfd=00000000
30 pid=FFFECE3F DrvDescribePixelFormat index=1 bytes=0 pfd=00000000
31 pid=FFFECE3F DrvDescribePixelFormat index=1 bytes=0 pfd=00000000
32 pid=FFFECE3F DrvDescribePixelFormat index=1 bytes=40 pfd=0054FD74
33 pid=FFFECE3F DrvDescribePixelFormat index=1 bytes=0 pfd=00000000
34 pid=FFFECE3F DrvDescribePixelFormat index=1 bytes=0 pfd=00000000
35 pid=FFFECE3F DrvDescribePixelFormat index=1 bytes=0 pfd=00000000
36 pid=FFFECE3F DrvDescribePixelFormat index=1 bytes=0 pfd=00000000
37 pid=FFFECE3F DrvDescribePixelFormat index=1 bytes=0 pfd=00000000
38 pid=FFFECE3F DrvDescribePixelFormat index=1 bytes=0 pfd=00000000
39 pid=FFFECE3F DrvDescribePixelFormat index=1 bytes=0 pfd=00000000
40 pid=FFFECE3F DrvDescribePixelFormat index=1 bytes=0 pfd=00000000
41 pid=FFFECE3F DrvDescribePixelFormat index=1 bytes=0 pfd=00000000
42 pid=FFFECE3F DrvDescribePixelFormat index=1 bytes=0 pfd=00000000
43 pid=FFFECE3F DrvDescribePixelFormat index=1 bytes=0 pfd=00000000
44 pid=FFFECE3F DrvDescribePixelFormat index=1 bytes=0 pfd=00000000
45 pid=FFFECE3F DrvDescribePixelFormat index=1 bytes=0 pfd=00000000
46 pid=FFFECE3F DrvDescribePixelFormat index=1 bytes=0 pfd=00000000
47 pid=FFFECE3F DrvDescribePixelFormat index=1 bytes=0 pfd=00000000
48 pid=FFFECE3F DrvDescribePixelFormat index=1 bytes=0 pfd=00000000
49 pid=FFFECE3F DrvDescribePixelFormat index=1 bytes=0 pfd=00000000
50 pid=FFFECE3F DrvDescribePixelFormat index=1 bytes=0 pfd=00000000
51 pid=FFFECE3F DrvDescribePixelFormat index=1 bytes=0 pfd=00000000
52 pid=FFFECE3F DrvDescribePixelFormat index=1 bytes=0 pfd=00000000
53 pid=FFFECE3F DrvDescribePixelFormat index=1 bytes=0 pfd=00000000
54 pid=FFFECE3F DrvDescribePixelFormat index=1 bytes=0 pfd=00000000
55 pid=FFFECE3F DrvDescribePixelFormat index=1 bytes=0 pfd=00000000
56 pid=FFFECE3F DrvDescribePixelFormat index=1 bytes=0 pfd=00000000
57 pid=FFFECE3F DrvDescribePixelFormat index=1 bytes=0 pfd=00000000
58 pid=FFFECE3F DrvDescribePixelFormat index=1 bytes=40 pfd=0054FDEC
59 pid=FFFECE3F DrvDescribePixelFormat index=1 bytes=0 pfd=00000000
60 pid=FFFECE3F DrvSetPixelFormat hdc=00000776 index=1
61 pid=FFFECE3F DrvDescribePixelFormat index=1 bytes=0 pfd=00000000
62 pid=FFFECE3F DrvDescribePixelFormat index=1 bytes=40 pfd=0054FD78
63 pid=FFFECE3F DrvCreateLayerContext hdc=00000776 layer=0 -> 1
64 pid=FFFECE3F DrvSetContext hdc=00000776 context=1 setproc=78AB0544
65 pid=FFFECE3F glGetString name=0x1F00
66 pid=FFFECE3F glGetString name=0x1F01
67 pid=FFFECE3F glGetString name=0x1F02
68 pid=FFFECE3F glGetString name=0x1F03
69 pid=FFFECE3F stub first-call slot=206 glClearColor
70 pid=FFFECE3F stub first-call slot=203 glClear
71 pid=FFFECE3F stub first-call slot=216 glFinish
72 pid=FFFECE3F DrvSwapBuffers hdc=00000776
73 pid=FFFECE3F stub first-call slot=217 glFlush
74 pid=FFFECE3F DrvReleaseContext context=1
75 pid=FFFECE3F DrvDeleteContext context=1
76 pid=FFFECE3F detach slots-called=4 stub-calls=4
