1 pid=FFFDC9A7 attach instance=005C0000 tls=2 build-marker=1
2 pid=FFFDC9A7 DrvValidateVersion version=1
3 pid=FFFDC9A7 DrvSetCallbackProcs count=3 procs=78B23978
4 pid=FFFDC9A7 describe result=0 engine=1 formats=00000002
5 pid=FFFDC9A7 DrvDescribePixelFormat index=1 bytes=0 -> count=1
6 pid=FFFDC9A7 DrvDescribePixelFormat index=1 bytes=0 -> count=1
7 pid=FFFDC9A7 DrvDescribePixelFormat index=1 bytes=40 -> count=1
8 pid=FFFDC9A7 DrvDescribePixelFormat index=1 bytes=0 -> count=1
9 pid=FFFDC9A7 DrvDescribePixelFormat index=1 bytes=0 -> count=1
10 pid=FFFDC9A7 DrvDescribePixelFormat index=1 bytes=0 -> count=1
11 pid=FFFDC9A7 DrvDescribePixelFormat index=1 bytes=0 -> count=1
12 pid=FFFDC9A7 DrvDescribePixelFormat index=1 bytes=0 -> count=1
13 pid=FFFDC9A7 DrvDescribePixelFormat index=1 bytes=0 -> count=1
14 pid=FFFDC9A7 DrvDescribePixelFormat index=1 bytes=0 -> count=1
15 pid=FFFDC9A7 DrvDescribePixelFormat index=1 bytes=0 -> count=1
16 pid=FFFDC9A7 DrvDescribePixelFormat index=1 bytes=0 -> count=1
17 pid=FFFDC9A7 DrvDescribePixelFormat index=1 bytes=0 -> count=1
18 pid=FFFDC9A7 DrvDescribePixelFormat index=1 bytes=0 -> count=1
19 pid=FFFDC9A7 DrvDescribePixelFormat index=1 bytes=0 -> count=1
20 pid=FFFDC9A7 DrvDescribePixelFormat index=1 bytes=0 -> count=1
21 pid=FFFDC9A7 DrvDescribePixelFormat index=1 bytes=0 -> count=1
22 pid=FFFDC9A7 DrvDescribePixelFormat index=1 bytes=0 -> count=1
23 pid=FFFDC9A7 DrvDescribePixelFormat index=1 bytes=0 -> count=1
24 pid=FFFDC9A7 DrvDescribePixelFormat index=1 bytes=0 -> count=1
25 pid=FFFDC9A7 DrvDescribePixelFormat index=1 bytes=0 -> count=1
26 pid=FFFDC9A7 DrvDescribePixelFormat index=1 bytes=0 -> count=1
27 pid=FFFDC9A7 DrvDescribePixelFormat index=1 bytes=0 -> count=1
28 pid=FFFDC9A7 DrvDescribePixelFormat index=1 bytes=0 -> count=1
29 pid=FFFDC9A7 DrvDescribePixelFormat index=1 bytes=0 -> count=1
30 pid=FFFDC9A7 DrvDescribePixelFormat index=1 bytes=0 -> count=1
31 pid=FFFDC9A7 DrvDescribePixelFormat index=1 bytes=0 -> count=1
32 pid=FFFDC9A7 DrvDescribePixelFormat index=1 bytes=0 -> count=1
33 pid=FFFDC9A7 DrvDescribePixelFormat index=1 bytes=40 -> count=1
34 pid=FFFDC9A7 DrvDescribePixelFormat index=1 bytes=0 -> count=1
35 pid=FFFDC9A7 DrvDescribePixelFormat index=1 bytes=0 -> count=1
36 pid=FFFDC9A7 DrvDescribePixelFormat index=1 bytes=0 -> count=1
37 pid=FFFDC9A7 DrvDescribePixelFormat index=1 bytes=0 -> count=1
38 pid=FFFDC9A7 DrvDescribePixelFormat index=1 bytes=0 -> count=1
39 pid=FFFDC9A7 DrvDescribePixelFormat index=1 bytes=0 -> count=1
40 pid=FFFDC9A7 DrvDescribePixelFormat index=1 bytes=0 -> count=1
41 pid=FFFDC9A7 DrvDescribePixelFormat index=1 bytes=0 -> count=1
42 pid=FFFDC9A7 DrvDescribePixelFormat index=1 bytes=0 -> count=1
43 pid=FFFDC9A7 DrvDescribePixelFormat index=1 bytes=0 -> count=1
44 pid=FFFDC9A7 DrvDescribePixelFormat index=1 bytes=0 -> count=1
45 pid=FFFDC9A7 DrvDescribePixelFormat index=1 bytes=0 -> count=1
46 pid=FFFDC9A7 DrvDescribePixelFormat index=1 bytes=0 -> count=1
47 pid=FFFDC9A7 DrvDescribePixelFormat index=1 bytes=0 -> count=1
48 pid=FFFDC9A7 DrvDescribePixelFormat index=1 bytes=0 -> count=1
49 pid=FFFDC9A7 DrvDescribePixelFormat index=1 bytes=0 -> count=1
50 pid=FFFDC9A7 DrvDescribePixelFormat index=1 bytes=0 -> count=1
51 pid=FFFDC9A7 DrvDescribePixelFormat index=1 bytes=0 -> count=1
52 pid=FFFDC9A7 DrvDescribePixelFormat index=1 bytes=0 -> count=1
53 pid=FFFDC9A7 DrvDescribePixelFormat index=1 bytes=0 -> count=1
54 pid=FFFDC9A7 DrvDescribePixelFormat index=1 bytes=0 -> count=1
55 pid=FFFDC9A7 DrvDescribePixelFormat index=1 bytes=0 -> count=1
56 pid=FFFDC9A7 DrvDescribePixelFormat index=1 bytes=0 -> count=1
57 pid=FFFDC9A7 DrvDescribePixelFormat index=1 bytes=0 -> count=1
58 pid=FFFDC9A7 DrvDescribePixelFormat index=1 bytes=0 -> count=1
59 pid=FFFDC9A7 DrvDescribePixelFormat index=1 bytes=40 -> count=1
60 pid=FFFDC9A7 DrvDescribePixelFormat index=1 bytes=0 -> count=1
61 pid=FFFDC9A7 DrvSetPixelFormat hdc=0000077E index=1
62 pid=FFFDC9A7 DrvDescribePixelFormat index=1 bytes=0 -> count=1
63 pid=FFFDC9A7 DrvDescribePixelFormat index=1 bytes=40 -> count=1
64 pid=FFFDC9A7 DrvCreateLayerContext hdc=0000077E layer=0 -> 1
65 pid=FFFDC9A7 drawable window=0000018C 400x300
66 pid=FFFDC9A7 DrvSetContext hdc=0000077E context=1 -> 1
67 pid=FFFDC9A7 stub first-call slot=7 glBegin
68 pid=FFFDC9A7 DrvReleaseContext context=1 -> 1
69 pid=FFFDC9A7 DrvDeleteContext context=1 -> 1
70 pid=FFFDC9A7 detach slots-called=1 stub-calls=1
